Archive member included to satisfy reference by file (symbol)

.\CortexM3\ARM_GCC_541\Debug\Interface1.a(UART_1.o)
                              .\CortexM3\ARM_GCC_541\Debug\main.o (UART_1_Start)
.\CortexM3\ARM_GCC_541\Debug\Interface1.a(UART_1_IntClock.o)
                              .\CortexM3\ARM_GCC_541\Debug\Interface1.a(UART_1.o) (UART_1_IntClock_Start)
.\CortexM3\ARM_GCC_541\Debug\Interface1.a(CyLib.o)
                              .\CortexM3\ARM_GCC_541\Debug\Cm3Start.o (CyHalt)
.\CortexM3\ARM_GCC_541\Debug\Interface1.a(cyPm.o)
                              .\CortexM3\ARM_GCC_541\Debug\Interface1.a(CyLib.o) (CyPmReadStatus)
.\CortexM3\ARM_GCC_541\Debug\Interface1.a(ADC_SAR_1.o)
                              .\CortexM3\ARM_GCC_541\Debug\main.o (ADC_SAR_1_Start)
.\CortexM3\ARM_GCC_541\Debug\Interface1.a(ADC_SAR_1_INT.o)
                              .\CortexM3\ARM_GCC_541\Debug\Interface1.a(ADC_SAR_1.o) (ADC_SAR_1_ISR)
.\CortexM3\ARM_GCC_541\Debug\Interface1.a(ADC_SAR_1_theACLK.o)
                              .\CortexM3\ARM_GCC_541\Debug\Interface1.a(ADC_SAR_1.o) (ADC_SAR_1_theACLK_SetModeRegister)
.\CortexM3\ARM_GCC_541\Debug\Interface1.a(Timer_1.o)
                              .\CortexM3\ARM_GCC_541\Debug\main.o (Timer_1_Start)
.\CortexM3\ARM_GCC_541\Debug\Interface1.a(I2C_1.o)
                              .\CortexM3\ARM_GCC_541\Debug\main.o (I2C_1_Start)
.\CortexM3\ARM_GCC_541\Debug\Interface1.a(I2C_1_INT.o)
                              .\CortexM3\ARM_GCC_541\Debug\Interface1.a(I2C_1.o) (I2C_1_ISR)
.\CortexM3\ARM_GCC_541\Debug\Interface1.a(I2C_1_PM.o)
                              .\CortexM3\ARM_GCC_541\Debug\Interface1.a(I2C_1.o) (I2C_1_backup)
.\CortexM3\ARM_GCC_541\Debug\Interface1.a(I2C_1_MASTER.o)
                              .\CortexM3\ARM_GCC_541\Debug\main.o (I2C_1_MasterWriteBuf)
.\CortexM3\ARM_GCC_541\Debug\Interface1.a(Counter_1.o)
                              .\CortexM3\ARM_GCC_541\Debug\main.o (Counter_1_WriteCounter)
.\CortexM3\ARM_GCC_541\Debug\Interface1.a(CyBootAsmGnu.o)
                              .\CortexM3\ARM_GCC_541\Debug\cyfitter_cfg.o (CyDelayCycles)
.\CortexM3\ARM_GCC_541\Debug\Interface1.a(CyFlash.o)
                              .\CortexM3\ARM_GCC_541\Debug\Interface1.a(cyPm.o) (CyFlash_SetWaitCycles)
.\CortexM3\ARM_GCC_541\Debug\Interface1.a(CySpc.o)
                              .\CortexM3\ARM_GCC_541\Debug\Interface1.a(CyFlash.o) (CySpcStart)
f:/psoc creator/4.4/psoc creator/import/gnu/arm/5.4.1/bin/../lib/gcc/arm-none-eabi/5.4.1/armv7-m\libgcc.a(_arm_addsubdf3.o)
                              .\CortexM3\ARM_GCC_541\Debug\main.o (__aeabi_ui2d)
f:/psoc creator/4.4/psoc creator/import/gnu/arm/5.4.1/bin/../lib/gcc/arm-none-eabi/5.4.1/armv7-m\libgcc.a(_arm_muldivdf3.o)
                              .\CortexM3\ARM_GCC_541\Debug\main.o (__aeabi_dmul)
f:/psoc creator/4.4/psoc creator/import/gnu/arm/5.4.1/bin/../lib/gcc/arm-none-eabi/5.4.1/armv7-m\libgcc.a(_arm_fixdfsi.o)
                              .\CortexM3\ARM_GCC_541\Debug\main.o (__aeabi_d2iz)
f:/psoc creator/4.4/psoc creator/import/gnu/arm/5.4.1/bin/../lib/gcc/arm-none-eabi/5.4.1/armv7-m\libgcc.a(_arm_addsubsf3.o)
                              .\CortexM3\ARM_GCC_541\Debug\Interface1.a(ADC_SAR_1.o) (__aeabi_i2f)
f:/psoc creator/4.4/psoc creator/import/gnu/arm/5.4.1/bin/../lib/gcc/arm-none-eabi/5.4.1/armv7-m\libgcc.a(_arm_muldivsf3.o)
                              .\CortexM3\ARM_GCC_541\Debug\Interface1.a(ADC_SAR_1.o) (__aeabi_fmul)
f:/psoc creator/4.4/psoc creator/import/gnu/arm/5.4.1/bin/../lib/gcc/arm-none-eabi/5.4.1/armv7-m\libgcc.a(_arm_fixsfsi.o)
                              .\CortexM3\ARM_GCC_541\Debug\main.o (__aeabi_f2iz)
f:/psoc creator/4.4/psoc creator/import/gnu/arm/5.4.1/bin/../lib/gcc/arm-none-eabi/5.4.1/armv7-m\libgcc.a(_aeabi_ldivmod.o)
                              .\CortexM3\ARM_GCC_541\Debug\Interface1.a(ADC_SAR_1.o) (__aeabi_ldivmod)
f:/psoc creator/4.4/psoc creator/import/gnu/arm/5.4.1/bin/../lib/gcc/arm-none-eabi/5.4.1/armv7-m\libgcc.a(_udivmoddi4.o)
                              f:/psoc creator/4.4/psoc creator/import/gnu/arm/5.4.1/bin/../lib/gcc/arm-none-eabi/5.4.1/armv7-m\libgcc.a(_aeabi_ldivmod.o) (__udivmoddi4)
f:/psoc creator/4.4/psoc creator/import/gnu/arm/5.4.1/bin/../lib/gcc/arm-none-eabi/5.4.1/armv7-m\libgcc.a(_dvmd_tls.o)
                              f:/psoc creator/4.4/psoc creator/import/gnu/arm/5.4.1/bin/../lib/gcc/arm-none-eabi/5.4.1/armv7-m\libgcc.a(_aeabi_ldivmod.o) (__aeabi_ldiv0)
f:/psoc creator/4.4/psoc creator/import/gnu/arm/5.4.1/bin/../lib/gcc/arm-none-eabi/5.4.1/../../../../arm-none-eabi/lib/armv7-m\libg.a(lib_a-errno.o)
                              .\CortexM3\ARM_GCC_541\Debug\Cm3Start.o (__errno)
f:/psoc creator/4.4/psoc creator/import/gnu/arm/5.4.1/bin/../lib/gcc/arm-none-eabi/5.4.1/../../../../arm-none-eabi/lib/armv7-m\libg.a(lib_a-exit.o)
[...]
Memory Configuration

Name             Origin             Length             Attributes
rom              0x00000000         0x00040000         xr
ram              0x1fff8000         0x00010000         xrw
*default*        0x00000000         0xffffffff

Linker script and memory map

LOAD f:/psoc creator/4.4/psoc creator/import/gnu/arm/5.4.1/bin/../lib/gcc/arm-none-eabi/5.4.1/armv7-m/crti.o
LOAD f:/psoc creator/4.4/psoc creator/import/gnu/arm/5.4.1/bin/../lib/gcc/arm-none-eabi/5.4.1/armv7-m/crtbegin.o
LOAD f:/psoc creator/4.4/psoc creator/import/gnu/arm/5.4.1/bin/../lib/gcc/arm-none-eabi/5.4.1/../../../../arm-none-eabi/lib/armv7-m/crt0.o
START GROUP
LOAD .\CortexM3\ARM_GCC_541\Debug\main.o
LOAD .\CortexM3\ARM_GCC_541\Debug\cyfitter_cfg.o
LOAD .\CortexM3\ARM_GCC_541\Debug\cymetadata.o
LOAD .\CortexM3\ARM_GCC_541\Debug\Cm3Start.o
LOAD .\CortexM3\ARM_GCC_541\Debug\Interface1.a
LOAD F:\PSoC Creator\4.4\PSoC Creator\psoc\content\cycomponentlibrary\CyComponentLibrary.cylib\CortexM3\ARM_GCC_541\Debug\CyComponentLibrary.a
END GROUP
START GROUP
LOAD f:/psoc creator/4.4/psoc creator/import/gnu/arm/5.4.1/bin/../lib/gcc/arm-none-eabi/5.4.1/armv7-m\libgcc.a
LOAD f:/psoc creator/4.4/psoc creator/import/gnu/arm/5.4.1/bin/../lib/gcc/arm-none-eabi/5.4.1/../../../../arm-none-eabi/lib/armv7-m\libg.a
LOAD f:/psoc creator/4.4/psoc creator/import/gnu/arm/5.4.1/bin/../lib/gcc/arm-none-eabi/5.4.1/../../../../arm-none-eabi/lib/armv7-m\libc.a
END GROUP
LOAD f:/psoc creator/4.4/psoc creator/import/gnu/arm/5.4.1/bin/../lib/gcc/arm-none-eabi/5.4.1/armv7-m/crtend.o
LOAD f:/psoc creator/4.4/psoc creator/import/gnu/arm/5.4.1/bin/../lib/gcc/arm-none-eabi/5.4.1/armv7-m/crtn.o
START GROUP
LOAD f:/psoc creator/4.4/psoc creator/import/gnu/arm/5.4.1/bin/../lib/gcc/arm-none-eabi/5.4.1/armv7-m\libgcc.a
LOAD f:/psoc creator/4.4/psoc creator/import/gnu/arm/5.4.1/bin/../lib/gcc/arm-none-eabi/5.4.1/../../../../arm-none-eabi/lib/armv7-m\libc.a
LOAD f:/psoc creator/4.4/psoc creator/import/gnu/arm/5.4.1/bin/../lib/gcc/arm-none-eabi/5.4.1/../../../../arm-none-eabi/lib/armv7-m\libnosys.a
END GROUP
                0x00000000                CY_APPL_ORIGIN = 0x0
                0x00000100                CY_FLASH_ROW_SIZE = 0x100
                0x00000020                CY_ECC_ROW_SIZE = 0x20
                0x00000000                CY_EE_IN_BTLDR = 0x0
                0x00000000                CY_APPL_LOADABLE = 0x0
                0x00000800                CY_EE_SIZE = 0x800
                0x00000001                CY_APPL_NUM = 0x1
                0x00000001                CY_APPL_MAX = 0x1
                0x00000040                CY_METADATA_SIZE = 0x40
                0x00000000                CY_APPL_LOADABLE = 0x0
                0x00000000                CY_CHECKSUM_EXCLUDE_SIZE = ALIGN (0x0, CY_FLASH_ROW_SIZE)
                [!provide]                PROVIDE (__cy_heap_start, _end)
                0x00000001                PROVIDE (__cy_region_num, ((__cy_regions_end - __cy_regions) / 0x10))
                0x20008000                PROVIDE (__cy_stack, (ORIGIN (ram) + LENGTH (ram)))
                [!provide]                PROVIDE (__cy_heap_end, (__cy_stack - 0x800))

.cybootloader   0x00000000        0x0
 *(.cybootloader)
                0x00000000                appl1_start = CY_APPL_ORIGIN?CY_APPL_ORIGIN:ALIGN (CY_FLASH_ROW_SIZE)
                0x0001ff00                appl2_start = (appl1_start + ALIGN ((((LENGTH (rom) - appl1_start) - (0x2 * CY_FLASH_ROW_SIZE)) / 0x2), CY_FLASH_ROW_SIZE))
                0x00000000                appl_start = (CY_APPL_NUM == 0x1)?appl1_start:appl2_start
                0x00000000                ecc_offset = ((appl_start / CY_FLASH_ROW_SIZE) * CY_ECC_ROW_SIZE)
                0x00000000                ee_offset = (CY_APPL_LOADABLE && ! (CY_EE_IN_BTLDR))?((CY_EE_SIZE / CY_APPL_MAX) * (CY_APPL_NUM - 0x1)):0x0
                0x00000800                ee_size = (CY_APPL_LOADABLE && ! (CY_EE_IN_BTLDR))?(CY_EE_SIZE / CY_APPL_MAX):CY_EE_SIZE
                [!provide]                PROVIDE (CY_ECC_OFFSET, ecc_offset)

.text           0x00000000     0x5bd4
 CREATE_OBJECT_SYMBOLS
                0x00000000                PROVIDE (__cy_interrupt_vector, RomVectors)
 *(.romvectors)
 .romvectors    0x00000000       0x10 .\CortexM3\ARM_GCC_541\Debug\Cm3Start.o
                0x00000000                RomVectors
                0x00000001                ASSERT ((. != __cy_interrupt_vector), No interrupt vector)
                0x00000001                ASSERT (CY_APPL_ORIGIN?(SIZEOF (.cybootloader) <= CY_APPL_ORIGIN):0x1, Wrong image location)
                0x00000010                PROVIDE (__cy_reset, Reset)
 *(.text.Reset)
 .text.Reset    0x00000010       0x18 .\CortexM3\ARM_GCC_541\Debug\Cm3Start.o
                0x00000010                Reset
                0x00000001                ASSERT ((. != __cy_reset), No reset code)
 *(.dma_init)
                0x00000001                ASSERT ((((appl_start + .) <= 0x10000) || 0x1), DMA Init must be within the first 64k of flash)
 *(.text .text.* .gnu.linkonce.t.*)
 .text          0x00000028       0x5c f:/psoc creator/4.4/psoc creator/import/gnu/arm/5.4.1/bin/../lib/gcc/arm-none-eabi/5.4.1/armv7-m/crtbegin.o
 .text.I2C_Write
                0x00000084       0x1c .\CortexM3\ARM_GCC_541\Debug\main.o
                0x00000084                I2C_Write
 .text.I2C_Read
                0x000000a0       0x1c .\CortexM3\ARM_GCC_541\Debug\main.o
                0x000000a0                I2C_Read
 .text.read_sensor_data
                0x000000bc       0x88 .\CortexM3\ARM_GCC_541\Debug\main.o
                0x000000bc                read_sensor_data
 *fill*         0x00000144        0x4 
 .text.read_capacitance
                0x00000148       0x78 .\CortexM3\ARM_GCC_541\Debug\main.o
                0x00000148                read_capacitance
 .text.main     0x000001c0       0x74 .\CortexM3\ARM_GCC_541\Debug\main.o
                0x000001c0                main
 .text.CyClockStartupError
                0x00000234        0x4 .\CortexM3\ARM_GCC_541\Debug\cyfitter_cfg.o
 .text.cfg_write_bytes32
                0x00000238       0x34 .\CortexM3\ARM_GCC_541\Debug\cyfitter_cfg.o
 .text.CYMEMZERO
                0x0000026c        0xc .\CortexM3\ARM_GCC_541\Debug\cyfitter_cfg.o
 .text.AnalogSetDefault
                0x00000278       0x78 .\CortexM3\ARM_GCC_541\Debug\cyfitter_cfg.o
 .text.CYCONFIGCPY
                0x000002f0        0x8 .\CortexM3\ARM_GCC_541\Debug\cyfitter_cfg.o
 .text.ClockSetup
                0x000002f8       0xfc .\CortexM3\ARM_GCC_541\Debug\cyfitter_cfg.o
 .text.cyfitter_cfg
                0x000003f4      0x120 .\CortexM3\ARM_GCC_541\Debug\cyfitter_cfg.o
                0x000003f4                cyfitter_cfg
 .text.IntDefaultHandler
                0x00000514       0x10 .\CortexM3\ARM_GCC_541\Debug\Cm3Start.o
                0x00000514                IntDefaultHandler
 .text._sbrk    0x00000524       0x30 .\CortexM3\ARM_GCC_541\Debug\Cm3Start.o
                0x00000524                _sbrk
 .text.Start_c  0x00000554       0x4c .\CortexM3\ARM_GCC_541\Debug\Cm3Start.o
                0x00000554                Start_c
 .text.initialize_psoc
                0x000005a0       0x68 .\CortexM3\ARM_GCC_541\Debug\Cm3Start.o
                0x000005a0                initialize_psoc
 .text.UART_1_Init
                0x00000608       0x24 .\CortexM3\ARM_GCC_541\Debug\Interface1.a(UART_1.o)
                0x00000608                UART_1_Init
 .text.UART_1_Enable
                0x0000062c       0x38 .\CortexM3\ARM_GCC_541\Debug\Interface1.a(UART_1.o)
                0x0000062c                UART_1_Enable
 .text.UART_1_Start
                0x00000664       0x1c .\CortexM3\ARM_GCC_541\Debug\Interface1.a(UART_1.o)
                0x00000664                UART_1_Start
 .text.UART_1_PutChar
                0x00000680       0x18 .\CortexM3\ARM_GCC_541\Debug\Interface1.a(UART_1.o)
                0x00000680                UART_1_PutChar
 .text.UART_1_PutString
                0x00000698       0x24 .\CortexM3\ARM_GCC_541\Debug\Interface1.a(UART_1.o)
                0x00000698                UART_1_PutString
 .text.UART_1_IntClock_Start
                0x000006bc       0x1c .\CortexM3\ARM_GCC_541\Debug\Interface1.a(UART_1_IntClock.o)
                0x000006bc                UART_1_IntClock_Start
 .text.CyHalt   0x000006d8        0x4 .\CortexM3\ARM_GCC_541\Debug\Interface1.a(CyLib.o)
                0x000006d8                CyHalt
 .text.CyDelay  0x000006dc       0x2c .\CortexM3\ARM_GCC_541\Debug\Interface1.a(CyLib.o)
                0x000006dc                CyDelay
 .text.CyDelayUs
                0x00000708       0x14 .\CortexM3\ARM_GCC_541\Debug\Interface1.a(CyLib.o)
                0x00000708                CyDelayUs
 .text.CyIntSetVector
                0x0000071c       0x28 .\CortexM3\ARM_GCC_541\Debug\Interface1.a(CyLib.o)
                0x0000071c                CyIntSetVector
 .text.CyIntSetPriority
                0x00000744       0x30 .\CortexM3\ARM_GCC_541\Debug\Interface1.a(CyLib.o)
                0x00000744                CyIntSetPriority
 .text.ADC_SAR_1_CalcGain
                0x00000774       0x64 .\CortexM3\ARM_GCC_541\Debug\Interface1.a(ADC_SAR_1.o)
 .text.ADC_SAR_1_Enable
                0x000007d8       0x94 .\CortexM3\ARM_GCC_541\Debug\Interface1.a(ADC_SAR_1.o)
                0x000007d8                ADC_SAR_1_Enable
 .text.ADC_SAR_1_SetResolution
                0x0000086c       0x38 .\CortexM3\ARM_GCC_541\Debug\Interface1.a(ADC_SAR_1.o)
                0x0000086c                ADC_SAR_1_SetResolution
 .text.ADC_SAR_1_Init
                0x000008a4       0x3c .\CortexM3\ARM_GCC_541\Debug\Interface1.a(ADC_SAR_1.o)
                0x000008a4                ADC_SAR_1_Init
 .text.ADC_SAR_1_Start
                0x000008e0       0x1c .\CortexM3\ARM_GCC_541\Debug\Interface1.a(ADC_SAR_1.o)
                0x000008e0                ADC_SAR_1_Start
 .text.ADC_SAR_1_ISR
                0x000008fc        0x4 .\CortexM3\ARM_GCC_541\Debug\Interface1.a(ADC_SAR_1_INT.o)
                0x000008fc                ADC_SAR_1_ISR
 .text.ADC_SAR_1_theACLK_SetModeRegister
                0x00000900       0x14 .\CortexM3\ARM_GCC_541\Debug\Interface1.a(ADC_SAR_1_theACLK.o)
                0x00000900                ADC_SAR_1_theACLK_SetModeRegister
 .text.Timer_1_Enable
                0x00000914       0x28 .\CortexM3\ARM_GCC_541\Debug\Interface1.a(Timer_1.o)
                0x00000914                Timer_1_Enable
 .text.Timer_1_SetInterruptMode
                0x0000093c        0xc .\CortexM3\ARM_GCC_541\Debug\Interface1.a(Timer_1.o)
                0x0000093c                Timer_1_SetInterruptMode
 .text.Timer_1_WritePeriod
                0x00000948        0xc .\CortexM3\ARM_GCC_541\Debug\Interface1.a(Timer_1.o)
                0x00000948                Timer_1_WritePeriod
 .text.Timer_1_WriteCounter
                0x00000954        0xc .\CortexM3\ARM_GCC_541\Debug\Interface1.a(Timer_1.o)
                0x00000954                Timer_1_WriteCounter
 .text.Timer_1_Init
                0x00000960       0x64 .\CortexM3\ARM_GCC_541\Debug\Interface1.a(Timer_1.o)
                0x00000960                Timer_1_Init
 .text.Timer_1_Start
                0x000009c4       0x1c .\CortexM3\ARM_GCC_541\Debug\Interface1.a(Timer_1.o)
                0x000009c4                Timer_1_Start
 .text.I2C_1_Init
                0x000009e0       0x68 .\CortexM3\ARM_GCC_541\Debug\Interface1.a(I2C_1.o)
                0x000009e0                I2C_1_Init
 .text.I2C_1_Enable
                0x00000a48       0x24 .\CortexM3\ARM_GCC_541\Debug\Interface1.a(I2C_1.o)
                0x00000a48                I2C_1_Enable
 .text.I2C_1_Start
                0x00000a6c       0x28 .\CortexM3\ARM_GCC_541\Debug\Interface1.a(I2C_1.o)
                0x00000a6c                I2C_1_Start
 .text.I2C_1_ISR
                0x00000a94      0x2d0 .\CortexM3\ARM_GCC_541\Debug\Interface1.a(I2C_1_INT.o)
                0x00000a94                I2C_1_ISR
 .text.I2C_1_MasterWriteBuf
                0x00000d64       0xcc .\CortexM3\ARM_GCC_541\Debug\Interface1.a(I2C_1_MASTER.o)
                0x00000d64                I2C_1_MasterWriteBuf
 .text.I2C_1_MasterReadBuf
                0x00000e30       0xd0 .\CortexM3\ARM_GCC_541\Debug\Interface1.a(I2C_1_MASTER.o)
                0x00000e30                I2C_1_MasterReadBuf
 .text.I2C_1_MasterStatus
                0x00000f00       0x38 .\CortexM3\ARM_GCC_541\Debug\Interface1.a(I2C_1_MASTER.o)
                0x00000f00                I2C_1_MasterStatus
 .text.Counter_1_Enable
                0x00000f38       0x10 .\CortexM3\ARM_GCC_541\Debug\Interface1.a(Counter_1.o)
                0x00000f38                Counter_1_Enable
 .text.Counter_1_SetInterruptMode
                0x00000f48        0xc .\CortexM3\ARM_GCC_541\Debug\Interface1.a(Counter_1.o)
                0x00000f48                Counter_1_SetInterruptMode
 .text.Counter_1_ReadStatusRegister
                0x00000f54        0xc .\CortexM3\ARM_GCC_541\Debug\Interface1.a(Counter_1.o)
                0x00000f54                Counter_1_ReadStatusRegister
 .text.Counter_1_WriteCounter
                0x00000f60        0xc .\CortexM3\ARM_GCC_541\Debug\Interface1.a(Counter_1.o)
                0x00000f60                Counter_1_WriteCounter
 .text.Counter_1_ReadCounter
                0x00000f6c       0x14 .\CortexM3\ARM_GCC_541\Debug\Interface1.a(Counter_1.o)
                0x00000f6c                Counter_1_ReadCounter
 .text.Counter_1_ReadCapture
                0x00000f80        0xc .\CortexM3\ARM_GCC_541\Debug\Interface1.a(Counter_1.o)
                0x00000f80                Counter_1_ReadCapture
 .text.Counter_1_WritePeriod
                0x00000f8c        0xc .\CortexM3\ARM_GCC_541\Debug\Interface1.a(Counter_1.o)
                0x00000f8c                Counter_1_WritePeriod
 .text.Counter_1_WriteCompare
                0x00000f98        0xc .\CortexM3\ARM_GCC_541\Debug\Interface1.a(Counter_1.o)
                0x00000f98                Counter_1_WriteCompare
 .text.Counter_1_ClearFIFO
                0x00000fa4       0x14 .\CortexM3\ARM_GCC_541\Debug\Interface1.a(Counter_1.o)
                0x00000fa4                Counter_1_ClearFIFO
 .text.Counter_1_Init
                0x00000fb8       0x58 .\CortexM3\ARM_GCC_541\Debug\Interface1.a(Counter_1.o)
                0x00000fb8                Counter_1_Init
 .text.Counter_1_Start
                0x00001010       0x1c .\CortexM3\ARM_GCC_541\Debug\Interface1.a(Counter_1.o)
                0x00001010                Counter_1_Start
 *fill*         0x0000102c        0x4 
 .text          0x00001030       0x20 .\CortexM3\ARM_GCC_541\Debug\Interface1.a(CyBootAsmGnu.o)
                0x00001030                CyDelayCycles
                0x00001040                CyEnterCriticalSection
                0x00001048                CyExitCriticalSection
 .text          0x00001050      0x370 f:/psoc creator/4.4/psoc creator/import/gnu/arm/5.4.1/bin/../lib/gcc/arm-none-eabi/5.4.1/armv7-m\libgcc.a(_arm_addsubdf3.o)
                0x00001050                __aeabi_drsub
                0x00001058                __aeabi_dsub
                0x00001058                __subdf3
                0x0000105c                __aeabi_dadd
                0x0000105c                __adddf3
                0x000012d4                __floatunsidf
                0x000012d4                __aeabi_ui2d
                0x000012f4                __floatsidf
                0x000012f4                __aeabi_i2d
                0x00001318                __aeabi_f2d
                0x00001318                __extendsfdf2
                0x00001354                __floatundidf
                0x00001354                __aeabi_ul2d
                0x00001364                __floatdidf
                0x00001364                __aeabi_l2d
 .text          0x000013c0      0x424 f:/psoc creator/4.4/psoc creator/import/gnu/arm/5.4.1/bin/../lib/gcc/arm-none-eabi/5.4.1/armv7-m\libgcc.a(_arm_muldivdf3.o)
                0x000013c0                __aeabi_dmul
                0x000013c0                __muldf3
                0x00001614                __divdf3
                0x00001614                __aeabi_ddiv
 .text          0x000017e4       0x50 f:/psoc creator/4.4/psoc creator/import/gnu/arm/5.4.1/bin/../lib/gcc/arm-none-eabi/5.4.1/armv7-m\libgcc.a(_arm_fixdfsi.o)
                0x000017e4                __aeabi_d2iz
                0x000017e4                __fixdfsi
 .text          0x00001834       0x4c f:/psoc creator/4.4/psoc creator/import/gnu/arm/5.4.1/bin/../lib/gcc/arm-none-eabi/5.4.1/armv7-m\libgcc.a(_arm_fixsfsi.o)
                0x00001834                __aeabi_f2iz
                0x00001834                __fixsfsi
 .text          0x00001880      0x2ec f:/psoc creator/4.4/psoc creator/import/gnu/arm/5.4.1/bin/../lib/gcc/arm-none-eabi/5.4.1/armv7-m\libgcc.a(_udivmoddi4.o)
                0x00001880                __udivmoddi4
 .text          0x00001b6c        0x4 f:/psoc creator/4.4/psoc creator/import/gnu/arm/5.4.1/bin/../lib/gcc/arm-none-eabi/5.4.1/armv7-m\libgcc.a(_dvmd_tls.o)
                0x00001b6c                __aeabi_idiv0
                0x00001b6c                __aeabi_ldiv0
 .text.__errno  0x00001b70        0xc f:/psoc creator/4.4/psoc creator/import/gnu/arm/5.4.1/bin/../lib/gcc/arm-none-eabi/5.4.1/../../../../arm-none-eabi/lib/armv7-m\libg.a(lib_a-errno.o)
                0x00001b70                __errno
 .text.__libc_init_array
                0x00001b7c       0x50 f:/psoc creator/4.4/psoc creator/import/gnu/arm/5.4.1/bin/../lib/gcc/arm-none-eabi/5.4.1/../../../../arm-none-eabi/lib/armv7-m\libg.a(lib_a-init.o)
                0x00001b7c                __libc_init_array
 .text          0x00001bcc       0xec f:/psoc creator/4.4/psoc creator/import/gnu/arm/5.4.1/bin/../lib/gcc/arm-none-eabi/5.4.1/../../../../arm-none-eabi/lib/armv7-m\libg.a(lib_a-memcpy.o)
                0x00001bcc                memcpy
 .text.memset   0x00001cb8       0x9c f:/psoc creator/4.4/psoc creator/import/gnu/arm/5.4.1/bin/../lib/gcc/arm-none-eabi/5.4.1/../../../../arm-none-eabi/lib/armv7-m\libg.a(lib_a-memset.o)
                0x00001cb8                memset
 .text.sprintf  0x00001d54       0x4c f:/psoc creator/4.4/psoc creator/import/gnu/arm/5.4.1/bin/../lib/gcc/arm-none-eabi/5.4.1/../../../../arm-none-eabi/lib/armv7-m\libg.a(lib_a-sprintf.o)
                0x00001d54                sprintf
 .text._svfprintf_r
                0x00001da0     0x175c f:/psoc creator/4.4/psoc creator/import/gnu/arm/5.4.1/bin/../lib/gcc/arm-none-eabi/5.4.1/../../../../arm-none-eabi/lib/armv7-m\libg.a(lib_a-svfprintf.o)
                0x00001da0                _svfprintf_r
 .text.startup.register_fini
                0x000034fc       0x14 f:/psoc creator/4.4/psoc creator/import/gnu/arm/5.4.1/bin/../lib/gcc/arm-none-eabi/5.4.1/../../../../arm-none-eabi/lib/armv7-m\libg.a(lib_a-__call_atexit.o)
 .text.atexit   0x00003510        0xc f:/psoc creator/4.4/psoc creator/import/gnu/arm/5.4.1/bin/../lib/gcc/arm-none-eabi/5.4.1/../../../../arm-none-eabi/lib/armv7-m\libg.a(lib_a-atexit.o)
                0x00003510                atexit
 .text.quorem   0x0000351c      0x12c f:/psoc creator/4.4/psoc creator/import/gnu/arm/5.4.1/bin/../lib/gcc/arm-none-eabi/5.4.1/../../../../arm-none-eabi/lib/armv7-m\libg.a(lib_a-dtoa.o)
 .text._dtoa_r  0x00003648      0xe4c f:/psoc creator/4.4/psoc creator/import/gnu/arm/5.4.1/bin/../lib/gcc/arm-none-eabi/5.4.1/../../../../arm-none-eabi/lib/armv7-m\libg.a(lib_a-dtoa.o)
                0x00003648                _dtoa_r
 .text.__libc_fini_array
                0x00004494       0x28 f:/psoc creator/4.4/psoc creator/import/gnu/arm/5.4.1/bin/../lib/gcc/arm-none-eabi/5.4.1/../../../../arm-none-eabi/lib/armv7-m\libg.a(lib_a-fini.o)
                0x00004494                __libc_fini_array
 .text._localeconv_r
                0x000044bc        0x8 f:/psoc creator/4.4/psoc creator/import/gnu/arm/5.4.1/bin/../lib/gcc/arm-none-eabi/5.4.1/../../../../arm-none-eabi/lib/armv7-m\libg.a(lib_a-locale.o)
                0x000044bc                _localeconv_r
 .text._malloc_r
                0x000044c4      0x558 f:/psoc creator/4.4/psoc creator/import/gnu/arm/5.4.1/bin/../lib/gcc/arm-none-eabi/5.4.1/../../../../arm-none-eabi/lib/armv7-m\libg.a(lib_a-mallocr.o)
                0x000044c4                _malloc_r
 .text.memchr   0x00004a1c       0x8c f:/psoc creator/4.4/psoc creator/import/gnu/arm/5.4.1/bin/../lib/gcc/arm-none-eabi/5.4.1/../../../../arm-none-eabi/lib/armv7-m\libg.a(lib_a-memchr-stub.o)
                0x00004a1c                memchr
 .text.__malloc_lock
                0x00004aa8        0x4 f:/psoc creator/4.4/psoc creator/import/gnu/arm/5.4.1/bin/../lib/gcc/arm-none-eabi/5.4.1/../../../../arm-none-eabi/lib/armv7-m\libg.a(lib_a-mlock.o)
                0x00004aa8                __malloc_lock
 .text.__malloc_unlock
                0x00004aac        0x4 f:/psoc creator/4.4/psoc creator/import/gnu/arm/5.4.1/bin/../lib/gcc/arm-none-eabi/5.4.1/../../../../arm-none-eabi/lib/armv7-m\libg.a(lib_a-mlock.o)
                0x00004aac                __malloc_unlock
 .text._Balloc  0x00004ab0       0x50 f:/psoc creator/4.4/psoc creator/import/gnu/arm/5.4.1/bin/../lib/gcc/arm-none-eabi/5.4.1/../../../../arm-none-eabi/lib/armv7-m\libg.a(lib_a-mprec.o)
                0x00004ab0                _Balloc
 .text._Bfree   0x00004b00       0x14 f:/psoc creator/4.4/psoc creator/import/gnu/arm/5.4.1/bin/../lib/gcc/arm-none-eabi/5.4.1/../../../../arm-none-eabi/lib/armv7-m\libg.a(lib_a-mprec.o)
                0x00004b00                _Bfree
 .text.__multadd
                0x00004b14       0x80 f:/psoc creator/4.4/psoc creator/import/gnu/arm/5.4.1/bin/../lib/gcc/arm-none-eabi/5.4.1/../../../../arm-none-eabi/lib/armv7-m\libg.a(lib_a-mprec.o)
                0x00004b14                __multadd
 .text.__hi0bits
                0x00004b94       0x40 f:/psoc creator/4.4/psoc creator/import/gnu/arm/5.4.1/bin/../lib/gcc/arm-none-eabi/5.4.1/../../../../arm-none-eabi/lib/armv7-m\libg.a(lib_a-mprec.o)
                0x00004b94                __hi0bits
 .text.__lo0bits
                0x00004bd4       0x5c f:/psoc creator/4.4/psoc creator/import/gnu/arm/5.4.1/bin/../lib/gcc/arm-none-eabi/5.4.1/../../../../arm-none-eabi/lib/armv7-m\libg.a(lib_a-mprec.o)
                0x00004bd4                __lo0bits
 .text.__i2b    0x00004c30       0x14 f:/psoc creator/4.4/psoc creator/import/gnu/arm/5.4.1/bin/../lib/gcc/arm-none-eabi/5.4.1/../../../../arm-none-eabi/lib/armv7-m\libg.a(lib_a-mprec.o)
                0x00004c30                __i2b
 .text.__multiply
                0x00004c44      0x13c f:/psoc creator/4.4/psoc creator/import/gnu/arm/5.4.1/bin/../lib/gcc/arm-none-eabi/5.4.1/../../../../arm-none-eabi/lib/armv7-m\libg.a(lib_a-mprec.o)
                0x00004c44                __multiply
 .text.__pow5mult
                0x00004d80       0xa0 f:/psoc creator/4.4/psoc creator/import/gnu/arm/5.4.1/bin/../lib/gcc/arm-none-eabi/5.4.1/../../../../arm-none-eabi/lib/armv7-m\libg.a(lib_a-mprec.o)
                0x00004d80                __pow5mult
 .text.__lshift
                0x00004e20       0xac f:/psoc creator/4.4/psoc creator/import/gnu/arm/5.4.1/bin/../lib/gcc/arm-none-eabi/5.4.1/../../../../arm-none-eabi/lib/armv7-m\libg.a(lib_a-mprec.o)
                0x00004e20                __lshift
 .text.__mcmp   0x00004ecc       0x40 f:/psoc creator/4.4/psoc creator/import/gnu/arm/5.4.1/bin/../lib/gcc/arm-none-eabi/5.4.1/../../../../arm-none-eabi/lib/armv7-m\libg.a(lib_a-mprec.o)
                0x00004ecc                __mcmp
 .text.__mdiff  0x00004f0c      0x128 f:/psoc creator/4.4/psoc creator/import/gnu/arm/5.4.1/bin/../lib/gcc/arm-none-eabi/5.4.1/../../../../arm-none-eabi/lib/armv7-m\libg.a(lib_a-mprec.o)
                0x00004f0c                __mdiff
 .text.__d2b    0x00005034       0xa8 f:/psoc creator/4.4/psoc creator/import/gnu/arm/5.4.1/bin/../lib/gcc/arm-none-eabi/5.4.1/../../../../arm-none-eabi/lib/armv7-m\libg.a(lib_a-mprec.o)
                0x00005034                __d2b
 .text._sbrk_r  0x000050dc       0x24 f:/psoc creator/4.4/psoc creator/import/gnu/arm/5.4.1/bin/../lib/gcc/arm-none-eabi/5.4.1/../../../../arm-none-eabi/lib/armv7-m\libg.a(lib_a-sbrkr.o)
                0x000050dc                _sbrk_r
 .text.strlen   0x00005100       0x5c f:/psoc creator/4.4/psoc creator/import/gnu/arm/5.4.1/bin/../lib/gcc/arm-none-eabi/5.4.1/../../../../arm-none-eabi/lib/armv7-m\libg.a(lib_a-strlen-stub.o)
                0x00005100                strlen
 .text.__ssprint_r
                0x0000515c      0x100 f:/psoc creator/4.4/psoc creator/import/gnu/arm/5.4.1/bin/../lib/gcc/arm-none-eabi/5.4.1/../../../../arm-none-eabi/lib/armv7-m\libg.a(lib_a-svfiprintf.o)
                0x0000515c                __ssprint_r
 .text.__register_exitproc
                0x0000525c       0xa4 f:/psoc creator/4.4/psoc creator/import/gnu/arm/5.4.1/bin/../lib/gcc/arm-none-eabi/5.4.1/../../../../arm-none-eabi/lib/armv7-m\libg.a(lib_a-__atexit.o)
                0x0000525c                __register_exitproc
 .text._calloc_r
                0x00005300       0x60 f:/psoc creator/4.4/psoc creator/import/gnu/arm/5.4.1/bin/../lib/gcc/arm-none-eabi/5.4.1/../../../../arm-none-eabi/lib/armv7-m\libg.a(lib_a-callocr.o)
                0x00005300                _calloc_r
 .text._malloc_trim_r
                0x00005360       0x9c f:/psoc creator/4.4/psoc creator/import/gnu/arm/5.4.1/bin/../lib/gcc/arm-none-eabi/5.4.1/../../../../arm-none-eabi/lib/armv7-m\libg.a(lib_a-freer.o)
                0x00005360                _malloc_trim_r
 .text._free_r  0x000053fc      0x1d0 f:/psoc creator/4.4/psoc creator/import/gnu/arm/5.4.1/bin/../lib/gcc/arm-none-eabi/5.4.1/../../../../arm-none-eabi/lib/armv7-m\libg.a(lib_a-freer.o)
                0x000053fc                _free_r
 .text.memmove  0x000055cc       0xc8 f:/psoc creator/4.4/psoc creator/import/gnu/arm/5.4.1/bin/../lib/gcc/arm-none-eabi/5.4.1/../../../../arm-none-eabi/lib/armv7-m\libg.a(lib_a-memmove.o)
                0x000055cc                memmove
 .text._realloc_r
                0x00005694      0x3d4 f:/psoc creator/4.4/psoc creator/import/gnu/arm/5.4.1/bin/../lib/gcc/arm-none-eabi/5.4.1/../../../../arm-none-eabi/lib/armv7-m\libg.a(lib_a-reallocr.o)
                0x00005694                _realloc_r
 .text          0x00005a68      0x110 f:/psoc creator/4.4/psoc creator/import/gnu/arm/5.4.1/bin/../lib/gcc/arm-none-eabi/5.4.1/armv7-m\libgcc.a(_arm_cmpdf2.o)
                0x00005a68                __gtdf2
                0x00005a68                __gedf2
                0x00005a70                __ltdf2
                0x00005a70                __ledf2
                0x00005a78                __nedf2
                0x00005a78                __eqdf2
                0x00005a78                __cmpdf2
                0x00005af4                __aeabi_cdrcmple
                0x00005b04                __aeabi_cdcmpeq
                0x00005b04                __aeabi_cdcmple
                0x00005b14                __aeabi_dcmpeq
                0x00005b28                __aeabi_dcmplt
                0x00005b3c                __aeabi_dcmple
                0x00005b50                __aeabi_dcmpge
                0x00005b64                __aeabi_dcmpgt
 .text          0x00005b78       0x2c f:/psoc creator/4.4/psoc creator/import/gnu/arm/5.4.1/bin/../lib/gcc/arm-none-eabi/5.4.1/armv7-m\libgcc.a(_arm_unorddf2.o)
                0x00005b78                __unorddf2
                0x00005b78                __aeabi_dcmpun
 .text          0x00005ba4       0x30 f:/psoc creator/4.4/psoc creator/import/gnu/arm/5.4.1/bin/../lib/gcc/arm-none-eabi/5.4.1/armv7-m\libgcc.a(_aeabi_uldivmod.o)
                0x00005ba4                __aeabi_uldivmod
 *(.plt)
 *(.gnu.warning)
 *(.glue_7t)
 .glue_7t       0x00005bd4        0x0 linker stubs
 *(.glue_7)
 .glue_7        0x00005bd4        0x0 linker stubs
 *(.vfp11_veneer)
 .vfp11_veneer  0x00005bd4        0x0 linker stubs
 *(.bootloader)
 *(.ARM.extab* .gnu.linkonce.armextab.*)
 *(.gcc_except_table)

.v4_bx          0x00005bd4        0x0
 .v4_bx         0x00005bd4        0x0 linker stubs

.iplt           0x00005bd4        0x0
 .iplt          0x00005bd4        0x0 f:/psoc creator/4.4/psoc creator/import/gnu/arm/5.4.1/bin/../lib/gcc/arm-none-eabi/5.4.1/armv7-m/crtbegin.o

.eh_frame_hdr
 *(.eh_frame_hdr)

.eh_frame       0x00005bd4        0x4
 *(.eh_frame)
 .eh_frame      0x00005bd4        0x0 f:/psoc creator/4.4/psoc creator/import/gnu/arm/5.4.1/bin/../lib/gcc/arm-none-eabi/5.4.1/armv7-m/crtbegin.o
 .eh_frame      0x00005bd4        0x4 f:/psoc creator/4.4/psoc creator/import/gnu/arm/5.4.1/bin/../lib/gcc/arm-none-eabi/5.4.1/armv7-m/crtend.o
                [!provide]                PROVIDE (__exidx_start, .)

.ARM.exidx      0x00005bd8        0x8
 *(.ARM.exidx* .gnu.linkonce.armexidx.*)
 .ARM.exidx     0x00005bd8        0x8 f:/psoc creator/4.4/psoc creator/import/gnu/arm/5.4.1/bin/../lib/gcc/arm-none-eabi/5.4.1/armv7-m\libgcc.a(_udivmoddi4.o)
                0x00005be0                __exidx_end = .

.rodata         0x00005be0      0x290
 *(.rodata .rodata.* .gnu.linkonce.r.*)
 .rodata        0x00005be0        0x5 .\CortexM3\ARM_GCC_541\Debug\main.o
 *fill*         0x00005be5        0x3 
 .rodata.str1.4
                0x00005be8       0x84 .\CortexM3\ARM_GCC_541\Debug\main.o
 .rodata        0x00005c6c       0x42 .\CortexM3\ARM_GCC_541\Debug\cyfitter_cfg.o
 *fill*         0x00005cae        0x2 
 .rodata.str1.4
                0x00005cb0        0x2 f:/psoc creator/4.4/psoc creator/import/gnu/arm/5.4.1/bin/../lib/gcc/arm-none-eabi/5.4.1/../../../../arm-none-eabi/lib/armv7-m\libg.a(lib_a-impure.o)
 *fill*         0x00005cb2        0x2 
 .rodata._global_impure_ptr
                0x00005cb4        0x4 f:/psoc creator/4.4/psoc creator/import/gnu/arm/5.4.1/bin/../lib/gcc/arm-none-eabi/5.4.1/../../../../arm-none-eabi/lib/armv7-m\libg.a(lib_a-impure.o)
                0x00005cb4                _global_impure_ptr
 .rodata.blanks.7055
                0x00005cb8       0x10 f:/psoc creator/4.4/psoc creator/import/gnu/arm/5.4.1/bin/../lib/gcc/arm-none-eabi/5.4.1/../../../../arm-none-eabi/lib/armv7-m\libg.a(lib_a-svfprintf.o)
 .rodata.str1.4
                0x00005cc8       0x42 f:/psoc creator/4.4/psoc creator/import/gnu/arm/5.4.1/bin/../lib/gcc/arm-none-eabi/5.4.1/../../../../arm-none-eabi/lib/armv7-m\libg.a(lib_a-svfprintf.o)
 *fill*         0x00005d0a        0x2 
 .rodata.zeroes.7056
                0x00005d0c       0x10 f:/psoc creator/4.4/psoc creator/import/gnu/arm/5.4.1/bin/../lib/gcc/arm-none-eabi/5.4.1/../../../../arm-none-eabi/lib/armv7-m\libg.a(lib_a-svfprintf.o)
 .rodata.str1.4
                0x00005d1c       0x10 f:/psoc creator/4.4/psoc creator/import/gnu/arm/5.4.1/bin/../lib/gcc/arm-none-eabi/5.4.1/../../../../arm-none-eabi/lib/armv7-m\libg.a(lib_a-dtoa.o)
                                 0x12 (size before relaxing)
 .rodata.str1.4
                0x00005d2c        0xc f:/psoc creator/4.4/psoc creator/import/gnu/arm/5.4.1/bin/../lib/gcc/arm-none-eabi/5.4.1/../../../../arm-none-eabi/lib/armv7-m\libg.a(lib_a-locale.o)
                                 0x12 (size before relaxing)
 .rodata.__mprec_tens
                0x00005d38       0xc8 f:/psoc creator/4.4/psoc creator/import/gnu/arm/5.4.1/bin/../lib/gcc/arm-none-eabi/5.4.1/../../../../arm-none-eabi/lib/armv7-m\libg.a(lib_a-mprec.o)
                0x00005d38                __mprec_tens
 .rodata.__mprec_bigtens
                0x00005e00       0x28 f:/psoc creator/4.4/psoc creator/import/gnu/arm/5.4.1/bin/../lib/gcc/arm-none-eabi/5.4.1/../../../../arm-none-eabi/lib/armv7-m\libg.a(lib_a-mprec.o)
                0x00005e00                __mprec_bigtens
 .rodata.p05.5396
                0x00005e28        0xc f:/psoc creator/4.4/psoc creator/import/gnu/arm/5.4.1/bin/../lib/gcc/arm-none-eabi/5.4.1/../../../../arm-none-eabi/lib/armv7-m\libg.a(lib_a-mprec.o)
                0x00005e34                . = ALIGN (0x4)
 *(.init)
 .init          0x00005e34        0x4 f:/psoc creator/4.4/psoc creator/import/gnu/arm/5.4.1/bin/../lib/gcc/arm-none-eabi/5.4.1/armv7-m/crti.o
                0x00005e34                _init
 .init          0x00005e38        0x8 f:/psoc creator/4.4/psoc creator/import/gnu/arm/5.4.1/bin/../lib/gcc/arm-none-eabi/5.4.1/armv7-m/crtn.o
                0x00005e40                . = ALIGN (0x4)
                0x00005e40                __preinit_array_start = .
 *(.preinit_array)
                0x00005e40                __preinit_array_end = .
                0x00005e40                . = ALIGN (0x4)
                0x00005e40                __init_array_start = .
 *(SORT(.init_array.*))
 .init_array.00000
                0x00005e40        0x4 f:/psoc creator/4.4/psoc creator/import/gnu/arm/5.4.1/bin/../lib/gcc/arm-none-eabi/5.4.1/../../../../arm-none-eabi/lib/armv7-m\libg.a(lib_a-__call_atexit.o)
 *(.init_array)
 .init_array    0x00005e44        0x4 f:/psoc creator/4.4/psoc creator/import/gnu/arm/5.4.1/bin/../lib/gcc/arm-none-eabi/5.4.1/armv7-m/crtbegin.o
 .init_array    0x00005e48        0x4 .\CortexM3\ARM_GCC_541\Debug\Cm3Start.o
                0x00005e4c                __init_array_end = .
                0x00005e4c                . = ALIGN (0x4)
 *(.fini)
 .fini          0x00005e4c        0x4 f:/psoc creator/4.4/psoc creator/import/gnu/arm/5.4.1/bin/../lib/gcc/arm-none-eabi/5.4.1/armv7-m/crti.o
                0x00005e4c                _fini
 .fini          0x00005e50        0x8 f:/psoc creator/4.4/psoc creator/import/gnu/arm/5.4.1/bin/../lib/gcc/arm-none-eabi/5.4.1/armv7-m/crtn.o
                0x00005e58                . = ALIGN (0x4)
                0x00005e58                __fini_array_start = .
 *(.fini_array)
 .fini_array    0x00005e58        0x4 f:/psoc creator/4.4/psoc creator/import/gnu/arm/5.4.1/bin/../lib/gcc/arm-none-eabi/5.4.1/armv7-m/crtbegin.o
 *(SORT(.fini_array.*))
                0x00005e5c                __fini_array_end = .
                0x00005e5c                . = ALIGN (0x4)
 *crtbegin.o(.ctors)
 *(EXCLUDE_FILE(*crtend.o) .ctors)
 *(SORT(.ctors.*))
 *crtend.o(.ctors)
                0x00005e5c                . = ALIGN (0x4)
 *crtbegin.o(.dtors)
 *(EXCLUDE_FILE(*crtend.o) .dtors)
 *(SORT(.dtors.*))
 *crtend.o(.dtors)
                0x00005e5c                . = ALIGN (0x4)
                0x00005e5c                __cy_regions = .
                0x00005e5c        0x4 LONG 0x5e70 __cy_region_init_ram
                0x00005e60        0x4 LONG 0x1fff80c8 __cy_region_start_data
                0x00005e64        0x4 LONG 0x890 __cy_region_init_size_ram
                0x00005e68        0x4 LONG 0x128 __cy_region_zero_size_ram
                0x00005e6c                __cy_regions_end = .
                0x00005e70                . = ALIGN (0x8)
 *fill*         0x00005e6c        0x4 
                0x00005e70                _etext = .

.cy_checksum_exclude
                0x00005e70        0x0
 *(.cy_checksum_exclude)

.ramvectors     0x1fff8000       0xc0
                0x1fff8000                __cy_region_start_ram = .
 *(.ramvectors)
 .ramvectors    0x1fff8000       0xc0 .\CortexM3\ARM_GCC_541\Debug\Cm3Start.o
                0x1fff8000                CyRamVectors

.noinit         0x1fff80c0        0x1
 *(.noinit)
 .noinit        0x1fff80c0        0x1 .\CortexM3\ARM_GCC_541\Debug\Interface1.a(CyLib.o)
                0x1fff80c0                CyResetStatus

.data           0x1fff80c8      0x890 load address 0x00005e70
                0x1fff80c8                __cy_region_start_data = .
 *(.jcr)
 .jcr           0x1fff80c8        0x0 f:/psoc creator/4.4/psoc creator/import/gnu/arm/5.4.1/bin/../lib/gcc/arm-none-eabi/5.4.1/armv7-m/crtbegin.o
 .jcr           0x1fff80c8        0x4 f:/psoc creator/4.4/psoc creator/import/gnu/arm/5.4.1/bin/../lib/gcc/arm-none-eabi/5.4.1/armv7-m/crtend.o
 *(.got.plt)
 *(.got)
 *(.shdata)
 *(.data .data.* .gnu.linkonce.d.*)
 .data          0x1fff80cc        0x4 .\CortexM3\ARM_GCC_541\Debug\Cm3Start.o
 .data          0x1fff80d0       0x10 .\CortexM3\ARM_GCC_541\Debug\Interface1.a(CyLib.o)
                0x1fff80d0                cydelay_32k_ms
                0x1fff80d4                cydelay_freq_khz
                0x1fff80d8                cydelay_freq_mhz
                0x1fff80dc                cydelay_freq_hz
 .data.impure_data
                0x1fff80e0      0x428 f:/psoc creator/4.4/psoc creator/import/gnu/arm/5.4.1/bin/../lib/gcc/arm-none-eabi/5.4.1/../../../../arm-none-eabi/lib/armv7-m\libg.a(lib_a-impure.o)
 .data._impure_ptr
                0x1fff8508        0x4 f:/psoc creator/4.4/psoc creator/import/gnu/arm/5.4.1/bin/../lib/gcc/arm-none-eabi/5.4.1/../../../../arm-none-eabi/lib/armv7-m\libg.a(lib_a-impure.o)
                0x1fff8508                _impure_ptr
 .data.lconv    0x1fff850c       0x38 f:/psoc creator/4.4/psoc creator/import/gnu/arm/5.4.1/bin/../lib/gcc/arm-none-eabi/5.4.1/../../../../arm-none-eabi/lib/armv7-m\libg.a(lib_a-locale.o)
 .data.__malloc_av_
                0x1fff8544      0x408 f:/psoc creator/4.4/psoc creator/import/gnu/arm/5.4.1/bin/../lib/gcc/arm-none-eabi/5.4.1/../../../../arm-none-eabi/lib/armv7-m\libg.a(lib_a-mallocr.o)
                0x1fff8544                __malloc_av_
 .data.__malloc_trim_threshold
                0x1fff894c        0x4 f:/psoc creator/4.4/psoc creator/import/gnu/arm/5.4.1/bin/../lib/gcc/arm-none-eabi/5.4.1/../../../../arm-none-eabi/lib/armv7-m\libg.a(lib_a-mallocr.o)
                0x1fff894c                __malloc_trim_threshold
 .data.__malloc_sbrk_base
                0x1fff8950        0x4 f:/psoc creator/4.4/psoc creator/import/gnu/arm/5.4.1/bin/../lib/gcc/arm-none-eabi/5.4.1/../../../../arm-none-eabi/lib/armv7-m\libg.a(lib_a-mallocr.o)
                0x1fff8950                __malloc_sbrk_base
                0x1fff8958                . = ALIGN (0x8)
 *fill*         0x1fff8954        0x4 
 *(.ram)
                0x1fff8958                _edata = .

.igot.plt       0x1fff8958        0x0 load address 0x00006700
 .igot.plt      0x1fff8958        0x0 f:/psoc creator/4.4/psoc creator/import/gnu/arm/5.4.1/bin/../lib/gcc/arm-none-eabi/5.4.1/armv7-m/crtbegin.o

.bss            0x1fff8958      0x128 load address 0x00006700
                0x1fff8958                PROVIDE (__bss_start__, .)
 *(.shbss)
 *(.bss .bss.* .gnu.linkonce.b.*)
 .bss           0x1fff8958       0x1c f:/psoc creator/4.4/psoc creator/import/gnu/arm/5.4.1/bin/../lib/gcc/arm-none-eabi/5.4.1/armv7-m/crtbegin.o
 .bss           0x1fff8974        0x2 .\CortexM3\ARM_GCC_541\Debug\Interface1.a(UART_1.o)
                0x1fff8974                UART_1_initVar
 .bss           0x1fff8976        0x1 .\CortexM3\ARM_GCC_541\Debug\Interface1.a(ADC_SAR_1.o)
                0x1fff8976                ADC_SAR_1_initVar
 .bss           0x1fff8977        0x1 .\CortexM3\ARM_GCC_541\Debug\Interface1.a(Timer_1.o)
                0x1fff8977                Timer_1_initVar
 .bss           0x1fff8978        0x1 .\CortexM3\ARM_GCC_541\Debug\Interface1.a(I2C_1.o)
                0x1fff8978                I2C_1_initVar
 .bss           0x1fff8979        0x1 .\CortexM3\ARM_GCC_541\Debug\Interface1.a(Counter_1.o)
                0x1fff8979                Counter_1_initVar
 *fill*         0x1fff897a        0x2 
 .bss.__malloc_max_total_mem
                0x1fff897c        0x4 f:/psoc creator/4.4/psoc creator/import/gnu/arm/5.4.1/bin/../lib/gcc/arm-none-eabi/5.4.1/../../../../arm-none-eabi/lib/armv7-m\libg.a(lib_a-mallocr.o)
                0x1fff897c                __malloc_max_total_mem
 .bss.__malloc_max_sbrked_mem
                0x1fff8980        0x4 f:/psoc creator/4.4/psoc creator/import/gnu/arm/5.4.1/bin/../lib/gcc/arm-none-eabi/5.4.1/../../../../arm-none-eabi/lib/armv7-m\libg.a(lib_a-mallocr.o)
                0x1fff8980                __malloc_max_sbrked_mem
 .bss.__malloc_top_pad
                0x1fff8984        0x4 f:/psoc creator/4.4/psoc creator/import/gnu/arm/5.4.1/bin/../lib/gcc/arm-none-eabi/5.4.1/../../../../arm-none-eabi/lib/armv7-m\libg.a(lib_a-mallocr.o)
                0x1fff8984                __malloc_top_pad
 .bss.__malloc_current_mallinfo
                0x1fff8988       0x28 f:/psoc creator/4.4/psoc creator/import/gnu/arm/5.4.1/bin/../lib/gcc/arm-none-eabi/5.4.1/../../../../arm-none-eabi/lib/armv7-m\libg.a(lib_a-mallocr.o)
                0x1fff8988                __malloc_current_mallinfo
 *(COMMON)
 COMMON         0x1fff89b0       0xa8 .\CortexM3\ARM_GCC_541\Debug\main.o
                0x1fff89b0                adcResult
                0x1fff89b4                string_1
                0x1fff8a18                buffer
                0x1fff8a30                capMeasureArray
 COMMON         0x1fff8a58        0xa .\CortexM3\ARM_GCC_541\Debug\Interface1.a(ADC_SAR_1.o)
                0x1fff8a58                ADC_SAR_1_countsPerVolt
                0x1fff8a5a                ADC_SAR_1_shift
                0x1fff8a5c                ADC_SAR_1_countsPer10Volt
                0x1fff8a60                ADC_SAR_1_offset
 COMMON         0x1fff8a62        0x1 .\CortexM3\ARM_GCC_541\Debug\Interface1.a(I2C_1.o)
                0x1fff8a62                I2C_1_state
 *fill*         0x1fff8a63        0x1 
 COMMON         0x1fff8a64       0x11 .\CortexM3\ARM_GCC_541\Debug\Interface1.a(I2C_1_MASTER.o)
                0x1fff8a64                I2C_1_mstrWrBufIndex
                0x1fff8a65                I2C_1_mstrControl
                0x1fff8a66                I2C_1_mstrStatus
                0x1fff8a67                I2C_1_mstrWrBufSize
                0x1fff8a68                I2C_1_mstrRdBufIndex
                0x1fff8a6c                I2C_1_mstrWrBufPtr
                0x1fff8a70                I2C_1_mstrRdBufPtr
                0x1fff8a74                I2C_1_mstrRdBufSize
 *fill*         0x1fff8a75        0x3 
 COMMON         0x1fff8a78        0x4 f:/psoc creator/4.4/psoc creator/import/gnu/arm/5.4.1/bin/../lib/gcc/arm-none-eabi/5.4.1/../../../../arm-none-eabi/lib/armv7-m\libg.a(lib_a-reent.o)
                0x1fff8a78                errno
                0x1fff8a80                . = ALIGN (0x8)
 *fill*         0x1fff8a7c        0x4 
 *(.ram.b)
                0x1fff8a80                _end = .
                0x1fff8a80                __end = .
                0x1fff8a80                PROVIDE (end, .)
                0x1fff8a80                PROVIDE (__bss_end__, .)
                0x00005e70                __cy_region_init_ram = LOADADDR (.data)
                0x00000890                __cy_region_init_size_ram = (_edata - ADDR (.data))
                0x00000128                __cy_region_zero_size_ram = (_end - _edata)

.heap           0x1fff8a80       0x80 load address 0x00006700
                0x1fff8a80                . = _end
                0x1fff8b00                . = (. + 0x80)
 *fill*         0x1fff8a80       0x80 
                0x1fff8b00                __cy_heap_limit = .

.stack          0x20007800      0x800
                0x20007800                __cy_stack_limit = .
                0x20008000                . = (. + 0x800)
 *fill*         0x20007800      0x800 
                0x00000001                ASSERT ((__cy_stack_limit >= __cy_heap_limit), region RAM overflowed with stack)
                0x00000000                cy_checksum_exclude_size = (CY_APPL_LOADABLE == 0x1)?SIZEOF (.cy_checksum_exclude):0x0
                0x00000001                ASSERT ((cy_checksum_exclude_size <= CY_CHECKSUM_EXCLUDE_SIZE), CY_BOOT: Section .cy_checksum_exclude size exceedes specified limit.)

.cyloadermeta
 *(.cyloadermeta)

.cyloadablemeta
 *(.cyloadablemeta)

.cyconfigecc    0x80000000      0x6ac
 *(.cyconfigecc)
 .cyconfigecc   0x80000000      0x6ac .\CortexM3\ARM_GCC_541\Debug\cymetadata.o
                0x80000000                cy_meta_configecc

.cycustnvl      0x90000000        0x4
 *(.cycustnvl)
 .cycustnvl     0x90000000        0x4 .\CortexM3\ARM_GCC_541\Debug\cymetadata.o
                0x90000000                cy_meta_custnvl

.cywolatch      0x90100000        0x4
 *(.cywolatch)
 .cywolatch     0x90100000        0x4 .\CortexM3\ARM_GCC_541\Debug\cymetadata.o
                0x90100000                cy_meta_wonvl

.cyeeprom       0x90200000        0x0
 *(.cyeeprom)
                0x00000001                ASSERT ((. <= ((0x90200000 + ee_offset) + ee_size)), .cyeeprom data will not fit in EEPROM)

.cyflashprotect
                0x90400000      0x100
 *(.cyflashprotect)
 .cyflashprotect
                0x90400000      0x100 .\CortexM3\ARM_GCC_541\Debug\cymetadata.o
                0x90400000                cy_meta_flashprotect

.cymeta         0x90500000        0xc
 *(.cymeta)
 .cymeta        0x90500000        0xc .\CortexM3\ARM_GCC_541\Debug\cymetadata.o
                0x90500000                cy_metadata

.rel.dyn        0x00006700        0x0 load address 0x9050000c
 .rel.iplt      0x00006700        0x0 f:/psoc creator/4.4/psoc creator/import/gnu/arm/5.4.1/bin/../lib/gcc/arm-none-eabi/5.4.1/armv7-m/crtbegin.o

.stab
 *(.stab)

.stabstr
 *(.stabstr)

.debug
 *(.debug)

.line
 *(.line)

.debug_srcinfo
 *(.debug_srcinfo)

.debug_sfnames
 *(.debug_sfnames)

.debug_aranges  0x00000000      0xa38
 *(.debug_aranges)
 .debug_aranges
                0x00000000       0x40 .\CortexM3\ARM_GCC_541\Debug\main.o
 .debug_aranges
                0x00000040       0x58 .\CortexM3\ARM_GCC_541\Debug\cyfitter_cfg.o
 .debug_aranges
                0x00000098       0x18 .\CortexM3\ARM_GCC_541\Debug\cymetadata.o
 .debug_aranges
                0x000000b0       0x48 .\CortexM3\ARM_GCC_541\Debug\Cm3Start.o
 .debug_aranges
                0x000000f8       0xf0 .\CortexM3\ARM_GCC_541\Debug\Interface1.a(UART_1.o)
 .debug_aranges
                0x000001e8       0x70 .\CortexM3\ARM_GCC_541\Debug\Interface1.a(UART_1_IntClock.o)
 .debug_aranges
                0x00000258      0x2a0 .\CortexM3\ARM_GCC_541\Debug\Interface1.a(CyLib.o)
 .debug_aranges
                0x000004f8       0x98 .\CortexM3\ARM_GCC_541\Debug\Interface1.a(cyPm.o)
 .debug_aranges
                0x00000590       0xa8 .\CortexM3\ARM_GCC_541\Debug\Interface1.a(ADC_SAR_1.o)
 .debug_aranges
                0x00000638       0x20 .\CortexM3\ARM_GCC_541\Debug\Interface1.a(ADC_SAR_1_INT.o)
 .debug_aranges
                0x00000658       0x80 .\CortexM3\ARM_GCC_541\Debug\Interface1.a(ADC_SAR_1_theACLK.o)
 .debug_aranges
                0x000006d8       0x88 .\CortexM3\ARM_GCC_541\Debug\Interface1.a(Timer_1.o)
 .debug_aranges
                0x00000760       0x38 .\CortexM3\ARM_GCC_541\Debug\Interface1.a(I2C_1.o)
 .debug_aranges
                0x00000798       0x20 .\CortexM3\ARM_GCC_541\Debug\Interface1.a(I2C_1_INT.o)
 .debug_aranges
                0x000007b8       0x38 .\CortexM3\ARM_GCC_541\Debug\Interface1.a(I2C_1_PM.o)
 .debug_aranges
                0x000007f0       0x80 .\CortexM3\ARM_GCC_541\Debug\Interface1.a(I2C_1_MASTER.o)
 .debug_aranges
                0x00000870       0xa0 .\CortexM3\ARM_GCC_541\Debug\Interface1.a(Counter_1.o)
 .debug_aranges
                0x00000910       0x20 .\CortexM3\ARM_GCC_541\Debug\Interface1.a(CyBootAsmGnu.o)
 .debug_aranges
                0x00000930       0x88 .\CortexM3\ARM_GCC_541\Debug\Interface1.a(CyFlash.o)
 .debug_aranges
                0x000009b8       0x80 .\CortexM3\ARM_GCC_541\Debug\Interface1.a(CySpc.o)

.debug_pubnames
 *(.debug_pubnames)

.debug_info     0x00000000     0x5c2f
 *(.debug_info .gnu.linkonce.wi.*)
 .debug_info    0x00000000      0x58b .\CortexM3\ARM_GCC_541\Debug\main.o
 .debug_info    0x0000058b      0x618 .\CortexM3\ARM_GCC_541\Debug\cyfitter_cfg.o
 .debug_info    0x00000ba3      0x139 .\CortexM3\ARM_GCC_541\Debug\cymetadata.o
 .debug_info    0x00000cdc      0x3bb .\CortexM3\ARM_GCC_541\Debug\Cm3Start.o
 .debug_info    0x00001097      0x60c .\CortexM3\ARM_GCC_541\Debug\Interface1.a(UART_1.o)
 .debug_info    0x000016a3      0x283 .\CortexM3\ARM_GCC_541\Debug\Interface1.a(UART_1_IntClock.o)
 .debug_info    0x00001926     0x1374 .\CortexM3\ARM_GCC_541\Debug\Interface1.a(CyLib.o)
 .debug_info    0x00002c9a      0xa2a .\CortexM3\ARM_GCC_541\Debug\Interface1.a(cyPm.o)
 .debug_info    0x000036c4      0x5c0 .\CortexM3\ARM_GCC_541\Debug\Interface1.a(ADC_SAR_1.o)
 .debug_info    0x00003c84       0x92 .\CortexM3\ARM_GCC_541\Debug\Interface1.a(ADC_SAR_1_INT.o)
 .debug_info    0x00003d16      0x2c4 .\CortexM3\ARM_GCC_541\Debug\Interface1.a(ADC_SAR_1_theACLK.o)
 .debug_info    0x00003fda      0x291 .\CortexM3\ARM_GCC_541\Debug\Interface1.a(Timer_1.o)
 .debug_info    0x0000426b      0x2ad .\CortexM3\ARM_GCC_541\Debug\Interface1.a(I2C_1.o)
 .debug_info    0x00004518      0x184 .\CortexM3\ARM_GCC_541\Debug\Interface1.a(I2C_1_INT.o)
 .debug_info    0x0000469c      0x207 .\CortexM3\ARM_GCC_541\Debug\Interface1.a(I2C_1_PM.o)
 .debug_info    0x000048a3      0x407 .\CortexM3\ARM_GCC_541\Debug\Interface1.a(I2C_1_MASTER.o)
 .debug_info    0x00004caa      0x36b .\CortexM3\ARM_GCC_541\Debug\Interface1.a(Counter_1.o)
 .debug_info    0x00005015       0x7d .\CortexM3\ARM_GCC_541\Debug\Interface1.a(CyBootAsmGnu.o)
 .debug_info    0x00005092      0x64d .\CortexM3\ARM_GCC_541\Debug\Interface1.a(CyFlash.o)
 .debug_info    0x000056df      0x550 .\CortexM3\ARM_GCC_541\Debug\Interface1.a(CySpc.o)

.debug_abbrev   0x00000000     0x1911
 *(.debug_abbrev)
 .debug_abbrev  0x00000000      0x160 .\CortexM3\ARM_GCC_541\Debug\main.o
 .debug_abbrev  0x00000160      0x20d .\CortexM3\ARM_GCC_541\Debug\cyfitter_cfg.o
 .debug_abbrev  0x0000036d       0x77 .\CortexM3\ARM_GCC_541\Debug\cymetadata.o
 .debug_abbrev  0x000003e4      0x1e8 .\CortexM3\ARM_GCC_541\Debug\Cm3Start.o
 .debug_abbrev  0x000005cc      0x175 .\CortexM3\ARM_GCC_541\Debug\Interface1.a(UART_1.o)
 .debug_abbrev  0x00000741      0x139 .\CortexM3\ARM_GCC_541\Debug\Interface1.a(UART_1_IntClock.o)
 .debug_abbrev  0x0000087a      0x254 .\CortexM3\ARM_GCC_541\Debug\Interface1.a(CyLib.o)
 .debug_abbrev  0x00000ace      0x1ab .\CortexM3\ARM_GCC_541\Debug\Interface1.a(cyPm.o)
 .debug_abbrev  0x00000c79      0x1ac .\CortexM3\ARM_GCC_541\Debug\Interface1.a(ADC_SAR_1.o)
 .debug_abbrev  0x00000e25       0x42 .\CortexM3\ARM_GCC_541\Debug\Interface1.a(ADC_SAR_1_INT.o)
 .debug_abbrev  0x00000e67      0x121 .\CortexM3\ARM_GCC_541\Debug\Interface1.a(ADC_SAR_1_theACLK.o)
 .debug_abbrev  0x00000f88      0x11a .\CortexM3\ARM_GCC_541\Debug\Interface1.a(Timer_1.o)
 .debug_abbrev  0x000010a2      0x10a .\CortexM3\ARM_GCC_541\Debug\Interface1.a(I2C_1.o)
 .debug_abbrev  0x000011ac       0xb6 .\CortexM3\ARM_GCC_541\Debug\Interface1.a(I2C_1_INT.o)
 .debug_abbrev  0x00001262       0xfe .\CortexM3\ARM_GCC_541\Debug\Interface1.a(I2C_1_PM.o)
 .debug_abbrev  0x00001360      0x13c .\CortexM3\ARM_GCC_541\Debug\Interface1.a(I2C_1_MASTER.o)
 .debug_abbrev  0x0000149c      0x126 .\CortexM3\ARM_GCC_541\Debug\Interface1.a(Counter_1.o)
 .debug_abbrev  0x000015c2       0x14 .\CortexM3\ARM_GCC_541\Debug\Interface1.a(CyBootAsmGnu.o)
 .debug_abbrev  0x000015d6      0x1a7 .\CortexM3\ARM_GCC_541\Debug\Interface1.a(CyFlash.o)
 .debug_abbrev  0x0000177d      0x194 .\CortexM3\ARM_GCC_541\Debug\Interface1.a(CySpc.o)

.debug_line     0x00000000     0x2840
 *(.debug_line)
 .debug_line    0x00000000      0x266 .\CortexM3\ARM_GCC_541\Debug\main.o
 .debug_line    0x00000266      0x208 .\CortexM3\ARM_GCC_541\Debug\cyfitter_cfg.o
 .debug_line    0x0000046e      0x141 .\CortexM3\ARM_GCC_541\Debug\cymetadata.o
 .debug_line    0x000005af      0x234 .\CortexM3\ARM_GCC_541\Debug\Cm3Start.o
 .debug_line    0x000007e3      0x2c0 .\CortexM3\ARM_GCC_541\Debug\Interface1.a(UART_1.o)
 .debug_line    0x00000aa3      0x17e .\CortexM3\ARM_GCC_541\Debug\Interface1.a(UART_1_IntClock.o)
 .debug_line    0x00000c21      0x816 .\CortexM3\ARM_GCC_541\Debug\Interface1.a(CyLib.o)
 .debug_line    0x00001437      0x367 .\CortexM3\ARM_GCC_541\Debug\Interface1.a(cyPm.o)
 .debug_line    0x0000179e      0x222 .\CortexM3\ARM_GCC_541\Debug\Interface1.a(ADC_SAR_1.o)
 .debug_line    0x000019c0       0x56 .\CortexM3\ARM_GCC_541\Debug\Interface1.a(ADC_SAR_1_INT.o)
 .debug_line    0x00001a16      0x1a3 .\CortexM3\ARM_GCC_541\Debug\Interface1.a(ADC_SAR_1_theACLK.o)
 .debug_line    0x00001bb9      0x155 .\CortexM3\ARM_GCC_541\Debug\Interface1.a(Timer_1.o)
 .debug_line    0x00001d0e       0xdf .\CortexM3\ARM_GCC_541\Debug\Interface1.a(I2C_1.o)
 .debug_line    0x00001ded      0x118 .\CortexM3\ARM_GCC_541\Debug\Interface1.a(I2C_1_INT.o)
 .debug_line    0x00001f05       0xbf .\CortexM3\ARM_GCC_541\Debug\Interface1.a(I2C_1_PM.o)
 .debug_line    0x00001fc4      0x201 .\CortexM3\ARM_GCC_541\Debug\Interface1.a(I2C_1_MASTER.o)
 .debug_line    0x000021c5      0x19b .\CortexM3\ARM_GCC_541\Debug\Interface1.a(Counter_1.o)
 .debug_line    0x00002360       0x66 .\CortexM3\ARM_GCC_541\Debug\Interface1.a(CyBootAsmGnu.o)
 .debug_line    0x000023c6      0x21a .\CortexM3\ARM_GCC_541\Debug\Interface1.a(CyFlash.o)
 .debug_line    0x000025e0      0x260 .\CortexM3\ARM_GCC_541\Debug\Interface1.a(CySpc.o)

.debug_frame    0x00000000     0x2300
 *(.debug_frame)
 .debug_frame   0x00000000       0xac .\CortexM3\ARM_GCC_541\Debug\main.o
 .debug_frame   0x000000ac       0xfc .\CortexM3\ARM_GCC_541\Debug\cyfitter_cfg.o
 .debug_frame   0x000001a8       0xb8 .\CortexM3\ARM_GCC_541\Debug\Cm3Start.o
 .debug_frame   0x00000260      0x250 .\CortexM3\ARM_GCC_541\Debug\Interface1.a(UART_1.o)
 .debug_frame   0x000004b0       0xe0 .\CortexM3\ARM_GCC_541\Debug\Interface1.a(UART_1_IntClock.o)
 .debug_frame   0x00000590      0x738 .\CortexM3\ARM_GCC_541\Debug\Interface1.a(CyLib.o)
 .debug_frame   0x00000cc8      0x1f8 .\CortexM3\ARM_GCC_541\Debug\Interface1.a(cyPm.o)
 .debug_frame   0x00000ec0      0x1b0 .\CortexM3\ARM_GCC_541\Debug\Interface1.a(ADC_SAR_1.o)
 .debug_frame   0x00001070       0x20 .\CortexM3\ARM_GCC_541\Debug\Interface1.a(ADC_SAR_1_INT.o)
 .debug_frame   0x00001090      0x100 .\CortexM3\ARM_GCC_541\Debug\Interface1.a(ADC_SAR_1_theACLK.o)
 .debug_frame   0x00001190      0x108 .\CortexM3\ARM_GCC_541\Debug\Interface1.a(Timer_1.o)
 .debug_frame   0x00001298       0x94 .\CortexM3\ARM_GCC_541\Debug\Interface1.a(I2C_1.o)
 .debug_frame   0x0000132c       0x30 .\CortexM3\ARM_GCC_541\Debug\Interface1.a(I2C_1_INT.o)
 .debug_frame   0x0000135c       0x74 .\CortexM3\ARM_GCC_541\Debug\Interface1.a(I2C_1_PM.o)
 .debug_frame   0x000013d0      0x138 .\CortexM3\ARM_GCC_541\Debug\Interface1.a(I2C_1_MASTER.o)
 .debug_frame   0x00001508      0x144 .\CortexM3\ARM_GCC_541\Debug\Interface1.a(Counter_1.o)
 .debug_frame   0x0000164c      0x194 .\CortexM3\ARM_GCC_541\Debug\Interface1.a(CyFlash.o)
 .debug_frame   0x000017e0      0x180 .\CortexM3\ARM_GCC_541\Debug\Interface1.a(CySpc.o)
 .debug_frame   0x00001960       0x44 f:/psoc creator/4.4/psoc creator/import/gnu/arm/5.4.1/bin/../lib/gcc/arm-none-eabi/5.4.1/armv7-m\libgcc.a(_aeabi_ldivmod.o)
 .debug_frame   0x000019a4       0x38 f:/psoc creator/4.4/psoc creator/import/gnu/arm/5.4.1/bin/../lib/gcc/arm-none-eabi/5.4.1/armv7-m\libgcc.a(_udivmoddi4.o)
 .debug_frame   0x000019dc       0x20 f:/psoc creator/4.4/psoc creator/import/gnu/arm/5.4.1/bin/../lib/gcc/arm-none-eabi/5.4.1/../../../../arm-none-eabi/lib/armv7-m\libg.a(lib_a-errno.o)
 .debug_frame   0x000019fc       0x28 f:/psoc creator/4.4/psoc creator/import/gnu/arm/5.4.1/bin/../lib/gcc/arm-none-eabi/5.4.1/../../../../arm-none-eabi/lib/armv7-m\libg.a(lib_a-exit.o)
 .debug_frame   0x00001a24       0x2c f:/psoc creator/4.4/psoc creator/import/gnu/arm/5.4.1/bin/../lib/gcc/arm-none-eabi/5.4.1/../../../../arm-none-eabi/lib/armv7-m\libg.a(lib_a-init.o)
 .debug_frame   0x00001a50       0x34 f:/psoc creator/4.4/psoc creator/import/gnu/arm/5.4.1/bin/../lib/gcc/arm-none-eabi/5.4.1/../../../../arm-none-eabi/lib/armv7-m\libg.a(lib_a-memset.o)
 .debug_frame   0x00001a84       0x84 f:/psoc creator/4.4/psoc creator/import/gnu/arm/5.4.1/bin/../lib/gcc/arm-none-eabi/5.4.1/../../../../arm-none-eabi/lib/armv7-m\libg.a(lib_a-sprintf.o)
 .debug_frame   0x00001b08       0x44 f:/psoc creator/4.4/psoc creator/import/gnu/arm/5.4.1/bin/../lib/gcc/arm-none-eabi/5.4.1/../../../../arm-none-eabi/lib/armv7-m\libg.a(lib_a-svfprintf.o)
 .debug_frame   0x00001b4c       0x50 f:/psoc creator/4.4/psoc creator/import/gnu/arm/5.4.1/bin/../lib/gcc/arm-none-eabi/5.4.1/../../../../arm-none-eabi/lib/armv7-m\libg.a(lib_a-__call_atexit.o)
 .debug_frame   0x00001b9c       0x20 f:/psoc creator/4.4/psoc creator/import/gnu/arm/5.4.1/bin/../lib/gcc/arm-none-eabi/5.4.1/../../../../arm-none-eabi/lib/armv7-m\libg.a(lib_a-atexit.o)
 .debug_frame   0x00001bbc       0x84 f:/psoc creator/4.4/psoc creator/import/gnu/arm/5.4.1/bin/../lib/gcc/arm-none-eabi/5.4.1/../../../../arm-none-eabi/lib/armv7-m\libg.a(lib_a-dtoa.o)
 .debug_frame   0x00001c40       0x34 f:/psoc creator/4.4/psoc creator/import/gnu/arm/5.4.1/bin/../lib/gcc/arm-none-eabi/5.4.1/../../../../arm-none-eabi/lib/armv7-m\libg.a(lib_a-fini.o)
 .debug_frame   0x00001c74       0x9c f:/psoc creator/4.4/psoc creator/import/gnu/arm/5.4.1/bin/../lib/gcc/arm-none-eabi/5.4.1/../../../../arm-none-eabi/lib/armv7-m\libg.a(lib_a-locale.o)
 .debug_frame   0x00001d10       0x54 f:/psoc creator/4.4/psoc creator/import/gnu/arm/5.4.1/bin/../lib/gcc/arm-none-eabi/5.4.1/../../../../arm-none-eabi/lib/armv7-m\libg.a(lib_a-mallocr.o)
 .debug_frame   0x00001d64       0x34 f:/psoc creator/4.4/psoc creator/import/gnu/arm/5.4.1/bin/../lib/gcc/arm-none-eabi/5.4.1/../../../../arm-none-eabi/lib/armv7-m\libg.a(lib_a-memchr-stub.o)
 .debug_frame   0x00001d98       0x30 f:/psoc creator/4.4/psoc creator/import/gnu/arm/5.4.1/bin/../lib/gcc/arm-none-eabi/5.4.1/../../../../arm-none-eabi/lib/armv7-m\libg.a(lib_a-mlock.o)
 .debug_frame   0x00001dc8      0x264 f:/psoc creator/4.4/psoc creator/import/gnu/arm/5.4.1/bin/../lib/gcc/arm-none-eabi/5.4.1/../../../../arm-none-eabi/lib/armv7-m\libg.a(lib_a-mprec.o)
 .debug_frame   0x0000202c       0x2c f:/psoc creator/4.4/psoc creator/import/gnu/arm/5.4.1/bin/../lib/gcc/arm-none-eabi/5.4.1/../../../../arm-none-eabi/lib/armv7-m\libg.a(lib_a-sbrkr.o)
 .debug_frame   0x00002058       0x34 f:/psoc creator/4.4/psoc creator/import/gnu/arm/5.4.1/bin/../lib/gcc/arm-none-eabi/5.4.1/../../../../arm-none-eabi/lib/armv7-m\libg.a(lib_a-strcmp.o)
 .debug_frame   0x0000208c       0x20 f:/psoc creator/4.4/psoc creator/import/gnu/arm/5.4.1/bin/../lib/gcc/arm-none-eabi/5.4.1/../../../../arm-none-eabi/lib/armv7-m\libg.a(lib_a-strlen-stub.o)
 .debug_frame   0x000020ac       0x78 f:/psoc creator/4.4/psoc creator/import/gnu/arm/5.4.1/bin/../lib/gcc/arm-none-eabi/5.4.1/../../../../arm-none-eabi/lib/armv7-m\libg.a(lib_a-svfiprintf.o)
 .debug_frame   0x00002124       0x34 f:/psoc creator/4.4/psoc creator/import/gnu/arm/5.4.1/bin/../lib/gcc/arm-none-eabi/5.4.1/../../../../arm-none-eabi/lib/armv7-m\libg.a(lib_a-__atexit.o)
 .debug_frame   0x00002158       0x28 f:/psoc creator/4.4/psoc creator/import/gnu/arm/5.4.1/bin/../lib/gcc/arm-none-eabi/5.4.1/../../../../arm-none-eabi/lib/armv7-m\libg.a(lib_a-callocr.o)
 .debug_frame   0x00002180       0x74 f:/psoc creator/4.4/psoc creator/import/gnu/arm/5.4.1/bin/../lib/gcc/arm-none-eabi/5.4.1/../../../../arm-none-eabi/lib/armv7-m\libg.a(lib_a-freer.o)
 .debug_frame   0x000021f4       0x30 f:/psoc creator/4.4/psoc creator/import/gnu/arm/5.4.1/bin/../lib/gcc/arm-none-eabi/5.4.1/../../../../arm-none-eabi/lib/armv7-m\libg.a(lib_a-memmove.o)
 .debug_frame   0x00002224       0x58 f:/psoc creator/4.4/psoc creator/import/gnu/arm/5.4.1/bin/../lib/gcc/arm-none-eabi/5.4.1/../../../../arm-none-eabi/lib/armv7-m\libg.a(lib_a-reallocr.o)
 .debug_frame   0x0000227c       0x58 f:/psoc creator/4.4/psoc creator/import/gnu/arm/5.4.1/bin/../lib/gcc/arm-none-eabi/5.4.1/../../../../arm-none-eabi/lib/armv7-m\libg.a(lib_a-reent.o)
 .debug_frame   0x000022d4       0x2c f:/psoc creator/4.4/psoc creator/import/gnu/arm/5.4.1/bin/../lib/gcc/arm-none-eabi/5.4.1/armv7-m\libgcc.a(_aeabi_uldivmod.o)

.debug_str      0x00000000     0x23e0
 *(.debug_str)
 .debug_str     0x00000000      0x352 .\CortexM3\ARM_GCC_541\Debug\main.o
                                0x3b0 (size before relaxing)
 .debug_str     0x00000352      0x1e7 .\CortexM3\ARM_GCC_541\Debug\cyfitter_cfg.o
                                0x33b (size before relaxing)
 .debug_str     0x00000539       0x75 .\CortexM3\ARM_GCC_541\Debug\cymetadata.o
                                0x1d1 (size before relaxing)
 .debug_str     0x000005ae      0x144 .\CortexM3\ARM_GCC_541\Debug\Cm3Start.o
                                0x2f7 (size before relaxing)
 .debug_str     0x000006f2      0x2f4 .\CortexM3\ARM_GCC_541\Debug\Interface1.a(UART_1.o)
                                0x4a0 (size before relaxing)
 .debug_str     0x000009e6      0x197 .\CortexM3\ARM_GCC_541\Debug\Interface1.a(UART_1_IntClock.o)
                                0x33b (size before relaxing)
 .debug_str     0x00000b7d      0x800 .\CortexM3\ARM_GCC_541\Debug\Interface1.a(CyLib.o)
                                0xa34 (size before relaxing)
 .debug_str     0x0000137d      0x365 .\CortexM3\ARM_GCC_541\Debug\Interface1.a(cyPm.o)
                                0x720 (size before relaxing)
 .debug_str     0x000016e2      0x259 .\CortexM3\ARM_GCC_541\Debug\Interface1.a(ADC_SAR_1.o)
                                0x4aa (size before relaxing)
 .debug_str     0x0000193b       0x35 .\CortexM3\ARM_GCC_541\Debug\Interface1.a(ADC_SAR_1_INT.o)
                                0x188 (size before relaxing)
 .debug_str     0x00001970      0x1bc .\CortexM3\ARM_GCC_541\Debug\Interface1.a(ADC_SAR_1_theACLK.o)
                                0x3a2 (size before relaxing)
 .debug_str     0x00001b2c      0x16c .\CortexM3\ARM_GCC_541\Debug\Interface1.a(Timer_1.o)
                                0x302 (size before relaxing)
 .debug_str     0x00001c98       0xef .\CortexM3\ARM_GCC_541\Debug\Interface1.a(I2C_1.o)
                                0x2e6 (size before relaxing)
 .debug_str     0x00001d87       0x94 .\CortexM3\ARM_GCC_541\Debug\Interface1.a(I2C_1_INT.o)
                                0x262 (size before relaxing)
 .debug_str     0x00001e1b       0x60 .\CortexM3\ARM_GCC_541\Debug\Interface1.a(I2C_1_PM.o)
                                0x27c (size before relaxing)
 .debug_str     0x00001e7b      0x150 .\CortexM3\ARM_GCC_541\Debug\Interface1.a(I2C_1_MASTER.o)
                                0x3bf (size before relaxing)
 .debug_str     0x00001fcb      0x1b5 .\CortexM3\ARM_GCC_541\Debug\Interface1.a(Counter_1.o)
                                0x3b6 (size before relaxing)
 .debug_str     0x00002180      0x1b4 .\CortexM3\ARM_GCC_541\Debug\Interface1.a(CyFlash.o)
                                0x3ad (size before relaxing)
 .debug_str     0x00002334       0xac .\CortexM3\ARM_GCC_541\Debug\Interface1.a(CySpc.o)
                                0x325 (size before relaxing)

.debug_loc      0x00000000     0x29d3
 *(.debug_loc)
 .debug_loc     0x00000000      0x20c .\CortexM3\ARM_GCC_541\Debug\main.o
 .debug_loc     0x0000020c      0x27f .\CortexM3\ARM_GCC_541\Debug\cyfitter_cfg.o
 .debug_loc     0x0000048b      0x144 .\CortexM3\ARM_GCC_541\Debug\Cm3Start.o
 .debug_loc     0x000005cf      0x258 .\CortexM3\ARM_GCC_541\Debug\Interface1.a(UART_1.o)
 .debug_loc     0x00000827      0x128 .\CortexM3\ARM_GCC_541\Debug\Interface1.a(UART_1_IntClock.o)
 .debug_loc     0x0000094f      0xa11 .\CortexM3\ARM_GCC_541\Debug\Interface1.a(CyLib.o)
 .debug_loc     0x00001360      0x1e4 .\CortexM3\ARM_GCC_541\Debug\Interface1.a(cyPm.o)
 .debug_loc     0x00001544      0x295 .\CortexM3\ARM_GCC_541\Debug\Interface1.a(ADC_SAR_1.o)
 .debug_loc     0x000017d9      0x14d .\CortexM3\ARM_GCC_541\Debug\Interface1.a(ADC_SAR_1_theACLK.o)
 .debug_loc     0x00001926       0x39 .\CortexM3\ARM_GCC_541\Debug\Interface1.a(I2C_1.o)
 .debug_loc     0x0000195f       0x29 .\CortexM3\ARM_GCC_541\Debug\Interface1.a(I2C_1_INT.o)
 .debug_loc     0x00001988       0x13 .\CortexM3\ARM_GCC_541\Debug\Interface1.a(I2C_1_PM.o)
 .debug_loc     0x0000199b      0x52f .\CortexM3\ARM_GCC_541\Debug\Interface1.a(I2C_1_MASTER.o)
 .debug_loc     0x00001eca       0x52 .\CortexM3\ARM_GCC_541\Debug\Interface1.a(Counter_1.o)
 .debug_loc     0x00001f1c      0x3b2 .\CortexM3\ARM_GCC_541\Debug\Interface1.a(CyFlash.o)
 .debug_loc     0x000022ce      0x705 .\CortexM3\ARM_GCC_541\Debug\Interface1.a(CySpc.o)

.debug_macinfo
 *(.debug_macinfo)

.debug_ranges   0x00000000      0x8e0
 *(.debug_ranges)
 .debug_ranges  0x00000000       0x30 .\CortexM3\ARM_GCC_541\Debug\main.o
 .debug_ranges  0x00000030       0x48 .\CortexM3\ARM_GCC_541\Debug\cyfitter_cfg.o
 .debug_ranges  0x00000078       0x38 .\CortexM3\ARM_GCC_541\Debug\Cm3Start.o
 .debug_ranges  0x000000b0       0xe0 .\CortexM3\ARM_GCC_541\Debug\Interface1.a(UART_1.o)
 .debug_ranges  0x00000190       0x60 .\CortexM3\ARM_GCC_541\Debug\Interface1.a(UART_1_IntClock.o)
 .debug_ranges  0x000001f0      0x290 .\CortexM3\ARM_GCC_541\Debug\Interface1.a(CyLib.o)
 .debug_ranges  0x00000480       0x88 .\CortexM3\ARM_GCC_541\Debug\Interface1.a(cyPm.o)
 .debug_ranges  0x00000508       0x98 .\CortexM3\ARM_GCC_541\Debug\Interface1.a(ADC_SAR_1.o)
 .debug_ranges  0x000005a0       0x10 .\CortexM3\ARM_GCC_541\Debug\Interface1.a(ADC_SAR_1_INT.o)
 .debug_ranges  0x000005b0       0x70 .\CortexM3\ARM_GCC_541\Debug\Interface1.a(ADC_SAR_1_theACLK.o)
 .debug_ranges  0x00000620       0x78 .\CortexM3\ARM_GCC_541\Debug\Interface1.a(Timer_1.o)
 .debug_ranges  0x00000698       0x28 .\CortexM3\ARM_GCC_541\Debug\Interface1.a(I2C_1.o)
 .debug_ranges  0x000006c0       0x10 .\CortexM3\ARM_GCC_541\Debug\Interface1.a(I2C_1_INT.o)
 .debug_ranges  0x000006d0       0x28 .\CortexM3\ARM_GCC_541\Debug\Interface1.a(I2C_1_PM.o)
 .debug_ranges  0x000006f8       0x70 .\CortexM3\ARM_GCC_541\Debug\Interface1.a(I2C_1_MASTER.o)
 .debug_ranges  0x00000768       0x90 .\CortexM3\ARM_GCC_541\Debug\Interface1.a(Counter_1.o)
 .debug_ranges  0x000007f8       0x78 .\CortexM3\ARM_GCC_541\Debug\Interface1.a(CyFlash.o)
 .debug_ranges  0x00000870       0x70 .\CortexM3\ARM_GCC_541\Debug\Interface1.a(CySpc.o)

.comment        0x00000000       0x6e
 .comment       0x00000000       0x6e .\CortexM3\ARM_GCC_541\Debug\main.o
                                 0x6f (size before relaxing)
 .comment       0x0000006e       0x6f .\CortexM3\ARM_GCC_541\Debug\cyfitter_cfg.o
 .comment       0x0000006e       0x6f .\CortexM3\ARM_GCC_541\Debug\cymetadata.o
 .comment       0x0000006e       0x6f .\CortexM3\ARM_GCC_541\Debug\Cm3Start.o
 .comment       0x0000006e       0x6f .\CortexM3\ARM_GCC_541\Debug\Interface1.a(UART_1.o)
 .comment       0x0000006e       0x6f .\CortexM3\ARM_GCC_541\Debug\Interface1.a(UART_1_IntClock.o)
 .comment       0x0000006e       0x6f .\CortexM3\ARM_GCC_541\Debug\Interface1.a(CyLib.o)
 .comment       0x0000006e       0x6f .\CortexM3\ARM_GCC_541\Debug\Interface1.a(cyPm.o)
 .comment       0x0000006e       0x6f .\CortexM3\ARM_GCC_541\Debug\Interface1.a(ADC_SAR_1.o)
 .comment       0x0000006e       0x6f .\CortexM3\ARM_GCC_541\Debug\Interface1.a(ADC_SAR_1_INT.o)
 .comment       0x0000006e       0x6f .\CortexM3\ARM_GCC_541\Debug\Interface1.a(ADC_SAR_1_theACLK.o)
 .comment       0x0000006e       0x6f .\CortexM3\ARM_GCC_541\Debug\Interface1.a(Timer_1.o)
 .comment       0x0000006e       0x6f .\CortexM3\ARM_GCC_541\Debug\Interface1.a(I2C_1.o)
 .comment       0x0000006e       0x6f .\CortexM3\ARM_GCC_541\Debug\Interface1.a(I2C_1_INT.o)
 .comment       0x0000006e       0x6f .\CortexM3\ARM_GCC_541\Debug\Interface1.a(I2C_1_PM.o)
 .comment       0x0000006e       0x6f .\CortexM3\ARM_GCC_541\Debug\Interface1.a(I2C_1_MASTER.o)
 .comment       0x0000006e       0x6f .\CortexM3\ARM_GCC_541\Debug\Interface1.a(Counter_1.o)
 .comment       0x0000006e       0x6f .\CortexM3\ARM_GCC_541\Debug\Interface1.a(CyFlash.o)
 .comment       0x0000006e       0x6f .\CortexM3\ARM_GCC_541\Debug\Interface1.a(CySpc.o)

.debug_weaknames
 *(.debug_weaknames)

.debug_funcnames
 *(.debug_funcnames)

.debug_typenames
 *(.debug_typenames)

.debug_varnames
 *(.debug_varnames)

.note.gnu.arm.ident
 *(.note.gnu.arm.ident)

.ARM.attributes
                0x00000000       0x29
 *(.ARM.attributes)
 .ARM.attributes
                0x00000000       0x1d f:/psoc creator/4.4/psoc creator/import/gnu/arm/5.4.1/bin/../lib/gcc/arm-none-eabi/5.4.1/armv7-m/crti.o
 .ARM.attributes
                0x0000001d       0x2d f:/psoc creator/4.4/psoc creator/import/gnu/arm/5.4.1/bin/../lib/gcc/arm-none-eabi/5.4.1/armv7-m/crtbegin.o
 .ARM.attributes
                0x0000004a       0x1b f:/psoc creator/4.4/psoc creator/import/gnu/arm/5.4.1/bin/../lib/gcc/arm-none-eabi/5.4.1/../../../../arm-none-eabi/lib/armv7-m/crt0.o
 .ARM.attributes
                0x00000065       0x33 .\CortexM3\ARM_GCC_541\Debug\main.o
 .ARM.attributes
                0x00000098       0x33 .\CortexM3\ARM_GCC_541\Debug\cyfitter_cfg.o
 .ARM.attributes
                0x000000cb       0x33 .\CortexM3\ARM_GCC_541\Debug\cymetadata.o
 .ARM.attributes
                0x000000fe       0x33 .\CortexM3\ARM_GCC_541\Debug\Cm3Start.o
 .ARM.attributes
                0x00000131       0x33 .\CortexM3\ARM_GCC_541\Debug\Interface1.a(UART_1.o)
 .ARM.attributes
                0x00000164       0x33 .\CortexM3\ARM_GCC_541\Debug\Interface1.a(UART_1_IntClock.o)
 .ARM.attributes
                0x00000197       0x33 .\CortexM3\ARM_GCC_541\Debug\Interface1.a(CyLib.o)
 .ARM.attributes
                0x000001ca       0x33 .\CortexM3\ARM_GCC_541\Debug\Interface1.a(cyPm.o)
 .ARM.attributes
                0x000001fd       0x33 .\CortexM3\ARM_GCC_541\Debug\Interface1.a(ADC_SAR_1.o)
 .ARM.attributes
                0x00000230       0x33 .\CortexM3\ARM_GCC_541\Debug\Interface1.a(ADC_SAR_1_INT.o)
 .ARM.attributes
                0x00000263       0x33 .\CortexM3\ARM_GCC_541\Debug\Interface1.a(ADC_SAR_1_theACLK.o)
 .ARM.attributes
                0x00000296       0x33 .\CortexM3\ARM_GCC_541\Debug\Interface1.a(Timer_1.o)
 .ARM.attributes
                0x000002c9       0x33 .\CortexM3\ARM_GCC_541\Debug\Interface1.a(I2C_1.o)
 .ARM.attributes
                0x000002fc       0x33 .\CortexM3\ARM_GCC_541\Debug\Interface1.a(I2C_1_INT.o)
 .ARM.attributes
                0x0000032f       0x33 .\CortexM3\ARM_GCC_541\Debug\Interface1.a(I2C_1_PM.o)
 .ARM.attributes
                0x00000362       0x33 .\CortexM3\ARM_GCC_541\Debug\Interface1.a(I2C_1_MASTER.o)
 .ARM.attributes
                0x00000395       0x33 .\CortexM3\ARM_GCC_541\Debug\Interface1.a(Counter_1.o)
 .ARM.attributes
                0x000003c8       0x21 .\CortexM3\ARM_GCC_541\Debug\Interface1.a(CyBootAsmGnu.o)
 .ARM.attributes
                0x000003e9       0x33 .\CortexM3\ARM_GCC_541\Debug\Interface1.a(CyFlash.o)
 .ARM.attributes
                0x0000041c       0x33 .\CortexM3\ARM_GCC_541\Debug\Interface1.a(CySpc.o)
 .ARM.attributes
                0x0000044f       0x1d f:/psoc creator/4.4/psoc creator/import/gnu/arm/5.4.1/bin/../lib/gcc/arm-none-eabi/5.4.1/armv7-m\libgcc.a(_arm_addsubdf3.o)
 .ARM.attributes
                0x0000046c       0x1d f:/psoc creator/4.4/psoc creator/import/gnu/arm/5.4.1/bin/../lib/gcc/arm-none-eabi/5.4.1/armv7-m\libgcc.a(_arm_muldivdf3.o)
 .ARM.attributes
                0x00000489       0x1d f:/psoc creator/4.4/psoc creator/import/gnu/arm/5.4.1/bin/../lib/gcc/arm-none-eabi/5.4.1/armv7-m\libgcc.a(_arm_fixdfsi.o)
 .ARM.attributes
                0x000004a6       0x1d f:/psoc creator/4.4/psoc creator/import/gnu/arm/5.4.1/bin/../lib/gcc/arm-none-eabi/5.4.1/armv7-m\libgcc.a(_arm_addsubsf3.o)
 .ARM.attributes
                0x000004c3       0x1d f:/psoc creator/4.4/psoc creator/import/gnu/arm/5.4.1/bin/../lib/gcc/arm-none-eabi/5.4.1/armv7-m\libgcc.a(_arm_muldivsf3.o)
 .ARM.attributes
                0x000004e0       0x1d f:/psoc creator/4.4/psoc creator/import/gnu/arm/5.4.1/bin/../lib/gcc/arm-none-eabi/5.4.1/armv7-m\libgcc.a(_arm_fixsfsi.o)
 .ARM.attributes
                0x000004fd       0x1d f:/psoc creator/4.4/psoc creator/import/gnu/arm/5.4.1/bin/../lib/gcc/arm-none-eabi/5.4.1/armv7-m\libgcc.a(_aeabi_ldivmod.o)
 .ARM.attributes
                0x0000051a       0x2d f:/psoc creator/4.4/psoc creator/import/gnu/arm/5.4.1/bin/../lib/gcc/arm-none-eabi/5.4.1/armv7-m\libgcc.a(_udivmoddi4.o)
 .ARM.attributes
                0x00000547       0x1d f:/psoc creator/4.4/psoc creator/import/gnu/arm/5.4.1/bin/../lib/gcc/arm-none-eabi/5.4.1/armv7-m\libgcc.a(_dvmd_tls.o)
 .ARM.attributes
                0x00000564       0x2d f:/psoc creator/4.4/psoc creator/import/gnu/arm/5.4.1/bin/../lib/gcc/arm-none-eabi/5.4.1/../../../../arm-none-eabi/lib/armv7-m\libg.a(lib_a-errno.o)
 .ARM.attributes
                0x00000591       0x2d f:/psoc creator/4.4/psoc creator/import/gnu/arm/5.4.1/bin/../lib/gcc/arm-none-eabi/5.4.1/../../../../arm-none-eabi/lib/armv7-m\libg.a(lib_a-exit.o)
 .ARM.attributes
                0x000005be       0x2d f:/psoc creator/4.4/psoc creator/import/gnu/arm/5.4.1/bin/../lib/gcc/arm-none-eabi/5.4.1/../../../../arm-none-eabi/lib/armv7-m\libg.a(lib_a-impure.o)
 .ARM.attributes
                0x000005eb       0x2d f:/psoc creator/4.4/psoc creator/import/gnu/arm/5.4.1/bin/../lib/gcc/arm-none-eabi/5.4.1/../../../../arm-none-eabi/lib/armv7-m\libg.a(lib_a-init.o)
 .ARM.attributes
                0x00000618       0x1b f:/psoc creator/4.4/psoc creator/import/gnu/arm/5.4.1/bin/../lib/gcc/arm-none-eabi/5.4.1/../../../../arm-none-eabi/lib/armv7-m\libg.a(lib_a-memcpy.o)
 .ARM.attributes
                0x00000633       0x2d f:/psoc creator/4.4/psoc creator/import/gnu/arm/5.4.1/bin/../lib/gcc/arm-none-eabi/5.4.1/../../../../arm-none-eabi/lib/armv7-m\libg.a(lib_a-memset.o)
 .ARM.attributes
                0x00000660       0x2d f:/psoc creator/4.4/psoc creator/import/gnu/arm/5.4.1/bin/../lib/gcc/arm-none-eabi/5.4.1/../../../../arm-none-eabi/lib/armv7-m\libg.a(lib_a-sprintf.o)
 .ARM.attributes
                0x0000068d       0x2d f:/psoc creator/4.4/psoc creator/import/gnu/arm/5.4.1/bin/../lib/gcc/arm-none-eabi/5.4.1/../../../../arm-none-eabi/lib/armv7-m\libg.a(lib_a-svfprintf.o)
 .ARM.attributes
                0x000006ba       0x2d f:/psoc creator/4.4/psoc creator/import/gnu/arm/5.4.1/bin/../lib/gcc/arm-none-eabi/5.4.1/../../../../arm-none-eabi/lib/armv7-m\libg.a(lib_a-__call_atexit.o)
 .ARM.attributes
                0x000006e7       0x2d f:/psoc creator/4.4/psoc creator/import/gnu/arm/5.4.1/bin/../lib/gcc/arm-none-eabi/5.4.1/../../../../arm-none-eabi/lib/armv7-m\libg.a(lib_a-atexit.o)
 .ARM.attributes
                0x00000714       0x2d f:/psoc creator/4.4/psoc creator/import/gnu/arm/5.4.1/bin/../lib/gcc/arm-none-eabi/5.4.1/../../../../arm-none-eabi/lib/armv7-m\libg.a(lib_a-dtoa.o)
 .ARM.attributes
                0x00000741       0x2d f:/psoc creator/4.4/psoc creator/import/gnu/arm/5.4.1/bin/../lib/gcc/arm-none-eabi/5.4.1/../../../../arm-none-eabi/lib/armv7-m\libg.a(lib_a-fini.o)
 .ARM.attributes
                0x0000076e       0x2d f:/psoc creator/4.4/psoc creator/import/gnu/arm/5.4.1/bin/../lib/gcc/arm-none-eabi/5.4.1/../../../../arm-none-eabi/lib/armv7-m\libg.a(lib_a-locale.o)
 .ARM.attributes
                0x0000079b       0x2d f:/psoc creator/4.4/psoc creator/import/gnu/arm/5.4.1/bin/../lib/gcc/arm-none-eabi/5.4.1/../../../../arm-none-eabi/lib/armv7-m\libg.a(lib_a-mallocr.o)
 .ARM.attributes
                0x000007c8       0x2d f:/psoc creator/4.4/psoc creator/import/gnu/arm/5.4.1/bin/../lib/gcc/arm-none-eabi/5.4.1/../../../../arm-none-eabi/lib/armv7-m\libg.a(lib_a-memchr-stub.o)
 .ARM.attributes
                0x000007f5       0x2d f:/psoc creator/4.4/psoc creator/import/gnu/arm/5.4.1/bin/../lib/gcc/arm-none-eabi/5.4.1/../../../../arm-none-eabi/lib/armv7-m\libg.a(lib_a-mlock.o)
 .ARM.attributes
                0x00000822       0x2d f:/psoc creator/4.4/psoc creator/import/gnu/arm/5.4.1/bin/../lib/gcc/arm-none-eabi/5.4.1/../../../../arm-none-eabi/lib/armv7-m\libg.a(lib_a-mprec.o)
 .ARM.attributes
                0x0000084f       0x2d f:/psoc creator/4.4/psoc creator/import/gnu/arm/5.4.1/bin/../lib/gcc/arm-none-eabi/5.4.1/../../../../arm-none-eabi/lib/armv7-m\libg.a(lib_a-sbrkr.o)
 .ARM.attributes
                0x0000087c       0x1b f:/psoc creator/4.4/psoc creator/import/gnu/arm/5.4.1/bin/../lib/gcc/arm-none-eabi/5.4.1/../../../../arm-none-eabi/lib/armv7-m\libg.a(lib_a-strcmp.o)
 .ARM.attributes
                0x00000897       0x2d f:/psoc creator/4.4/psoc creator/import/gnu/arm/5.4.1/bin/../lib/gcc/arm-none-eabi/5.4.1/../../../../arm-none-eabi/lib/armv7-m\libg.a(lib_a-strlen-stub.o)
 .ARM.attributes
                0x000008c4       0x2d f:/psoc creator/4.4/psoc creator/import/gnu/arm/5.4.1/bin/../lib/gcc/arm-none-eabi/5.4.1/../../../../arm-none-eabi/lib/armv7-m\libg.a(lib_a-svfiprintf.o)
 .ARM.attributes
                0x000008f1       0x2d f:/psoc creator/4.4/psoc creator/import/gnu/arm/5.4.1/bin/../lib/gcc/arm-none-eabi/5.4.1/../../../../arm-none-eabi/lib/armv7-m\libg.a(lib_a-__atexit.o)
 .ARM.attributes
                0x0000091e       0x2d f:/psoc creator/4.4/psoc creator/import/gnu/arm/5.4.1/bin/../lib/gcc/arm-none-eabi/5.4.1/../../../../arm-none-eabi/lib/armv7-m\libg.a(lib_a-callocr.o)
 .ARM.attributes
                0x0000094b       0x2d f:/psoc creator/4.4/psoc creator/import/gnu/arm/5.4.1/bin/../lib/gcc/arm-none-eabi/5.4.1/../../../../arm-none-eabi/lib/armv7-m\libg.a(lib_a-freer.o)
 .ARM.attributes
                0x00000978       0x2d f:/psoc creator/4.4/psoc creator/import/gnu/arm/5.4.1/bin/../lib/gcc/arm-none-eabi/5.4.1/../../../../arm-none-eabi/lib/armv7-m\libg.a(lib_a-memmove.o)
 .ARM.attributes
                0x000009a5       0x2d f:/psoc creator/4.4/psoc creator/import/gnu/arm/5.4.1/bin/../lib/gcc/arm-none-eabi/5.4.1/../../../../arm-none-eabi/lib/armv7-m\libg.a(lib_a-reallocr.o)
 .ARM.attributes
                0x000009d2       0x2d f:/psoc creator/4.4/psoc creator/import/gnu/arm/5.4.1/bin/../lib/gcc/arm-none-eabi/5.4.1/../../../../arm-none-eabi/lib/armv7-m\libg.a(lib_a-reent.o)
 .ARM.attributes
                0x000009ff       0x1d f:/psoc creator/4.4/psoc creator/import/gnu/arm/5.4.1/bin/../lib/gcc/arm-none-eabi/5.4.1/armv7-m\libgcc.a(_arm_cmpdf2.o)
 .ARM.attributes
                0x00000a1c       0x1d f:/psoc creator/4.4/psoc creator/import/gnu/arm/5.4.1/bin/../lib/gcc/arm-none-eabi/5.4.1/armv7-m\libgcc.a(_arm_unorddf2.o)
 .ARM.attributes
                0x00000a39       0x1d f:/psoc creator/4.4/psoc creator/import/gnu/arm/5.4.1/bin/../lib/gcc/arm-none-eabi/5.4.1/armv7-m\libgcc.a(_aeabi_uldivmod.o)
 .ARM.attributes
                0x00000a56       0x2d f:/psoc creator/4.4/psoc creator/import/gnu/arm/5.4.1/bin/../lib/gcc/arm-none-eabi/5.4.1/armv7-m/crtend.o
 .ARM.attributes
                0x00000a83       0x1d f:/psoc creator/4.4/psoc creator/import/gnu/arm/5.4.1/bin/../lib/gcc/arm-none-eabi/5.4.1/armv7-m/crtn.o

/DISCARD/
 *(.note.GNU-stack)
OUTPUT(F:\Downloads\SLED\Workspace01\Interface1.cydsn\CortexM3\ARM_GCC_541\Debug\Interface1.elf elf32-littlearm)
