Archive member included to satisfy reference by file (symbol)

.\CortexM3\ARM_GCC_541\Debug\Interface1.a(UART_1.o)
                              .\CortexM3\ARM_GCC_541\Debug\main.o (UART_1_Start)
.\CortexM3\ARM_GCC_541\Debug\Interface1.a(UART_1_IntClock.o)
                              .\CortexM3\ARM_GCC_541\Debug\Interface1.a(UART_1.o) (UART_1_IntClock_Start)
.\CortexM3\ARM_GCC_541\Debug\Interface1.a(CyLib.o)
                              .\CortexM3\ARM_GCC_541\Debug\Cm3Start.o (CyHalt)
.\CortexM3\ARM_GCC_541\Debug\Interface1.a(cyPm.o)
                              .\CortexM3\ARM_GCC_541\Debug\Interface1.a(CyLib.o) (CyPmReadStatus)
.\CortexM3\ARM_GCC_541\Debug\Interface1.a(ADC_SAR_1.o)
                              .\CortexM3\ARM_GCC_541\Debug\main.o (ADC_SAR_1_Start)
.\CortexM3\ARM_GCC_541\Debug\Interface1.a(ADC_SAR_1_INT.o)
                              .\CortexM3\ARM_GCC_541\Debug\Interface1.a(ADC_SAR_1.o) (ADC_SAR_1_ISR)
.\CortexM3\ARM_GCC_541\Debug\Interface1.a(ADC_SAR_1_theACLK.o)
                              .\CortexM3\ARM_GCC_541\Debug\Interface1.a(ADC_SAR_1.o) (ADC_SAR_1_theACLK_SetModeRegister)
.\CortexM3\ARM_GCC_541\Debug\Interface1.a(I2C_1.o)
                              .\CortexM3\ARM_GCC_541\Debug\main.o (I2C_1_Start)
.\CortexM3\ARM_GCC_541\Debug\Interface1.a(I2C_1_INT.o)
                              .\CortexM3\ARM_GCC_541\Debug\Interface1.a(I2C_1.o) (I2C_1_ISR)
.\CortexM3\ARM_GCC_541\Debug\Interface1.a(I2C_1_PM.o)
                              .\CortexM3\ARM_GCC_541\Debug\Interface1.a(I2C_1.o) (I2C_1_backup)
.\CortexM3\ARM_GCC_541\Debug\Interface1.a(I2C_1_MASTER.o)
                              .\CortexM3\ARM_GCC_541\Debug\main.o (I2C_1_MasterWriteBuf)
.\CortexM3\ARM_GCC_541\Debug\Interface1.a(Counter_1.o)
                              .\CortexM3\ARM_GCC_541\Debug\main.o (Counter_1_WriteCounter)
.\CortexM3\ARM_GCC_541\Debug\Interface1.a(Heater_ENA.o)
                              .\CortexM3\ARM_GCC_541\Debug\main.o (Heater_ENA_Write)
.\CortexM3\ARM_GCC_541\Debug\Interface1.a(PWM_1.o)
                              .\CortexM3\ARM_GCC_541\Debug\main.o (PWM_1_Stop)
.\CortexM3\ARM_GCC_541\Debug\Interface1.a(Heater_IN1.o)
                              .\CortexM3\ARM_GCC_541\Debug\main.o (Heater_IN1_Write)
.\CortexM3\ARM_GCC_541\Debug\Interface1.a(Heater_IN2.o)
                              .\CortexM3\ARM_GCC_541\Debug\main.o (Heater_IN2_Write)
.\CortexM3\ARM_GCC_541\Debug\Interface1.a(CyBootAsmGnu.o)
                              .\CortexM3\ARM_GCC_541\Debug\cyfitter_cfg.o (CyDelayCycles)
.\CortexM3\ARM_GCC_541\Debug\Interface1.a(CyFlash.o)
                              .\CortexM3\ARM_GCC_541\Debug\Interface1.a(cyPm.o) (CyFlash_SetWaitCycles)
.\CortexM3\ARM_GCC_541\Debug\Interface1.a(CySpc.o)
                              .\CortexM3\ARM_GCC_541\Debug\Interface1.a(CyFlash.o) (CySpcStart)
f:/psoc creator/4.4/psoc creator/import/gnu/arm/5.4.1/bin/../lib/gcc/arm-none-eabi/5.4.1/../../../../arm-none-eabi/lib/armv7-m\libm.a(lib_a-sf_ceil.o)
                              .\CortexM3\ARM_GCC_541\Debug\main.o (ceilf)
f:/psoc creator/4.4/psoc creator/import/gnu/arm/5.4.1/bin/../lib/gcc/arm-none-eabi/5.4.1/../../../../arm-none-eabi/lib/armv7-m\libm.a(lib_a-wf_log.o)
                              .\CortexM3\ARM_GCC_541\Debug\main.o (logf)
f:/psoc creator/4.4/psoc creator/import/gnu/arm/5.4.1/bin/../lib/gcc/arm-none-eabi/5.4.1/../../../../arm-none-eabi/lib/armv7-m\libm.a(lib_a-ef_log.o)
                              f:/psoc creator/4.4/psoc creator/import/gnu/arm/5.4.1/bin/../lib/gcc/arm-none-eabi/5.4.1/../../../../arm-none-eabi/lib/armv7-m\libm.a(lib_a-wf_log.o) (__ieee754_logf)
f:/psoc creator/4.4/psoc creator/import/gnu/arm/5.4.1/bin/../lib/gcc/arm-none-eabi/5.4.1/../../../../arm-none-eabi/lib/armv7-m\libm.a(lib_a-s_lib_ver.o)
                              f:/psoc creator/4.4/psoc creator/import/gnu/arm/5.4.1/bin/../lib/gcc/arm-none-eabi/5.4.1/../../../../arm-none-eabi/lib/armv7-m\libm.a(lib_a-wf_log.o) (__fdlib_version)
f:/psoc creator/4.4/psoc creator/import/gnu/arm/5.4.1/bin/../lib/gcc/arm-none-eabi/5.4.1/../../../../arm-none-eabi/lib/armv7-m\libm.a(lib_a-s_matherr.o)
                              f:/psoc creator/4.4/psoc creator/import/gnu/arm/5.4.1/bin/../lib/gcc/arm-none-eabi/5.4.1/../../../../arm-none-eabi/lib/armv7-m\libm.a(lib_a-wf_log.o) (matherr)
f:/psoc creator/4.4/psoc creator/import/gnu/arm/5.4.1/bin/../lib/gcc/arm-none-eabi/5.4.1/../../../../arm-none-eabi/lib/armv7-m\libm.a(lib_a-s_nan.o)
                              f:/psoc creator/4.4/psoc creator/import/gnu/arm/5.4.1/bin/../lib/gcc/arm-none-eabi/5.4.1/../../../../arm-none-eabi/lib/armv7-m\libm.a(lib_a-wf_log.o) (nan)
f:/psoc creator/4.4/psoc creator/import/gnu/arm/5.4.1/bin/../lib/gcc/arm-none-eabi/5.4.1/armv7-m\libgcc.a(_arm_addsubdf3.o)
                              .\CortexM3\ARM_GCC_541\Debug\main.o (__aeabi_dsub)
[...]
Memory Configuration

Name             Origin             Length             Attributes
rom              0x00000000         0x00040000         xr
ram              0x1fff8000         0x00010000         xrw
*default*        0x00000000         0xffffffff

Linker script and memory map

LOAD f:/psoc creator/4.4/psoc creator/import/gnu/arm/5.4.1/bin/../lib/gcc/arm-none-eabi/5.4.1/armv7-m/crti.o
LOAD f:/psoc creator/4.4/psoc creator/import/gnu/arm/5.4.1/bin/../lib/gcc/arm-none-eabi/5.4.1/armv7-m/crtbegin.o
LOAD f:/psoc creator/4.4/psoc creator/import/gnu/arm/5.4.1/bin/../lib/gcc/arm-none-eabi/5.4.1/../../../../arm-none-eabi/lib/armv7-m/crt0.o
START GROUP
LOAD .\CortexM3\ARM_GCC_541\Debug\main.o
LOAD .\CortexM3\ARM_GCC_541\Debug\cyfitter_cfg.o
LOAD .\CortexM3\ARM_GCC_541\Debug\cymetadata.o
LOAD .\CortexM3\ARM_GCC_541\Debug\Cm3Start.o
LOAD .\CortexM3\ARM_GCC_541\Debug\Interface1.a
LOAD F:\PSoC Creator\4.4\PSoC Creator\psoc\content\cycomponentlibrary\CyComponentLibrary.cylib\CortexM3\ARM_GCC_541\Debug\CyComponentLibrary.a
LOAD f:/psoc creator/4.4/psoc creator/import/gnu/arm/5.4.1/bin/../lib/gcc/arm-none-eabi/5.4.1/../../../../arm-none-eabi/lib/armv7-m\libm.a
END GROUP
START GROUP
LOAD f:/psoc creator/4.4/psoc creator/import/gnu/arm/5.4.1/bin/../lib/gcc/arm-none-eabi/5.4.1/armv7-m\libgcc.a
LOAD f:/psoc creator/4.4/psoc creator/import/gnu/arm/5.4.1/bin/../lib/gcc/arm-none-eabi/5.4.1/../../../../arm-none-eabi/lib/armv7-m\libg.a
LOAD f:/psoc creator/4.4/psoc creator/import/gnu/arm/5.4.1/bin/../lib/gcc/arm-none-eabi/5.4.1/../../../../arm-none-eabi/lib/armv7-m\libc.a
END GROUP
LOAD f:/psoc creator/4.4/psoc creator/import/gnu/arm/5.4.1/bin/../lib/gcc/arm-none-eabi/5.4.1/armv7-m/crtend.o
LOAD f:/psoc creator/4.4/psoc creator/import/gnu/arm/5.4.1/bin/../lib/gcc/arm-none-eabi/5.4.1/armv7-m/crtn.o
START GROUP
LOAD f:/psoc creator/4.4/psoc creator/import/gnu/arm/5.4.1/bin/../lib/gcc/arm-none-eabi/5.4.1/armv7-m\libgcc.a
LOAD f:/psoc creator/4.4/psoc creator/import/gnu/arm/5.4.1/bin/../lib/gcc/arm-none-eabi/5.4.1/../../../../arm-none-eabi/lib/armv7-m\libc.a
LOAD f:/psoc creator/4.4/psoc creator/import/gnu/arm/5.4.1/bin/../lib/gcc/arm-none-eabi/5.4.1/../../../../arm-none-eabi/lib/armv7-m\libnosys.a
END GROUP
                0x00000000                CY_APPL_ORIGIN = 0x0
                0x00000100                CY_FLASH_ROW_SIZE = 0x100
                0x00000020                CY_ECC_ROW_SIZE = 0x20
                0x00000000                CY_EE_IN_BTLDR = 0x0
                0x00000000                CY_APPL_LOADABLE = 0x0
                0x00000800                CY_EE_SIZE = 0x800
                0x00000001                CY_APPL_NUM = 0x1
                0x00000001                CY_APPL_MAX = 0x1
                0x00000040                CY_METADATA_SIZE = 0x40
                0x00000000                CY_APPL_LOADABLE = 0x0
                0x00000000                CY_CHECKSUM_EXCLUDE_SIZE = ALIGN (0x0, CY_FLASH_ROW_SIZE)
                [!provide]                PROVIDE (__cy_heap_start, _end)
                0x00000001                PROVIDE (__cy_region_num, ((__cy_regions_end - __cy_regions) / 0x10))
                0x20008000                PROVIDE (__cy_stack, (ORIGIN (ram) + LENGTH (ram)))
                [!provide]                PROVIDE (__cy_heap_end, (__cy_stack - 0x800))

.cybootloader   0x00000000        0x0
 *(.cybootloader)
                0x00000000                appl1_start = CY_APPL_ORIGIN?CY_APPL_ORIGIN:ALIGN (CY_FLASH_ROW_SIZE)
                0x0001ff00                appl2_start = (appl1_start + ALIGN ((((LENGTH (rom) - appl1_start) - (0x2 * CY_FLASH_ROW_SIZE)) / 0x2), CY_FLASH_ROW_SIZE))
                0x00000000                appl_start = (CY_APPL_NUM == 0x1)?appl1_start:appl2_start
                0x00000000                ecc_offset = ((appl_start / CY_FLASH_ROW_SIZE) * CY_ECC_ROW_SIZE)
                0x00000000                ee_offset = (CY_APPL_LOADABLE && ! (CY_EE_IN_BTLDR))?((CY_EE_SIZE / CY_APPL_MAX) * (CY_APPL_NUM - 0x1)):0x0
                0x00000800                ee_size = (CY_APPL_LOADABLE && ! (CY_EE_IN_BTLDR))?(CY_EE_SIZE / CY_APPL_MAX):CY_EE_SIZE
                [!provide]                PROVIDE (CY_ECC_OFFSET, ecc_offset)

.text           0x00000000     0x68fc
 CREATE_OBJECT_SYMBOLS
                0x00000000                PROVIDE (__cy_interrupt_vector, RomVectors)
 *(.romvectors)
 .romvectors    0x00000000       0x10 .\CortexM3\ARM_GCC_541\Debug\Cm3Start.o
                0x00000000                RomVectors
                0x00000001                ASSERT ((. != __cy_interrupt_vector), No interrupt vector)
                0x00000001                ASSERT (CY_APPL_ORIGIN?(SIZEOF (.cybootloader) <= CY_APPL_ORIGIN):0x1, Wrong image location)
                0x00000010                PROVIDE (__cy_reset, Reset)
 *(.text.Reset)
 .text.Reset    0x00000010       0x18 .\CortexM3\ARM_GCC_541\Debug\Cm3Start.o
                0x00000010                Reset
                0x00000001                ASSERT ((. != __cy_reset), No reset code)
 *(.dma_init)
                0x00000001                ASSERT ((((appl_start + .) <= 0x10000) || 0x1), DMA Init must be within the first 64k of flash)
 *(.text .text.* .gnu.linkonce.t.*)
 .text          0x00000028       0x5c f:/psoc creator/4.4/psoc creator/import/gnu/arm/5.4.1/bin/../lib/gcc/arm-none-eabi/5.4.1/armv7-m/crtbegin.o
 .text.I2C_Write
                0x00000084       0x1c .\CortexM3\ARM_GCC_541\Debug\main.o
                0x00000084                I2C_Write
 .text.I2C_Read
                0x000000a0       0x1c .\CortexM3\ARM_GCC_541\Debug\main.o
                0x000000a0                I2C_Read
 .text.read_sensor_data
                0x000000bc       0x88 .\CortexM3\ARM_GCC_541\Debug\main.o
                0x000000bc                read_sensor_data
 *fill*         0x00000144        0x4 
 .text.read_capacitance
                0x00000148       0x78 .\CortexM3\ARM_GCC_541\Debug\main.o
                0x00000148                read_capacitance
 .text.read_temperature
                0x000001c0      0x11c .\CortexM3\ARM_GCC_541\Debug\main.o
                0x000001c0                read_temperature
 .text.heater   0x000002dc       0x64 .\CortexM3\ARM_GCC_541\Debug\main.o
                0x000002dc                heater
 .text.main     0x00000340       0x78 .\CortexM3\ARM_GCC_541\Debug\main.o
                0x00000340                main
 .text.CyClockStartupError
                0x000003b8        0x4 .\CortexM3\ARM_GCC_541\Debug\cyfitter_cfg.o
 .text.cfg_write_bytes32
                0x000003bc       0x34 .\CortexM3\ARM_GCC_541\Debug\cyfitter_cfg.o
 .text.CYMEMZERO
                0x000003f0        0xc .\CortexM3\ARM_GCC_541\Debug\cyfitter_cfg.o
 .text.AnalogSetDefault
                0x000003fc       0x80 .\CortexM3\ARM_GCC_541\Debug\cyfitter_cfg.o
 .text.CYCONFIGCPY
                0x0000047c        0x8 .\CortexM3\ARM_GCC_541\Debug\cyfitter_cfg.o
 .text.ClockSetup
                0x00000484       0xfc .\CortexM3\ARM_GCC_541\Debug\cyfitter_cfg.o
 .text.cyfitter_cfg
                0x00000580      0x120 .\CortexM3\ARM_GCC_541\Debug\cyfitter_cfg.o
                0x00000580                cyfitter_cfg
 .text.IntDefaultHandler
                0x000006a0       0x10 .\CortexM3\ARM_GCC_541\Debug\Cm3Start.o
                0x000006a0                IntDefaultHandler
 .text._sbrk    0x000006b0       0x30 .\CortexM3\ARM_GCC_541\Debug\Cm3Start.o
                0x000006b0                _sbrk
 .text.Start_c  0x000006e0       0x4c .\CortexM3\ARM_GCC_541\Debug\Cm3Start.o
                0x000006e0                Start_c
 .text.initialize_psoc
                0x0000072c       0x68 .\CortexM3\ARM_GCC_541\Debug\Cm3Start.o
                0x0000072c                initialize_psoc
 .text.UART_1_Init
                0x00000794       0x24 .\CortexM3\ARM_GCC_541\Debug\Interface1.a(UART_1.o)
                0x00000794                UART_1_Init
 .text.UART_1_Enable
                0x000007b8       0x38 .\CortexM3\ARM_GCC_541\Debug\Interface1.a(UART_1.o)
                0x000007b8                UART_1_Enable
 .text.UART_1_Start
                0x000007f0       0x1c .\CortexM3\ARM_GCC_541\Debug\Interface1.a(UART_1.o)
                0x000007f0                UART_1_Start
 .text.UART_1_PutChar
                0x0000080c       0x18 .\CortexM3\ARM_GCC_541\Debug\Interface1.a(UART_1.o)
                0x0000080c                UART_1_PutChar
 .text.UART_1_PutString
                0x00000824       0x24 .\CortexM3\ARM_GCC_541\Debug\Interface1.a(UART_1.o)
                0x00000824                UART_1_PutString
 .text.UART_1_IntClock_Start
                0x00000848       0x1c .\CortexM3\ARM_GCC_541\Debug\Interface1.a(UART_1_IntClock.o)
                0x00000848                UART_1_IntClock_Start
 .text.CyHalt   0x00000864        0x4 .\CortexM3\ARM_GCC_541\Debug\Interface1.a(CyLib.o)
                0x00000864                CyHalt
 .text.CyDelay  0x00000868       0x2c .\CortexM3\ARM_GCC_541\Debug\Interface1.a(CyLib.o)
                0x00000868                CyDelay
 .text.CyDelayUs
                0x00000894       0x14 .\CortexM3\ARM_GCC_541\Debug\Interface1.a(CyLib.o)
                0x00000894                CyDelayUs
 .text.CyIntSetVector
                0x000008a8       0x28 .\CortexM3\ARM_GCC_541\Debug\Interface1.a(CyLib.o)
                0x000008a8                CyIntSetVector
 .text.CyIntSetPriority
                0x000008d0       0x30 .\CortexM3\ARM_GCC_541\Debug\Interface1.a(CyLib.o)
                0x000008d0                CyIntSetPriority
 .text.ADC_SAR_1_CalcGain
                0x00000900       0x64 .\CortexM3\ARM_GCC_541\Debug\Interface1.a(ADC_SAR_1.o)
 .text.ADC_SAR_1_Enable
                0x00000964       0x94 .\CortexM3\ARM_GCC_541\Debug\Interface1.a(ADC_SAR_1.o)
                0x00000964                ADC_SAR_1_Enable
 .text.ADC_SAR_1_SetResolution
                0x000009f8       0x38 .\CortexM3\ARM_GCC_541\Debug\Interface1.a(ADC_SAR_1.o)
                0x000009f8                ADC_SAR_1_SetResolution
 .text.ADC_SAR_1_Init
                0x00000a30       0x3c .\CortexM3\ARM_GCC_541\Debug\Interface1.a(ADC_SAR_1.o)
                0x00000a30                ADC_SAR_1_Init
 .text.ADC_SAR_1_Start
                0x00000a6c       0x1c .\CortexM3\ARM_GCC_541\Debug\Interface1.a(ADC_SAR_1.o)
                0x00000a6c                ADC_SAR_1_Start
 .text.ADC_SAR_1_StartConvert
                0x00000a88       0x18 .\CortexM3\ARM_GCC_541\Debug\Interface1.a(ADC_SAR_1.o)
                0x00000a88                ADC_SAR_1_StartConvert
 .text.ADC_SAR_1_IsEndConversion
                0x00000aa0       0x24 .\CortexM3\ARM_GCC_541\Debug\Interface1.a(ADC_SAR_1.o)
                0x00000aa0                ADC_SAR_1_IsEndConversion
 .text.ADC_SAR_1_GetResult16
                0x00000ac4       0x18 .\CortexM3\ARM_GCC_541\Debug\Interface1.a(ADC_SAR_1.o)
                0x00000ac4                ADC_SAR_1_GetResult16
 .text.ADC_SAR_1_CountsTo_Volts
                0x00000adc       0x50 .\CortexM3\ARM_GCC_541\Debug\Interface1.a(ADC_SAR_1.o)
                0x00000adc                ADC_SAR_1_CountsTo_Volts
 .text.ADC_SAR_1_ISR
                0x00000b2c        0x4 .\CortexM3\ARM_GCC_541\Debug\Interface1.a(ADC_SAR_1_INT.o)
                0x00000b2c                ADC_SAR_1_ISR
 .text.ADC_SAR_1_theACLK_SetModeRegister
                0x00000b30       0x14 .\CortexM3\ARM_GCC_541\Debug\Interface1.a(ADC_SAR_1_theACLK.o)
                0x00000b30                ADC_SAR_1_theACLK_SetModeRegister
 .text.I2C_1_Init
                0x00000b44       0x68 .\CortexM3\ARM_GCC_541\Debug\Interface1.a(I2C_1.o)
                0x00000b44                I2C_1_Init
 .text.I2C_1_Enable
                0x00000bac       0x24 .\CortexM3\ARM_GCC_541\Debug\Interface1.a(I2C_1.o)
                0x00000bac                I2C_1_Enable
 .text.I2C_1_Start
                0x00000bd0       0x28 .\CortexM3\ARM_GCC_541\Debug\Interface1.a(I2C_1.o)
                0x00000bd0                I2C_1_Start
 .text.I2C_1_ISR
                0x00000bf8      0x2d0 .\CortexM3\ARM_GCC_541\Debug\Interface1.a(I2C_1_INT.o)
                0x00000bf8                I2C_1_ISR
 .text.I2C_1_MasterWriteBuf
                0x00000ec8       0xcc .\CortexM3\ARM_GCC_541\Debug\Interface1.a(I2C_1_MASTER.o)
                0x00000ec8                I2C_1_MasterWriteBuf
 .text.I2C_1_MasterReadBuf
                0x00000f94       0xd0 .\CortexM3\ARM_GCC_541\Debug\Interface1.a(I2C_1_MASTER.o)
                0x00000f94                I2C_1_MasterReadBuf
 .text.I2C_1_MasterStatus
                0x00001064       0x38 .\CortexM3\ARM_GCC_541\Debug\Interface1.a(I2C_1_MASTER.o)
                0x00001064                I2C_1_MasterStatus
 .text.Counter_1_Enable
                0x0000109c       0x10 .\CortexM3\ARM_GCC_541\Debug\Interface1.a(Counter_1.o)
                0x0000109c                Counter_1_Enable
 .text.Counter_1_SetInterruptMode
                0x000010ac        0xc .\CortexM3\ARM_GCC_541\Debug\Interface1.a(Counter_1.o)
                0x000010ac                Counter_1_SetInterruptMode
 .text.Counter_1_ReadStatusRegister
                0x000010b8        0xc .\CortexM3\ARM_GCC_541\Debug\Interface1.a(Counter_1.o)
                0x000010b8                Counter_1_ReadStatusRegister
 .text.Counter_1_WriteCounter
                0x000010c4        0xc .\CortexM3\ARM_GCC_541\Debug\Interface1.a(Counter_1.o)
                0x000010c4                Counter_1_WriteCounter
 .text.Counter_1_ReadCounter
                0x000010d0       0x14 .\CortexM3\ARM_GCC_541\Debug\Interface1.a(Counter_1.o)
                0x000010d0                Counter_1_ReadCounter
 .text.Counter_1_ReadCapture
                0x000010e4        0xc .\CortexM3\ARM_GCC_541\Debug\Interface1.a(Counter_1.o)
                0x000010e4                Counter_1_ReadCapture
 .text.Counter_1_WritePeriod
                0x000010f0        0xc .\CortexM3\ARM_GCC_541\Debug\Interface1.a(Counter_1.o)
                0x000010f0                Counter_1_WritePeriod
 .text.Counter_1_WriteCompare
                0x000010fc        0xc .\CortexM3\ARM_GCC_541\Debug\Interface1.a(Counter_1.o)
                0x000010fc                Counter_1_WriteCompare
 .text.Counter_1_ClearFIFO
                0x00001108       0x14 .\CortexM3\ARM_GCC_541\Debug\Interface1.a(Counter_1.o)
                0x00001108                Counter_1_ClearFIFO
 .text.Counter_1_Init
                0x0000111c       0x58 .\CortexM3\ARM_GCC_541\Debug\Interface1.a(Counter_1.o)
                0x0000111c                Counter_1_Init
 .text.Counter_1_Start
                0x00001174       0x1c .\CortexM3\ARM_GCC_541\Debug\Interface1.a(Counter_1.o)
                0x00001174                Counter_1_Start
 .text.Heater_ENA_Write
                0x00001190       0x18 .\CortexM3\ARM_GCC_541\Debug\Interface1.a(Heater_ENA.o)
                0x00001190                Heater_ENA_Write
 .text.PWM_1_Enable
                0x000011a8       0x28 .\CortexM3\ARM_GCC_541\Debug\Interface1.a(PWM_1.o)
                0x000011a8                PWM_1_Enable
 .text.PWM_1_Stop
                0x000011d0       0x28 .\CortexM3\ARM_GCC_541\Debug\Interface1.a(PWM_1.o)
                0x000011d0                PWM_1_Stop
 .text.PWM_1_WritePeriod
                0x000011f8        0xc .\CortexM3\ARM_GCC_541\Debug\Interface1.a(PWM_1.o)
                0x000011f8                PWM_1_WritePeriod
 .text.PWM_1_WriteCompare
                0x00001204        0xc .\CortexM3\ARM_GCC_541\Debug\Interface1.a(PWM_1.o)
                0x00001204                PWM_1_WriteCompare
 .text.PWM_1_SetInterruptMode
                0x00001210        0xc .\CortexM3\ARM_GCC_541\Debug\Interface1.a(PWM_1.o)
                0x00001210                PWM_1_SetInterruptMode
 .text.PWM_1_Init
                0x0000121c       0x74 .\CortexM3\ARM_GCC_541\Debug\Interface1.a(PWM_1.o)
                0x0000121c                PWM_1_Init
 .text.PWM_1_Start
                0x00001290       0x1c .\CortexM3\ARM_GCC_541\Debug\Interface1.a(PWM_1.o)
                0x00001290                PWM_1_Start
 .text.Heater_IN1_Write
                0x000012ac       0x18 .\CortexM3\ARM_GCC_541\Debug\Interface1.a(Heater_IN1.o)
                0x000012ac                Heater_IN1_Write
 .text.Heater_IN2_Write
                0x000012c4       0x18 .\CortexM3\ARM_GCC_541\Debug\Interface1.a(Heater_IN2.o)
                0x000012c4                Heater_IN2_Write
 *fill*         0x000012dc        0x4 
 .text          0x000012e0       0x20 .\CortexM3\ARM_GCC_541\Debug\Interface1.a(CyBootAsmGnu.o)
                0x000012e0                CyDelayCycles
                0x000012f0                CyEnterCriticalSection
                0x000012f8                CyExitCriticalSection
 .text.ceilf    0x00001300       0x88 f:/psoc creator/4.4/psoc creator/import/gnu/arm/5.4.1/bin/../lib/gcc/arm-none-eabi/5.4.1/../../../../arm-none-eabi/lib/armv7-m\libm.a(lib_a-sf_ceil.o)
                0x00001300                ceilf
 .text.logf     0x00001388       0xe8 f:/psoc creator/4.4/psoc creator/import/gnu/arm/5.4.1/bin/../lib/gcc/arm-none-eabi/5.4.1/../../../../arm-none-eabi/lib/armv7-m\libm.a(lib_a-wf_log.o)
                0x00001388                logf
 .text.__ieee754_logf
                0x00001470      0x284 f:/psoc creator/4.4/psoc creator/import/gnu/arm/5.4.1/bin/../lib/gcc/arm-none-eabi/5.4.1/../../../../arm-none-eabi/lib/armv7-m\libm.a(lib_a-ef_log.o)
                0x00001470                __ieee754_logf
 .text.matherr  0x000016f4        0x4 f:/psoc creator/4.4/psoc creator/import/gnu/arm/5.4.1/bin/../lib/gcc/arm-none-eabi/5.4.1/../../../../arm-none-eabi/lib/armv7-m\libm.a(lib_a-s_matherr.o)
                0x000016f4                matherr
 .text.nan      0x000016f8        0xc f:/psoc creator/4.4/psoc creator/import/gnu/arm/5.4.1/bin/../lib/gcc/arm-none-eabi/5.4.1/../../../../arm-none-eabi/lib/armv7-m\libm.a(lib_a-s_nan.o)
                0x000016f8                nan
 .text          0x00001704      0x370 f:/psoc creator/4.4/psoc creator/import/gnu/arm/5.4.1/bin/../lib/gcc/arm-none-eabi/5.4.1/armv7-m\libgcc.a(_arm_addsubdf3.o)
                0x00001704                __aeabi_drsub
                0x0000170c                __aeabi_dsub
                0x0000170c                __subdf3
                0x00001710                __aeabi_dadd
                0x00001710                __adddf3
                0x00001988                __floatunsidf
                0x00001988                __aeabi_ui2d
                0x000019a8                __floatsidf
                0x000019a8                __aeabi_i2d
                0x000019cc                __aeabi_f2d
                0x000019cc                __extendsfdf2
                0x00001a08                __floatundidf
                0x00001a08                __aeabi_ul2d
                0x00001a18                __floatdidf
                0x00001a18                __aeabi_l2d
 .text          0x00001a74      0x424 f:/psoc creator/4.4/psoc creator/import/gnu/arm/5.4.1/bin/../lib/gcc/arm-none-eabi/5.4.1/armv7-m\libgcc.a(_arm_muldivdf3.o)
                0x00001a74                __aeabi_dmul
                0x00001a74                __muldf3
                0x00001cc8                __divdf3
                0x00001cc8                __aeabi_ddiv
 .text          0x00001e98       0x50 f:/psoc creator/4.4/psoc creator/import/gnu/arm/5.4.1/bin/../lib/gcc/arm-none-eabi/5.4.1/armv7-m\libgcc.a(_arm_fixdfsi.o)
                0x00001e98                __aeabi_d2iz
                0x00001e98                __fixdfsi
 .text          0x00001ee8       0xa0 f:/psoc creator/4.4/psoc creator/import/gnu/arm/5.4.1/bin/../lib/gcc/arm-none-eabi/5.4.1/armv7-m\libgcc.a(_arm_truncdfsf2.o)
                0x00001ee8                __truncdfsf2
                0x00001ee8                __aeabi_d2f
 .text          0x00001f88      0x21c f:/psoc creator/4.4/psoc creator/import/gnu/arm/5.4.1/bin/../lib/gcc/arm-none-eabi/5.4.1/armv7-m\libgcc.a(_arm_addsubsf3.o)
                0x00001f88                __aeabi_frsub
                0x00001f90                __subsf3
                0x00001f90                __aeabi_fsub
                0x00001f94                __aeabi_fadd
                0x00001f94                __addsf3
                0x000020f4                __aeabi_ui2f
                0x000020f4                __floatunsisf
                0x000020fc                __aeabi_i2f
                0x000020fc                __floatsisf
                0x00002118                __aeabi_ul2f
                0x00002118                __floatundisf
                0x00002128                __aeabi_l2f
                0x00002128                __floatdisf
 .text          0x000021a4      0x2a0 f:/psoc creator/4.4/psoc creator/import/gnu/arm/5.4.1/bin/../lib/gcc/arm-none-eabi/5.4.1/armv7-m\libgcc.a(_arm_muldivsf3.o)
                0x000021a4                __mulsf3
                0x000021a4                __aeabi_fmul
                0x0000230c                __aeabi_fdiv
                0x0000230c                __divsf3
 .text          0x00002444       0xec f:/psoc creator/4.4/psoc creator/import/gnu/arm/5.4.1/bin/../lib/gcc/arm-none-eabi/5.4.1/armv7-m\libgcc.a(_arm_cmpsf2.o)
                0x00002444                __gesf2
                0x00002444                __gtsf2
                0x0000244c                __lesf2
                0x0000244c                __ltsf2
                0x00002454                __nesf2
                0x00002454                __eqsf2
                0x00002454                __cmpsf2
                0x000024b4                __aeabi_cfrcmple
                0x000024bc                __aeabi_cfcmpeq
                0x000024bc                __aeabi_cfcmple
                0x000024cc                __aeabi_fcmpeq
                0x000024e0                __aeabi_fcmplt
                0x000024f4                __aeabi_fcmple
                0x00002508                __aeabi_fcmpge
                0x0000251c                __aeabi_fcmpgt
 .text          0x00002530       0x2c f:/psoc creator/4.4/psoc creator/import/gnu/arm/5.4.1/bin/../lib/gcc/arm-none-eabi/5.4.1/armv7-m\libgcc.a(_arm_unordsf2.o)
                0x00002530                __unordsf2
                0x00002530                __aeabi_fcmpun
 .text          0x0000255c       0x4c f:/psoc creator/4.4/psoc creator/import/gnu/arm/5.4.1/bin/../lib/gcc/arm-none-eabi/5.4.1/armv7-m\libgcc.a(_arm_fixsfsi.o)
                0x0000255c                __aeabi_f2iz
                0x0000255c                __fixsfsi
 .text          0x000025a8      0x2ec f:/psoc creator/4.4/psoc creator/import/gnu/arm/5.4.1/bin/../lib/gcc/arm-none-eabi/5.4.1/armv7-m\libgcc.a(_udivmoddi4.o)
                0x000025a8                __udivmoddi4
 .text          0x00002894        0x4 f:/psoc creator/4.4/psoc creator/import/gnu/arm/5.4.1/bin/../lib/gcc/arm-none-eabi/5.4.1/armv7-m\libgcc.a(_dvmd_tls.o)
                0x00002894                __aeabi_idiv0
                0x00002894                __aeabi_ldiv0
 .text.__errno  0x00002898        0xc f:/psoc creator/4.4/psoc creator/import/gnu/arm/5.4.1/bin/../lib/gcc/arm-none-eabi/5.4.1/../../../../arm-none-eabi/lib/armv7-m\libg.a(lib_a-errno.o)
                0x00002898                __errno
 .text.__libc_init_array
                0x000028a4       0x50 f:/psoc creator/4.4/psoc creator/import/gnu/arm/5.4.1/bin/../lib/gcc/arm-none-eabi/5.4.1/../../../../arm-none-eabi/lib/armv7-m\libg.a(lib_a-init.o)
                0x000028a4                __libc_init_array
 .text          0x000028f4       0xec f:/psoc creator/4.4/psoc creator/import/gnu/arm/5.4.1/bin/../lib/gcc/arm-none-eabi/5.4.1/../../../../arm-none-eabi/lib/armv7-m\libg.a(lib_a-memcpy.o)
                0x000028f4                memcpy
 .text.memset   0x000029e0       0x9c f:/psoc creator/4.4/psoc creator/import/gnu/arm/5.4.1/bin/../lib/gcc/arm-none-eabi/5.4.1/../../../../arm-none-eabi/lib/armv7-m\libg.a(lib_a-memset.o)
                0x000029e0                memset
 .text.sprintf  0x00002a7c       0x4c f:/psoc creator/4.4/psoc creator/import/gnu/arm/5.4.1/bin/../lib/gcc/arm-none-eabi/5.4.1/../../../../arm-none-eabi/lib/armv7-m\libg.a(lib_a-sprintf.o)
                0x00002a7c                sprintf
 .text._svfprintf_r
                0x00002ac8     0x175c f:/psoc creator/4.4/psoc creator/import/gnu/arm/5.4.1/bin/../lib/gcc/arm-none-eabi/5.4.1/../../../../arm-none-eabi/lib/armv7-m\libg.a(lib_a-svfprintf.o)
                0x00002ac8                _svfprintf_r
 .text.startup.register_fini
                0x00004224       0x14 f:/psoc creator/4.4/psoc creator/import/gnu/arm/5.4.1/bin/../lib/gcc/arm-none-eabi/5.4.1/../../../../arm-none-eabi/lib/armv7-m\libg.a(lib_a-__call_atexit.o)
 .text.atexit   0x00004238        0xc f:/psoc creator/4.4/psoc creator/import/gnu/arm/5.4.1/bin/../lib/gcc/arm-none-eabi/5.4.1/../../../../arm-none-eabi/lib/armv7-m\libg.a(lib_a-atexit.o)
                0x00004238                atexit
 .text.quorem   0x00004244      0x12c f:/psoc creator/4.4/psoc creator/import/gnu/arm/5.4.1/bin/../lib/gcc/arm-none-eabi/5.4.1/../../../../arm-none-eabi/lib/armv7-m\libg.a(lib_a-dtoa.o)
 .text._dtoa_r  0x00004370      0xe4c f:/psoc creator/4.4/psoc creator/import/gnu/arm/5.4.1/bin/../lib/gcc/arm-none-eabi/5.4.1/../../../../arm-none-eabi/lib/armv7-m\libg.a(lib_a-dtoa.o)
                0x00004370                _dtoa_r
 .text.__libc_fini_array
                0x000051bc       0x28 f:/psoc creator/4.4/psoc creator/import/gnu/arm/5.4.1/bin/../lib/gcc/arm-none-eabi/5.4.1/../../../../arm-none-eabi/lib/armv7-m\libg.a(lib_a-fini.o)
                0x000051bc                __libc_fini_array
 .text._localeconv_r
                0x000051e4        0x8 f:/psoc creator/4.4/psoc creator/import/gnu/arm/5.4.1/bin/../lib/gcc/arm-none-eabi/5.4.1/../../../../arm-none-eabi/lib/armv7-m\libg.a(lib_a-locale.o)
                0x000051e4                _localeconv_r
 .text._malloc_r
                0x000051ec      0x558 f:/psoc creator/4.4/psoc creator/import/gnu/arm/5.4.1/bin/../lib/gcc/arm-none-eabi/5.4.1/../../../../arm-none-eabi/lib/armv7-m\libg.a(lib_a-mallocr.o)
                0x000051ec                _malloc_r
 .text.memchr   0x00005744       0x8c f:/psoc creator/4.4/psoc creator/import/gnu/arm/5.4.1/bin/../lib/gcc/arm-none-eabi/5.4.1/../../../../arm-none-eabi/lib/armv7-m\libg.a(lib_a-memchr-stub.o)
                0x00005744                memchr
 .text.__malloc_lock
                0x000057d0        0x4 f:/psoc creator/4.4/psoc creator/import/gnu/arm/5.4.1/bin/../lib/gcc/arm-none-eabi/5.4.1/../../../../arm-none-eabi/lib/armv7-m\libg.a(lib_a-mlock.o)
                0x000057d0                __malloc_lock
 .text.__malloc_unlock
                0x000057d4        0x4 f:/psoc creator/4.4/psoc creator/import/gnu/arm/5.4.1/bin/../lib/gcc/arm-none-eabi/5.4.1/../../../../arm-none-eabi/lib/armv7-m\libg.a(lib_a-mlock.o)
                0x000057d4                __malloc_unlock
 .text._Balloc  0x000057d8       0x50 f:/psoc creator/4.4/psoc creator/import/gnu/arm/5.4.1/bin/../lib/gcc/arm-none-eabi/5.4.1/../../../../arm-none-eabi/lib/armv7-m\libg.a(lib_a-mprec.o)
                0x000057d8                _Balloc
 .text._Bfree   0x00005828       0x14 f:/psoc creator/4.4/psoc creator/import/gnu/arm/5.4.1/bin/../lib/gcc/arm-none-eabi/5.4.1/../../../../arm-none-eabi/lib/armv7-m\libg.a(lib_a-mprec.o)
                0x00005828                _Bfree
 .text.__multadd
                0x0000583c       0x80 f:/psoc creator/4.4/psoc creator/import/gnu/arm/5.4.1/bin/../lib/gcc/arm-none-eabi/5.4.1/../../../../arm-none-eabi/lib/armv7-m\libg.a(lib_a-mprec.o)
                0x0000583c                __multadd
 .text.__hi0bits
                0x000058bc       0x40 f:/psoc creator/4.4/psoc creator/import/gnu/arm/5.4.1/bin/../lib/gcc/arm-none-eabi/5.4.1/../../../../arm-none-eabi/lib/armv7-m\libg.a(lib_a-mprec.o)
                0x000058bc                __hi0bits
 .text.__lo0bits
                0x000058fc       0x5c f:/psoc creator/4.4/psoc creator/import/gnu/arm/5.4.1/bin/../lib/gcc/arm-none-eabi/5.4.1/../../../../arm-none-eabi/lib/armv7-m\libg.a(lib_a-mprec.o)
                0x000058fc                __lo0bits
 .text.__i2b    0x00005958       0x14 f:/psoc creator/4.4/psoc creator/import/gnu/arm/5.4.1/bin/../lib/gcc/arm-none-eabi/5.4.1/../../../../arm-none-eabi/lib/armv7-m\libg.a(lib_a-mprec.o)
                0x00005958                __i2b
 .text.__multiply
                0x0000596c      0x13c f:/psoc creator/4.4/psoc creator/import/gnu/arm/5.4.1/bin/../lib/gcc/arm-none-eabi/5.4.1/../../../../arm-none-eabi/lib/armv7-m\libg.a(lib_a-mprec.o)
                0x0000596c                __multiply
 .text.__pow5mult
                0x00005aa8       0xa0 f:/psoc creator/4.4/psoc creator/import/gnu/arm/5.4.1/bin/../lib/gcc/arm-none-eabi/5.4.1/../../../../arm-none-eabi/lib/armv7-m\libg.a(lib_a-mprec.o)
                0x00005aa8                __pow5mult
 .text.__lshift
                0x00005b48       0xac f:/psoc creator/4.4/psoc creator/import/gnu/arm/5.4.1/bin/../lib/gcc/arm-none-eabi/5.4.1/../../../../arm-none-eabi/lib/armv7-m\libg.a(lib_a-mprec.o)
                0x00005b48                __lshift
 .text.__mcmp   0x00005bf4       0x40 f:/psoc creator/4.4/psoc creator/import/gnu/arm/5.4.1/bin/../lib/gcc/arm-none-eabi/5.4.1/../../../../arm-none-eabi/lib/armv7-m\libg.a(lib_a-mprec.o)
                0x00005bf4                __mcmp
 .text.__mdiff  0x00005c34      0x128 f:/psoc creator/4.4/psoc creator/import/gnu/arm/5.4.1/bin/../lib/gcc/arm-none-eabi/5.4.1/../../../../arm-none-eabi/lib/armv7-m\libg.a(lib_a-mprec.o)
                0x00005c34                __mdiff
 .text.__d2b    0x00005d5c       0xa8 f:/psoc creator/4.4/psoc creator/import/gnu/arm/5.4.1/bin/../lib/gcc/arm-none-eabi/5.4.1/../../../../arm-none-eabi/lib/armv7-m\libg.a(lib_a-mprec.o)
                0x00005d5c                __d2b
 .text._sbrk_r  0x00005e04       0x24 f:/psoc creator/4.4/psoc creator/import/gnu/arm/5.4.1/bin/../lib/gcc/arm-none-eabi/5.4.1/../../../../arm-none-eabi/lib/armv7-m\libg.a(lib_a-sbrkr.o)
                0x00005e04                _sbrk_r
 .text.strlen   0x00005e28       0x5c f:/psoc creator/4.4/psoc creator/import/gnu/arm/5.4.1/bin/../lib/gcc/arm-none-eabi/5.4.1/../../../../arm-none-eabi/lib/armv7-m\libg.a(lib_a-strlen-stub.o)
                0x00005e28                strlen
 .text.__ssprint_r
                0x00005e84      0x100 f:/psoc creator/4.4/psoc creator/import/gnu/arm/5.4.1/bin/../lib/gcc/arm-none-eabi/5.4.1/../../../../arm-none-eabi/lib/armv7-m\libg.a(lib_a-svfiprintf.o)
                0x00005e84                __ssprint_r
 .text.__register_exitproc
                0x00005f84       0xa4 f:/psoc creator/4.4/psoc creator/import/gnu/arm/5.4.1/bin/../lib/gcc/arm-none-eabi/5.4.1/../../../../arm-none-eabi/lib/armv7-m\libg.a(lib_a-__atexit.o)
                0x00005f84                __register_exitproc
 .text._calloc_r
                0x00006028       0x60 f:/psoc creator/4.4/psoc creator/import/gnu/arm/5.4.1/bin/../lib/gcc/arm-none-eabi/5.4.1/../../../../arm-none-eabi/lib/armv7-m\libg.a(lib_a-callocr.o)
                0x00006028                _calloc_r
 .text._malloc_trim_r
                0x00006088       0x9c f:/psoc creator/4.4/psoc creator/import/gnu/arm/5.4.1/bin/../lib/gcc/arm-none-eabi/5.4.1/../../../../arm-none-eabi/lib/armv7-m\libg.a(lib_a-freer.o)
                0x00006088                _malloc_trim_r
 .text._free_r  0x00006124      0x1d0 f:/psoc creator/4.4/psoc creator/import/gnu/arm/5.4.1/bin/../lib/gcc/arm-none-eabi/5.4.1/../../../../arm-none-eabi/lib/armv7-m\libg.a(lib_a-freer.o)
                0x00006124                _free_r
 .text.memmove  0x000062f4       0xc8 f:/psoc creator/4.4/psoc creator/import/gnu/arm/5.4.1/bin/../lib/gcc/arm-none-eabi/5.4.1/../../../../arm-none-eabi/lib/armv7-m\libg.a(lib_a-memmove.o)
                0x000062f4                memmove
 .text._realloc_r
                0x000063bc      0x3d4 f:/psoc creator/4.4/psoc creator/import/gnu/arm/5.4.1/bin/../lib/gcc/arm-none-eabi/5.4.1/../../../../arm-none-eabi/lib/armv7-m\libg.a(lib_a-reallocr.o)
                0x000063bc                _realloc_r
 .text          0x00006790      0x110 f:/psoc creator/4.4/psoc creator/import/gnu/arm/5.4.1/bin/../lib/gcc/arm-none-eabi/5.4.1/armv7-m\libgcc.a(_arm_cmpdf2.o)
                0x00006790                __gtdf2
                0x00006790                __gedf2
                0x00006798                __ltdf2
                0x00006798                __ledf2
                0x000067a0                __nedf2
                0x000067a0                __eqdf2
                0x000067a0                __cmpdf2
                0x0000681c                __aeabi_cdrcmple
                0x0000682c                __aeabi_cdcmpeq
                0x0000682c                __aeabi_cdcmple
                0x0000683c                __aeabi_dcmpeq
                0x00006850                __aeabi_dcmplt
                0x00006864                __aeabi_dcmple
                0x00006878                __aeabi_dcmpge
                0x0000688c                __aeabi_dcmpgt
 .text          0x000068a0       0x2c f:/psoc creator/4.4/psoc creator/import/gnu/arm/5.4.1/bin/../lib/gcc/arm-none-eabi/5.4.1/armv7-m\libgcc.a(_arm_unorddf2.o)
                0x000068a0                __unorddf2
                0x000068a0                __aeabi_dcmpun
 .text          0x000068cc       0x30 f:/psoc creator/4.4/psoc creator/import/gnu/arm/5.4.1/bin/../lib/gcc/arm-none-eabi/5.4.1/armv7-m\libgcc.a(_aeabi_uldivmod.o)
                0x000068cc                __aeabi_uldivmod
 *(.plt)
 *(.gnu.warning)
 *(.glue_7t)
 .glue_7t       0x000068fc        0x0 linker stubs
 *(.glue_7)
 .glue_7        0x000068fc        0x0 linker stubs
 *(.vfp11_veneer)
 .vfp11_veneer  0x000068fc        0x0 linker stubs
 *(.bootloader)
 *(.ARM.extab* .gnu.linkonce.armextab.*)
 *(.gcc_except_table)

.v4_bx          0x000068fc        0x0
 .v4_bx         0x000068fc        0x0 linker stubs

.iplt           0x000068fc        0x0
 .iplt          0x000068fc        0x0 f:/psoc creator/4.4/psoc creator/import/gnu/arm/5.4.1/bin/../lib/gcc/arm-none-eabi/5.4.1/armv7-m/crtbegin.o

.eh_frame_hdr
 *(.eh_frame_hdr)

.eh_frame       0x000068fc        0x4
 *(.eh_frame)
 .eh_frame      0x000068fc        0x0 f:/psoc creator/4.4/psoc creator/import/gnu/arm/5.4.1/bin/../lib/gcc/arm-none-eabi/5.4.1/armv7-m/crtbegin.o
 .eh_frame      0x000068fc        0x4 f:/psoc creator/4.4/psoc creator/import/gnu/arm/5.4.1/bin/../lib/gcc/arm-none-eabi/5.4.1/armv7-m/crtend.o
                [!provide]                PROVIDE (__exidx_start, .)

.ARM.exidx      0x00006900        0x8
 *(.ARM.exidx* .gnu.linkonce.armexidx.*)
 .ARM.exidx     0x00006900        0x8 f:/psoc creator/4.4/psoc creator/import/gnu/arm/5.4.1/bin/../lib/gcc/arm-none-eabi/5.4.1/armv7-m\libgcc.a(_udivmoddi4.o)
                0x00006908                __exidx_end = .

.rodata         0x00006908      0x2f0
 *(.rodata .rodata.* .gnu.linkonce.r.*)
 .rodata        0x00006908        0x5 .\CortexM3\ARM_GCC_541\Debug\main.o
 *fill*         0x0000690d        0x3 
 .rodata.str1.4
                0x00006910       0xd8 .\CortexM3\ARM_GCC_541\Debug\main.o
 .rodata        0x000069e8       0x42 .\CortexM3\ARM_GCC_541\Debug\cyfitter_cfg.o
 *fill*         0x00006a2a        0x2 
 .rodata.str1.4
                0x00006a2c        0x5 f:/psoc creator/4.4/psoc creator/import/gnu/arm/5.4.1/bin/../lib/gcc/arm-none-eabi/5.4.1/../../../../arm-none-eabi/lib/armv7-m\libm.a(lib_a-wf_log.o)
                                  0x9 (size before relaxing)
 *fill*         0x00006a31        0x3 
 .rodata.str1.4
                0x00006a34        0x2 f:/psoc creator/4.4/psoc creator/import/gnu/arm/5.4.1/bin/../lib/gcc/arm-none-eabi/5.4.1/../../../../arm-none-eabi/lib/armv7-m\libg.a(lib_a-impure.o)
 *fill*         0x00006a36        0x2 
 .rodata._global_impure_ptr
                0x00006a38        0x4 f:/psoc creator/4.4/psoc creator/import/gnu/arm/5.4.1/bin/../lib/gcc/arm-none-eabi/5.4.1/../../../../arm-none-eabi/lib/armv7-m\libg.a(lib_a-impure.o)
                0x00006a38                _global_impure_ptr
 .rodata.blanks.7055
                0x00006a3c       0x10 f:/psoc creator/4.4/psoc creator/import/gnu/arm/5.4.1/bin/../lib/gcc/arm-none-eabi/5.4.1/../../../../arm-none-eabi/lib/armv7-m\libg.a(lib_a-svfprintf.o)
 .rodata.str1.4
                0x00006a4c       0x42 f:/psoc creator/4.4/psoc creator/import/gnu/arm/5.4.1/bin/../lib/gcc/arm-none-eabi/5.4.1/../../../../arm-none-eabi/lib/armv7-m\libg.a(lib_a-svfprintf.o)
 *fill*         0x00006a8e        0x2 
 .rodata.zeroes.7056
                0x00006a90       0x10 f:/psoc creator/4.4/psoc creator/import/gnu/arm/5.4.1/bin/../lib/gcc/arm-none-eabi/5.4.1/../../../../arm-none-eabi/lib/armv7-m\libg.a(lib_a-svfprintf.o)
 .rodata.str1.4
                0x00006aa0       0x10 f:/psoc creator/4.4/psoc creator/import/gnu/arm/5.4.1/bin/../lib/gcc/arm-none-eabi/5.4.1/../../../../arm-none-eabi/lib/armv7-m\libg.a(lib_a-dtoa.o)
                                 0x12 (size before relaxing)
 .rodata.str1.4
                0x00006ab0        0xc f:/psoc creator/4.4/psoc creator/import/gnu/arm/5.4.1/bin/../lib/gcc/arm-none-eabi/5.4.1/../../../../arm-none-eabi/lib/armv7-m\libg.a(lib_a-locale.o)
                                 0x12 (size before relaxing)
 *fill*         0x00006abc        0x4 
 .rodata.__mprec_tens
                0x00006ac0       0xc8 f:/psoc creator/4.4/psoc creator/import/gnu/arm/5.4.1/bin/../lib/gcc/arm-none-eabi/5.4.1/../../../../arm-none-eabi/lib/armv7-m\libg.a(lib_a-mprec.o)
                0x00006ac0                __mprec_tens
 .rodata.__mprec_bigtens
                0x00006b88       0x28 f:/psoc creator/4.4/psoc creator/import/gnu/arm/5.4.1/bin/../lib/gcc/arm-none-eabi/5.4.1/../../../../arm-none-eabi/lib/armv7-m\libg.a(lib_a-mprec.o)
                0x00006b88                __mprec_bigtens
 .rodata.p05.5396
                0x00006bb0        0xc f:/psoc creator/4.4/psoc creator/import/gnu/arm/5.4.1/bin/../lib/gcc/arm-none-eabi/5.4.1/../../../../arm-none-eabi/lib/armv7-m\libg.a(lib_a-mprec.o)
                0x00006bbc                . = ALIGN (0x4)
 *(.init)
 .init          0x00006bbc        0x4 f:/psoc creator/4.4/psoc creator/import/gnu/arm/5.4.1/bin/../lib/gcc/arm-none-eabi/5.4.1/armv7-m/crti.o
                0x00006bbc                _init
 .init          0x00006bc0        0x8 f:/psoc creator/4.4/psoc creator/import/gnu/arm/5.4.1/bin/../lib/gcc/arm-none-eabi/5.4.1/armv7-m/crtn.o
                0x00006bc8                . = ALIGN (0x4)
                0x00006bc8                __preinit_array_start = .
 *(.preinit_array)
                0x00006bc8                __preinit_array_end = .
                0x00006bc8                . = ALIGN (0x4)
                0x00006bc8                __init_array_start = .
 *(SORT(.init_array.*))
 .init_array.00000
                0x00006bc8        0x4 f:/psoc creator/4.4/psoc creator/import/gnu/arm/5.4.1/bin/../lib/gcc/arm-none-eabi/5.4.1/../../../../arm-none-eabi/lib/armv7-m\libg.a(lib_a-__call_atexit.o)
 *(.init_array)
 .init_array    0x00006bcc        0x4 f:/psoc creator/4.4/psoc creator/import/gnu/arm/5.4.1/bin/../lib/gcc/arm-none-eabi/5.4.1/armv7-m/crtbegin.o
 .init_array    0x00006bd0        0x4 .\CortexM3\ARM_GCC_541\Debug\Cm3Start.o
                0x00006bd4                __init_array_end = .
                0x00006bd4                . = ALIGN (0x4)
 *(.fini)
 .fini          0x00006bd4        0x4 f:/psoc creator/4.4/psoc creator/import/gnu/arm/5.4.1/bin/../lib/gcc/arm-none-eabi/5.4.1/armv7-m/crti.o
                0x00006bd4                _fini
 .fini          0x00006bd8        0x8 f:/psoc creator/4.4/psoc creator/import/gnu/arm/5.4.1/bin/../lib/gcc/arm-none-eabi/5.4.1/armv7-m/crtn.o
                0x00006be0                . = ALIGN (0x4)
                0x00006be0                __fini_array_start = .
 *(.fini_array)
 .fini_array    0x00006be0        0x4 f:/psoc creator/4.4/psoc creator/import/gnu/arm/5.4.1/bin/../lib/gcc/arm-none-eabi/5.4.1/armv7-m/crtbegin.o
 *(SORT(.fini_array.*))
                0x00006be4                __fini_array_end = .
                0x00006be4                . = ALIGN (0x4)
 *crtbegin.o(.ctors)
 *(EXCLUDE_FILE(*crtend.o) .ctors)
 *(SORT(.ctors.*))
 *crtend.o(.ctors)
                0x00006be4                . = ALIGN (0x4)
 *crtbegin.o(.dtors)
 *(EXCLUDE_FILE(*crtend.o) .dtors)
 *(SORT(.dtors.*))
 *crtend.o(.dtors)
                0x00006be4                . = ALIGN (0x4)
                0x00006be4                __cy_regions = .
                0x00006be4        0x4 LONG 0x6bf8 __cy_region_init_ram
                0x00006be8        0x4 LONG 0x1fff80c8 __cy_region_start_data
                0x00006bec        0x4 LONG 0x898 __cy_region_init_size_ram
                0x00006bf0        0x4 LONG 0x110 __cy_region_zero_size_ram
                0x00006bf4                __cy_regions_end = .
                0x00006bf8                . = ALIGN (0x8)
 *fill*         0x00006bf4        0x4 
                0x00006bf8                _etext = .

.cy_checksum_exclude
                0x00006bf8        0x0
 *(.cy_checksum_exclude)

.ramvectors     0x1fff8000       0xc0
                0x1fff8000                __cy_region_start_ram = .
 *(.ramvectors)
 .ramvectors    0x1fff8000       0xc0 .\CortexM3\ARM_GCC_541\Debug\Cm3Start.o
                0x1fff8000                CyRamVectors

.noinit         0x1fff80c0        0x1
 *(.noinit)
 .noinit        0x1fff80c0        0x1 .\CortexM3\ARM_GCC_541\Debug\Interface1.a(CyLib.o)
                0x1fff80c0                CyResetStatus

.data           0x1fff80c8      0x898 load address 0x00006bf8
                0x1fff80c8                __cy_region_start_data = .
 *(.jcr)
 .jcr           0x1fff80c8        0x0 f:/psoc creator/4.4/psoc creator/import/gnu/arm/5.4.1/bin/../lib/gcc/arm-none-eabi/5.4.1/armv7-m/crtbegin.o
 .jcr           0x1fff80c8        0x4 f:/psoc creator/4.4/psoc creator/import/gnu/arm/5.4.1/bin/../lib/gcc/arm-none-eabi/5.4.1/armv7-m/crtend.o
 *(.got.plt)
 *(.got)
 *(.shdata)
 *(.data .data.* .gnu.linkonce.d.*)
 .data          0x1fff80cc        0x4 .\CortexM3\ARM_GCC_541\Debug\Cm3Start.o
 .data          0x1fff80d0       0x10 .\CortexM3\ARM_GCC_541\Debug\Interface1.a(CyLib.o)
                0x1fff80d0                cydelay_32k_ms
                0x1fff80d4                cydelay_freq_khz
                0x1fff80d8                cydelay_freq_mhz
                0x1fff80dc                cydelay_freq_hz
 .data.__fdlib_version
                0x1fff80e0        0x1 f:/psoc creator/4.4/psoc creator/import/gnu/arm/5.4.1/bin/../lib/gcc/arm-none-eabi/5.4.1/../../../../arm-none-eabi/lib/armv7-m\libm.a(lib_a-s_lib_ver.o)
                0x1fff80e0                __fdlib_version
 *fill*         0x1fff80e1        0x7 
 .data.impure_data
                0x1fff80e8      0x428 f:/psoc creator/4.4/psoc creator/import/gnu/arm/5.4.1/bin/../lib/gcc/arm-none-eabi/5.4.1/../../../../arm-none-eabi/lib/armv7-m\libg.a(lib_a-impure.o)
 .data._impure_ptr
                0x1fff8510        0x4 f:/psoc creator/4.4/psoc creator/import/gnu/arm/5.4.1/bin/../lib/gcc/arm-none-eabi/5.4.1/../../../../arm-none-eabi/lib/armv7-m\libg.a(lib_a-impure.o)
                0x1fff8510                _impure_ptr
 .data.lconv    0x1fff8514       0x38 f:/psoc creator/4.4/psoc creator/import/gnu/arm/5.4.1/bin/../lib/gcc/arm-none-eabi/5.4.1/../../../../arm-none-eabi/lib/armv7-m\libg.a(lib_a-locale.o)
 .data.__malloc_av_
                0x1fff854c      0x408 f:/psoc creator/4.4/psoc creator/import/gnu/arm/5.4.1/bin/../lib/gcc/arm-none-eabi/5.4.1/../../../../arm-none-eabi/lib/armv7-m\libg.a(lib_a-mallocr.o)
                0x1fff854c                __malloc_av_
 .data.__malloc_trim_threshold
                0x1fff8954        0x4 f:/psoc creator/4.4/psoc creator/import/gnu/arm/5.4.1/bin/../lib/gcc/arm-none-eabi/5.4.1/../../../../arm-none-eabi/lib/armv7-m\libg.a(lib_a-mallocr.o)
                0x1fff8954                __malloc_trim_threshold
 .data.__malloc_sbrk_base
                0x1fff8958        0x4 f:/psoc creator/4.4/psoc creator/import/gnu/arm/5.4.1/bin/../lib/gcc/arm-none-eabi/5.4.1/../../../../arm-none-eabi/lib/armv7-m\libg.a(lib_a-mallocr.o)
                0x1fff8958                __malloc_sbrk_base
                0x1fff8960                . = ALIGN (0x8)
 *fill*         0x1fff895c        0x4 
 *(.ram)
                0x1fff8960                _edata = .

.igot.plt       0x1fff8960        0x0 load address 0x00007490
 .igot.plt      0x1fff8960        0x0 f:/psoc creator/4.4/psoc creator/import/gnu/arm/5.4.1/bin/../lib/gcc/arm-none-eabi/5.4.1/armv7-m/crtbegin.o

.bss            0x1fff8960      0x110 load address 0x00007490
                0x1fff8960                PROVIDE (__bss_start__, .)
 *(.shbss)
 *(.bss .bss.* .gnu.linkonce.b.*)
 .bss           0x1fff8960       0x1c f:/psoc creator/4.4/psoc creator/import/gnu/arm/5.4.1/bin/../lib/gcc/arm-none-eabi/5.4.1/armv7-m/crtbegin.o
 .bss           0x1fff897c        0x2 .\CortexM3\ARM_GCC_541\Debug\Interface1.a(UART_1.o)
                0x1fff897c                UART_1_initVar
 .bss           0x1fff897e        0x1 .\CortexM3\ARM_GCC_541\Debug\Interface1.a(ADC_SAR_1.o)
                0x1fff897e                ADC_SAR_1_initVar
 .bss           0x1fff897f        0x1 .\CortexM3\ARM_GCC_541\Debug\Interface1.a(I2C_1.o)
                0x1fff897f                I2C_1_initVar
 .bss           0x1fff8980        0x1 .\CortexM3\ARM_GCC_541\Debug\Interface1.a(Counter_1.o)
                0x1fff8980                Counter_1_initVar
 .bss           0x1fff8981        0x1 .\CortexM3\ARM_GCC_541\Debug\Interface1.a(PWM_1.o)
                0x1fff8981                PWM_1_initVar
 *fill*         0x1fff8982        0x2 
 .bss.__malloc_max_total_mem
                0x1fff8984        0x4 f:/psoc creator/4.4/psoc creator/import/gnu/arm/5.4.1/bin/../lib/gcc/arm-none-eabi/5.4.1/../../../../arm-none-eabi/lib/armv7-m\libg.a(lib_a-mallocr.o)
                0x1fff8984                __malloc_max_total_mem
 .bss.__malloc_max_sbrked_mem
                0x1fff8988        0x4 f:/psoc creator/4.4/psoc creator/import/gnu/arm/5.4.1/bin/../lib/gcc/arm-none-eabi/5.4.1/../../../../arm-none-eabi/lib/armv7-m\libg.a(lib_a-mallocr.o)
                0x1fff8988                __malloc_max_sbrked_mem
 .bss.__malloc_top_pad
                0x1fff898c        0x4 f:/psoc creator/4.4/psoc creator/import/gnu/arm/5.4.1/bin/../lib/gcc/arm-none-eabi/5.4.1/../../../../arm-none-eabi/lib/armv7-m\libg.a(lib_a-mallocr.o)
                0x1fff898c                __malloc_top_pad
 .bss.__malloc_current_mallinfo
                0x1fff8990       0x28 f:/psoc creator/4.4/psoc creator/import/gnu/arm/5.4.1/bin/../lib/gcc/arm-none-eabi/5.4.1/../../../../arm-none-eabi/lib/armv7-m\libg.a(lib_a-mallocr.o)
                0x1fff8990                __malloc_current_mallinfo
 *(COMMON)
 COMMON         0x1fff89b8       0x94 .\CortexM3\ARM_GCC_541\Debug\main.o
                0x1fff89b8                temperatureC
                0x1fff89bc                voltage
                0x1fff89c0                adcResult
                0x1fff89c4                string_1
                0x1fff8a28                buffer
                0x1fff8a3c                tempCeil
                0x1fff8a40                R_thermistor
                0x1fff8a44                temperatureK
                0x1fff8a48                status
                0x1fff8a4a                heaterDutyCycle
 COMMON         0x1fff8a4c        0xa .\CortexM3\ARM_GCC_541\Debug\Interface1.a(ADC_SAR_1.o)
                0x1fff8a4c                ADC_SAR_1_countsPerVolt
                0x1fff8a4e                ADC_SAR_1_shift
                0x1fff8a50                ADC_SAR_1_countsPer10Volt
                0x1fff8a54                ADC_SAR_1_offset
 COMMON         0x1fff8a56        0x1 .\CortexM3\ARM_GCC_541\Debug\Interface1.a(I2C_1.o)
                0x1fff8a56                I2C_1_state
 *fill*         0x1fff8a57        0x1 
 COMMON         0x1fff8a58       0x11 .\CortexM3\ARM_GCC_541\Debug\Interface1.a(I2C_1_MASTER.o)
                0x1fff8a58                I2C_1_mstrWrBufIndex
                0x1fff8a59                I2C_1_mstrControl
                0x1fff8a5a                I2C_1_mstrStatus
                0x1fff8a5b                I2C_1_mstrWrBufSize
                0x1fff8a5c                I2C_1_mstrRdBufIndex
                0x1fff8a60                I2C_1_mstrWrBufPtr
                0x1fff8a64                I2C_1_mstrRdBufPtr
                0x1fff8a68                I2C_1_mstrRdBufSize
 *fill*         0x1fff8a69        0x3 
 COMMON         0x1fff8a6c        0x4 f:/psoc creator/4.4/psoc creator/import/gnu/arm/5.4.1/bin/../lib/gcc/arm-none-eabi/5.4.1/../../../../arm-none-eabi/lib/armv7-m\libg.a(lib_a-reent.o)
                0x1fff8a6c                errno
                0x1fff8a70                . = ALIGN (0x8)
 *(.ram.b)
                0x1fff8a70                _end = .
                0x1fff8a70                __end = .
                0x1fff8a70                PROVIDE (end, .)
                0x1fff8a70                PROVIDE (__bss_end__, .)
                0x00006bf8                __cy_region_init_ram = LOADADDR (.data)
                0x00000898                __cy_region_init_size_ram = (_edata - ADDR (.data))
                0x00000110                __cy_region_zero_size_ram = (_end - _edata)

.heap           0x1fff8a70       0x80 load address 0x00007490
                0x1fff8a70                . = _end
                0x1fff8af0                . = (. + 0x80)
 *fill*         0x1fff8a70       0x80 
                0x1fff8af0                __cy_heap_limit = .

.stack          0x20007800      0x800
                0x20007800                __cy_stack_limit = .
                0x20008000                . = (. + 0x800)
 *fill*         0x20007800      0x800 
                0x00000001                ASSERT ((__cy_stack_limit >= __cy_heap_limit), region RAM overflowed with stack)
                0x00000000                cy_checksum_exclude_size = (CY_APPL_LOADABLE == 0x1)?SIZEOF (.cy_checksum_exclude):0x0
                0x00000001                ASSERT ((cy_checksum_exclude_size <= CY_CHECKSUM_EXCLUDE_SIZE), CY_BOOT: Section .cy_checksum_exclude size exceedes specified limit.)

.cyloadermeta
 *(.cyloadermeta)

.cyloadablemeta
 *(.cyloadablemeta)

.cyconfigecc    0x80000000      0x6cc
 *(.cyconfigecc)
 .cyconfigecc   0x80000000      0x6cc .\CortexM3\ARM_GCC_541\Debug\cymetadata.o
                0x80000000                cy_meta_configecc

.cycustnvl      0x90000000        0x4
 *(.cycustnvl)
 .cycustnvl     0x90000000        0x4 .\CortexM3\ARM_GCC_541\Debug\cymetadata.o
                0x90000000                cy_meta_custnvl

.cywolatch      0x90100000        0x4
 *(.cywolatch)
 .cywolatch     0x90100000        0x4 .\CortexM3\ARM_GCC_541\Debug\cymetadata.o
                0x90100000                cy_meta_wonvl

.cyeeprom       0x90200000        0x0
 *(.cyeeprom)
                0x00000001                ASSERT ((. <= ((0x90200000 + ee_offset) + ee_size)), .cyeeprom data will not fit in EEPROM)

.cyflashprotect
                0x90400000      0x100
 *(.cyflashprotect)
 .cyflashprotect
                0x90400000      0x100 .\CortexM3\ARM_GCC_541\Debug\cymetadata.o
                0x90400000                cy_meta_flashprotect

.cymeta         0x90500000        0xc
 *(.cymeta)
 .cymeta        0x90500000        0xc .\CortexM3\ARM_GCC_541\Debug\cymetadata.o
                0x90500000                cy_metadata

.rel.dyn        0x00007490        0x0 load address 0x9050000c
 .rel.iplt      0x00007490        0x0 f:/psoc creator/4.4/psoc creator/import/gnu/arm/5.4.1/bin/../lib/gcc/arm-none-eabi/5.4.1/armv7-m/crtbegin.o

.stab
 *(.stab)

.stabstr
 *(.stabstr)

.debug
 *(.debug)

.line
 *(.line)

.debug_srcinfo
 *(.debug_srcinfo)

.debug_sfnames
 *(.debug_sfnames)

.debug_aranges  0x00000000      0xae0
 *(.debug_aranges)
 .debug_aranges
                0x00000000       0x50 .\CortexM3\ARM_GCC_541\Debug\main.o
 .debug_aranges
                0x00000050       0x58 .\CortexM3\ARM_GCC_541\Debug\cyfitter_cfg.o
 .debug_aranges
                0x000000a8       0x18 .\CortexM3\ARM_GCC_541\Debug\cymetadata.o
 .debug_aranges
                0x000000c0       0x48 .\CortexM3\ARM_GCC_541\Debug\Cm3Start.o
 .debug_aranges
                0x00000108       0xf0 .\CortexM3\ARM_GCC_541\Debug\Interface1.a(UART_1.o)
 .debug_aranges
                0x000001f8       0x70 .\CortexM3\ARM_GCC_541\Debug\Interface1.a(UART_1_IntClock.o)
 .debug_aranges
                0x00000268      0x2a0 .\CortexM3\ARM_GCC_541\Debug\Interface1.a(CyLib.o)
 .debug_aranges
                0x00000508       0x98 .\CortexM3\ARM_GCC_541\Debug\Interface1.a(cyPm.o)
 .debug_aranges
                0x000005a0       0xa8 .\CortexM3\ARM_GCC_541\Debug\Interface1.a(ADC_SAR_1.o)
 .debug_aranges
                0x00000648       0x20 .\CortexM3\ARM_GCC_541\Debug\Interface1.a(ADC_SAR_1_INT.o)
 .debug_aranges
                0x00000668       0x80 .\CortexM3\ARM_GCC_541\Debug\Interface1.a(ADC_SAR_1_theACLK.o)
 .debug_aranges
                0x000006e8       0x38 .\CortexM3\ARM_GCC_541\Debug\Interface1.a(I2C_1.o)
 .debug_aranges
                0x00000720       0x20 .\CortexM3\ARM_GCC_541\Debug\Interface1.a(I2C_1_INT.o)
 .debug_aranges
                0x00000740       0x38 .\CortexM3\ARM_GCC_541\Debug\Interface1.a(I2C_1_PM.o)
 .debug_aranges
                0x00000778       0x80 .\CortexM3\ARM_GCC_541\Debug\Interface1.a(I2C_1_MASTER.o)
 .debug_aranges
                0x000007f8       0xa0 .\CortexM3\ARM_GCC_541\Debug\Interface1.a(Counter_1.o)
 .debug_aranges
                0x00000898       0x38 .\CortexM3\ARM_GCC_541\Debug\Interface1.a(Heater_ENA.o)
 .debug_aranges
                0x000008d0       0x78 .\CortexM3\ARM_GCC_541\Debug\Interface1.a(PWM_1.o)
 .debug_aranges
                0x00000948       0x38 .\CortexM3\ARM_GCC_541\Debug\Interface1.a(Heater_IN1.o)
 .debug_aranges
                0x00000980       0x38 .\CortexM3\ARM_GCC_541\Debug\Interface1.a(Heater_IN2.o)
 .debug_aranges
                0x000009b8       0x20 .\CortexM3\ARM_GCC_541\Debug\Interface1.a(CyBootAsmGnu.o)
 .debug_aranges
                0x000009d8       0x88 .\CortexM3\ARM_GCC_541\Debug\Interface1.a(CyFlash.o)
 .debug_aranges
                0x00000a60       0x80 .\CortexM3\ARM_GCC_541\Debug\Interface1.a(CySpc.o)

.debug_pubnames
 *(.debug_pubnames)

.debug_info     0x00000000     0x61dc
 *(.debug_info .gnu.linkonce.wi.*)
 .debug_info    0x00000000      0x7ee .\CortexM3\ARM_GCC_541\Debug\main.o
 .debug_info    0x000007ee      0x618 .\CortexM3\ARM_GCC_541\Debug\cyfitter_cfg.o
 .debug_info    0x00000e06      0x139 .\CortexM3\ARM_GCC_541\Debug\cymetadata.o
 .debug_info    0x00000f3f      0x3bb .\CortexM3\ARM_GCC_541\Debug\Cm3Start.o
 .debug_info    0x000012fa      0x60c .\CortexM3\ARM_GCC_541\Debug\Interface1.a(UART_1.o)
 .debug_info    0x00001906      0x283 .\CortexM3\ARM_GCC_541\Debug\Interface1.a(UART_1_IntClock.o)
 .debug_info    0x00001b89     0x1374 .\CortexM3\ARM_GCC_541\Debug\Interface1.a(CyLib.o)
 .debug_info    0x00002efd      0xa2a .\CortexM3\ARM_GCC_541\Debug\Interface1.a(cyPm.o)
 .debug_info    0x00003927      0x5c0 .\CortexM3\ARM_GCC_541\Debug\Interface1.a(ADC_SAR_1.o)
 .debug_info    0x00003ee7       0x92 .\CortexM3\ARM_GCC_541\Debug\Interface1.a(ADC_SAR_1_INT.o)
 .debug_info    0x00003f79      0x2c4 .\CortexM3\ARM_GCC_541\Debug\Interface1.a(ADC_SAR_1_theACLK.o)
 .debug_info    0x0000423d      0x2ad .\CortexM3\ARM_GCC_541\Debug\Interface1.a(I2C_1.o)
 .debug_info    0x000044ea      0x184 .\CortexM3\ARM_GCC_541\Debug\Interface1.a(I2C_1_INT.o)
 .debug_info    0x0000466e      0x207 .\CortexM3\ARM_GCC_541\Debug\Interface1.a(I2C_1_PM.o)
 .debug_info    0x00004875      0x407 .\CortexM3\ARM_GCC_541\Debug\Interface1.a(I2C_1_MASTER.o)
 .debug_info    0x00004c7c      0x36b .\CortexM3\ARM_GCC_541\Debug\Interface1.a(Counter_1.o)
 .debug_info    0x00004fe7      0x11f .\CortexM3\ARM_GCC_541\Debug\Interface1.a(Heater_ENA.o)
 .debug_info    0x00005106      0x27e .\CortexM3\ARM_GCC_541\Debug\Interface1.a(PWM_1.o)
 .debug_info    0x00005384      0x11f .\CortexM3\ARM_GCC_541\Debug\Interface1.a(Heater_IN1.o)
 .debug_info    0x000054a3      0x11f .\CortexM3\ARM_GCC_541\Debug\Interface1.a(Heater_IN2.o)
 .debug_info    0x000055c2       0x7d .\CortexM3\ARM_GCC_541\Debug\Interface1.a(CyBootAsmGnu.o)
 .debug_info    0x0000563f      0x64d .\CortexM3\ARM_GCC_541\Debug\Interface1.a(CyFlash.o)
 .debug_info    0x00005c8c      0x550 .\CortexM3\ARM_GCC_541\Debug\Interface1.a(CySpc.o)

.debug_abbrev   0x00000000     0x1afd
 *(.debug_abbrev)
 .debug_abbrev  0x00000000      0x189 .\CortexM3\ARM_GCC_541\Debug\main.o
 .debug_abbrev  0x00000189      0x20d .\CortexM3\ARM_GCC_541\Debug\cyfitter_cfg.o
 .debug_abbrev  0x00000396       0x77 .\CortexM3\ARM_GCC_541\Debug\cymetadata.o
 .debug_abbrev  0x0000040d      0x1e8 .\CortexM3\ARM_GCC_541\Debug\Cm3Start.o
 .debug_abbrev  0x000005f5      0x175 .\CortexM3\ARM_GCC_541\Debug\Interface1.a(UART_1.o)
 .debug_abbrev  0x0000076a      0x139 .\CortexM3\ARM_GCC_541\Debug\Interface1.a(UART_1_IntClock.o)
 .debug_abbrev  0x000008a3      0x254 .\CortexM3\ARM_GCC_541\Debug\Interface1.a(CyLib.o)
 .debug_abbrev  0x00000af7      0x1ab .\CortexM3\ARM_GCC_541\Debug\Interface1.a(cyPm.o)
 .debug_abbrev  0x00000ca2      0x1ac .\CortexM3\ARM_GCC_541\Debug\Interface1.a(ADC_SAR_1.o)
 .debug_abbrev  0x00000e4e       0x42 .\CortexM3\ARM_GCC_541\Debug\Interface1.a(ADC_SAR_1_INT.o)
 .debug_abbrev  0x00000e90      0x121 .\CortexM3\ARM_GCC_541\Debug\Interface1.a(ADC_SAR_1_theACLK.o)
 .debug_abbrev  0x00000fb1      0x10a .\CortexM3\ARM_GCC_541\Debug\Interface1.a(I2C_1.o)
 .debug_abbrev  0x000010bb       0xb6 .\CortexM3\ARM_GCC_541\Debug\Interface1.a(I2C_1_INT.o)
 .debug_abbrev  0x00001171       0xfe .\CortexM3\ARM_GCC_541\Debug\Interface1.a(I2C_1_PM.o)
 .debug_abbrev  0x0000126f      0x13c .\CortexM3\ARM_GCC_541\Debug\Interface1.a(I2C_1_MASTER.o)
 .debug_abbrev  0x000013ab      0x126 .\CortexM3\ARM_GCC_541\Debug\Interface1.a(Counter_1.o)
 .debug_abbrev  0x000014d1       0x90 .\CortexM3\ARM_GCC_541\Debug\Interface1.a(Heater_ENA.o)
 .debug_abbrev  0x00001561      0x12d .\CortexM3\ARM_GCC_541\Debug\Interface1.a(PWM_1.o)
 .debug_abbrev  0x0000168e       0x90 .\CortexM3\ARM_GCC_541\Debug\Interface1.a(Heater_IN1.o)
 .debug_abbrev  0x0000171e       0x90 .\CortexM3\ARM_GCC_541\Debug\Interface1.a(Heater_IN2.o)
 .debug_abbrev  0x000017ae       0x14 .\CortexM3\ARM_GCC_541\Debug\Interface1.a(CyBootAsmGnu.o)
 .debug_abbrev  0x000017c2      0x1a7 .\CortexM3\ARM_GCC_541\Debug\Interface1.a(CyFlash.o)
 .debug_abbrev  0x00001969      0x194 .\CortexM3\ARM_GCC_541\Debug\Interface1.a(CySpc.o)

.debug_line     0x00000000     0x29db
 *(.debug_line)
 .debug_line    0x00000000      0x2ea .\CortexM3\ARM_GCC_541\Debug\main.o
 .debug_line    0x000002ea      0x1ec .\CortexM3\ARM_GCC_541\Debug\cyfitter_cfg.o
 .debug_line    0x000004d6      0x109 .\CortexM3\ARM_GCC_541\Debug\cymetadata.o
 .debug_line    0x000005df      0x1fc .\CortexM3\ARM_GCC_541\Debug\Cm3Start.o
 .debug_line    0x000007db      0x2c0 .\CortexM3\ARM_GCC_541\Debug\Interface1.a(UART_1.o)
 .debug_line    0x00000a9b      0x17e .\CortexM3\ARM_GCC_541\Debug\Interface1.a(UART_1_IntClock.o)
 .debug_line    0x00000c19      0x816 .\CortexM3\ARM_GCC_541\Debug\Interface1.a(CyLib.o)
 .debug_line    0x0000142f      0x367 .\CortexM3\ARM_GCC_541\Debug\Interface1.a(cyPm.o)
 .debug_line    0x00001796      0x222 .\CortexM3\ARM_GCC_541\Debug\Interface1.a(ADC_SAR_1.o)
 .debug_line    0x000019b8       0x56 .\CortexM3\ARM_GCC_541\Debug\Interface1.a(ADC_SAR_1_INT.o)
 .debug_line    0x00001a0e      0x1a3 .\CortexM3\ARM_GCC_541\Debug\Interface1.a(ADC_SAR_1_theACLK.o)
 .debug_line    0x00001bb1       0xdf .\CortexM3\ARM_GCC_541\Debug\Interface1.a(I2C_1.o)
 .debug_line    0x00001c90      0x118 .\CortexM3\ARM_GCC_541\Debug\Interface1.a(I2C_1_INT.o)
 .debug_line    0x00001da8       0xbf .\CortexM3\ARM_GCC_541\Debug\Interface1.a(I2C_1_PM.o)
 .debug_line    0x00001e67      0x201 .\CortexM3\ARM_GCC_541\Debug\Interface1.a(I2C_1_MASTER.o)
 .debug_line    0x00002068      0x19b .\CortexM3\ARM_GCC_541\Debug\Interface1.a(Counter_1.o)
 .debug_line    0x00002203       0x97 .\CortexM3\ARM_GCC_541\Debug\Interface1.a(Heater_ENA.o)
 .debug_line    0x0000229a      0x133 .\CortexM3\ARM_GCC_541\Debug\Interface1.a(PWM_1.o)
 .debug_line    0x000023cd       0x97 .\CortexM3\ARM_GCC_541\Debug\Interface1.a(Heater_IN1.o)
 .debug_line    0x00002464       0x97 .\CortexM3\ARM_GCC_541\Debug\Interface1.a(Heater_IN2.o)
 .debug_line    0x000024fb       0x66 .\CortexM3\ARM_GCC_541\Debug\Interface1.a(CyBootAsmGnu.o)
 .debug_line    0x00002561      0x21a .\CortexM3\ARM_GCC_541\Debug\Interface1.a(CyFlash.o)
 .debug_line    0x0000277b      0x260 .\CortexM3\ARM_GCC_541\Debug\Interface1.a(CySpc.o)

.debug_frame    0x00000000     0x24ec
 *(.debug_frame)
 .debug_frame   0x00000000       0xe8 .\CortexM3\ARM_GCC_541\Debug\main.o
 .debug_frame   0x000000e8       0xfc .\CortexM3\ARM_GCC_541\Debug\cyfitter_cfg.o
 .debug_frame   0x000001e4       0xb8 .\CortexM3\ARM_GCC_541\Debug\Cm3Start.o
 .debug_frame   0x0000029c      0x250 .\CortexM3\ARM_GCC_541\Debug\Interface1.a(UART_1.o)
 .debug_frame   0x000004ec       0xe0 .\CortexM3\ARM_GCC_541\Debug\Interface1.a(UART_1_IntClock.o)
 .debug_frame   0x000005cc      0x738 .\CortexM3\ARM_GCC_541\Debug\Interface1.a(CyLib.o)
 .debug_frame   0x00000d04      0x1f8 .\CortexM3\ARM_GCC_541\Debug\Interface1.a(cyPm.o)
 .debug_frame   0x00000efc      0x1b0 .\CortexM3\ARM_GCC_541\Debug\Interface1.a(ADC_SAR_1.o)
 .debug_frame   0x000010ac       0x20 .\CortexM3\ARM_GCC_541\Debug\Interface1.a(ADC_SAR_1_INT.o)
 .debug_frame   0x000010cc      0x100 .\CortexM3\ARM_GCC_541\Debug\Interface1.a(ADC_SAR_1_theACLK.o)
 .debug_frame   0x000011cc       0x94 .\CortexM3\ARM_GCC_541\Debug\Interface1.a(I2C_1.o)
 .debug_frame   0x00001260       0x30 .\CortexM3\ARM_GCC_541\Debug\Interface1.a(I2C_1_INT.o)
 .debug_frame   0x00001290       0x74 .\CortexM3\ARM_GCC_541\Debug\Interface1.a(I2C_1_PM.o)
 .debug_frame   0x00001304      0x138 .\CortexM3\ARM_GCC_541\Debug\Interface1.a(I2C_1_MASTER.o)
 .debug_frame   0x0000143c      0x144 .\CortexM3\ARM_GCC_541\Debug\Interface1.a(Counter_1.o)
 .debug_frame   0x00001580       0x50 .\CortexM3\ARM_GCC_541\Debug\Interface1.a(Heater_ENA.o)
 .debug_frame   0x000015d0       0xe8 .\CortexM3\ARM_GCC_541\Debug\Interface1.a(PWM_1.o)
 .debug_frame   0x000016b8       0x50 .\CortexM3\ARM_GCC_541\Debug\Interface1.a(Heater_IN1.o)
 .debug_frame   0x00001708       0x50 .\CortexM3\ARM_GCC_541\Debug\Interface1.a(Heater_IN2.o)
 .debug_frame   0x00001758      0x194 .\CortexM3\ARM_GCC_541\Debug\Interface1.a(CyFlash.o)
 .debug_frame   0x000018ec      0x180 .\CortexM3\ARM_GCC_541\Debug\Interface1.a(CySpc.o)
 .debug_frame   0x00001a6c       0x30 f:/psoc creator/4.4/psoc creator/import/gnu/arm/5.4.1/bin/../lib/gcc/arm-none-eabi/5.4.1/../../../../arm-none-eabi/lib/armv7-m\libm.a(lib_a-sf_ceil.o)
 .debug_frame   0x00001a9c       0x3c f:/psoc creator/4.4/psoc creator/import/gnu/arm/5.4.1/bin/../lib/gcc/arm-none-eabi/5.4.1/../../../../arm-none-eabi/lib/armv7-m\libm.a(lib_a-wf_log.o)
 .debug_frame   0x00001ad8       0x34 f:/psoc creator/4.4/psoc creator/import/gnu/arm/5.4.1/bin/../lib/gcc/arm-none-eabi/5.4.1/../../../../arm-none-eabi/lib/armv7-m\libm.a(lib_a-ef_log.o)
 .debug_frame   0x00001b0c       0x20 f:/psoc creator/4.4/psoc creator/import/gnu/arm/5.4.1/bin/../lib/gcc/arm-none-eabi/5.4.1/../../../../arm-none-eabi/lib/armv7-m\libm.a(lib_a-s_matherr.o)
 .debug_frame   0x00001b2c       0x20 f:/psoc creator/4.4/psoc creator/import/gnu/arm/5.4.1/bin/../lib/gcc/arm-none-eabi/5.4.1/../../../../arm-none-eabi/lib/armv7-m\libm.a(lib_a-s_nan.o)
 .debug_frame   0x00001b4c       0x44 f:/psoc creator/4.4/psoc creator/import/gnu/arm/5.4.1/bin/../lib/gcc/arm-none-eabi/5.4.1/armv7-m\libgcc.a(_aeabi_ldivmod.o)
 .debug_frame   0x00001b90       0x38 f:/psoc creator/4.4/psoc creator/import/gnu/arm/5.4.1/bin/../lib/gcc/arm-none-eabi/5.4.1/armv7-m\libgcc.a(_udivmoddi4.o)
 .debug_frame   0x00001bc8       0x20 f:/psoc creator/4.4/psoc creator/import/gnu/arm/5.4.1/bin/../lib/gcc/arm-none-eabi/5.4.1/../../../../arm-none-eabi/lib/armv7-m\libg.a(lib_a-errno.o)
 .debug_frame   0x00001be8       0x28 f:/psoc creator/4.4/psoc creator/import/gnu/arm/5.4.1/bin/../lib/gcc/arm-none-eabi/5.4.1/../../../../arm-none-eabi/lib/armv7-m\libg.a(lib_a-exit.o)
 .debug_frame   0x00001c10       0x2c f:/psoc creator/4.4/psoc creator/import/gnu/arm/5.4.1/bin/../lib/gcc/arm-none-eabi/5.4.1/../../../../arm-none-eabi/lib/armv7-m\libg.a(lib_a-init.o)
 .debug_frame   0x00001c3c       0x34 f:/psoc creator/4.4/psoc creator/import/gnu/arm/5.4.1/bin/../lib/gcc/arm-none-eabi/5.4.1/../../../../arm-none-eabi/lib/armv7-m\libg.a(lib_a-memset.o)
 .debug_frame   0x00001c70       0x84 f:/psoc creator/4.4/psoc creator/import/gnu/arm/5.4.1/bin/../lib/gcc/arm-none-eabi/5.4.1/../../../../arm-none-eabi/lib/armv7-m\libg.a(lib_a-sprintf.o)
 .debug_frame   0x00001cf4       0x44 f:/psoc creator/4.4/psoc creator/import/gnu/arm/5.4.1/bin/../lib/gcc/arm-none-eabi/5.4.1/../../../../arm-none-eabi/lib/armv7-m\libg.a(lib_a-svfprintf.o)
 .debug_frame   0x00001d38       0x50 f:/psoc creator/4.4/psoc creator/import/gnu/arm/5.4.1/bin/../lib/gcc/arm-none-eabi/5.4.1/../../../../arm-none-eabi/lib/armv7-m\libg.a(lib_a-__call_atexit.o)
 .debug_frame   0x00001d88       0x20 f:/psoc creator/4.4/psoc creator/import/gnu/arm/5.4.1/bin/../lib/gcc/arm-none-eabi/5.4.1/../../../../arm-none-eabi/lib/armv7-m\libg.a(lib_a-atexit.o)
 .debug_frame   0x00001da8       0x84 f:/psoc creator/4.4/psoc creator/import/gnu/arm/5.4.1/bin/../lib/gcc/arm-none-eabi/5.4.1/../../../../arm-none-eabi/lib/armv7-m\libg.a(lib_a-dtoa.o)
 .debug_frame   0x00001e2c       0x34 f:/psoc creator/4.4/psoc creator/import/gnu/arm/5.4.1/bin/../lib/gcc/arm-none-eabi/5.4.1/../../../../arm-none-eabi/lib/armv7-m\libg.a(lib_a-fini.o)
 .debug_frame   0x00001e60       0x9c f:/psoc creator/4.4/psoc creator/import/gnu/arm/5.4.1/bin/../lib/gcc/arm-none-eabi/5.4.1/../../../../arm-none-eabi/lib/armv7-m\libg.a(lib_a-locale.o)
 .debug_frame   0x00001efc       0x54 f:/psoc creator/4.4/psoc creator/import/gnu/arm/5.4.1/bin/../lib/gcc/arm-none-eabi/5.4.1/../../../../arm-none-eabi/lib/armv7-m\libg.a(lib_a-mallocr.o)
 .debug_frame   0x00001f50       0x34 f:/psoc creator/4.4/psoc creator/import/gnu/arm/5.4.1/bin/../lib/gcc/arm-none-eabi/5.4.1/../../../../arm-none-eabi/lib/armv7-m\libg.a(lib_a-memchr-stub.o)
 .debug_frame   0x00001f84       0x30 f:/psoc creator/4.4/psoc creator/import/gnu/arm/5.4.1/bin/../lib/gcc/arm-none-eabi/5.4.1/../../../../arm-none-eabi/lib/armv7-m\libg.a(lib_a-mlock.o)
 .debug_frame   0x00001fb4      0x264 f:/psoc creator/4.4/psoc creator/import/gnu/arm/5.4.1/bin/../lib/gcc/arm-none-eabi/5.4.1/../../../../arm-none-eabi/lib/armv7-m\libg.a(lib_a-mprec.o)
 .debug_frame   0x00002218       0x2c f:/psoc creator/4.4/psoc creator/import/gnu/arm/5.4.1/bin/../lib/gcc/arm-none-eabi/5.4.1/../../../../arm-none-eabi/lib/armv7-m\libg.a(lib_a-sbrkr.o)
 .debug_frame   0x00002244       0x34 f:/psoc creator/4.4/psoc creator/import/gnu/arm/5.4.1/bin/../lib/gcc/arm-none-eabi/5.4.1/../../../../arm-none-eabi/lib/armv7-m\libg.a(lib_a-strcmp.o)
 .debug_frame   0x00002278       0x20 f:/psoc creator/4.4/psoc creator/import/gnu/arm/5.4.1/bin/../lib/gcc/arm-none-eabi/5.4.1/../../../../arm-none-eabi/lib/armv7-m\libg.a(lib_a-strlen-stub.o)
 .debug_frame   0x00002298       0x78 f:/psoc creator/4.4/psoc creator/import/gnu/arm/5.4.1/bin/../lib/gcc/arm-none-eabi/5.4.1/../../../../arm-none-eabi/lib/armv7-m\libg.a(lib_a-svfiprintf.o)
 .debug_frame   0x00002310       0x34 f:/psoc creator/4.4/psoc creator/import/gnu/arm/5.4.1/bin/../lib/gcc/arm-none-eabi/5.4.1/../../../../arm-none-eabi/lib/armv7-m\libg.a(lib_a-__atexit.o)
 .debug_frame   0x00002344       0x28 f:/psoc creator/4.4/psoc creator/import/gnu/arm/5.4.1/bin/../lib/gcc/arm-none-eabi/5.4.1/../../../../arm-none-eabi/lib/armv7-m\libg.a(lib_a-callocr.o)
 .debug_frame   0x0000236c       0x74 f:/psoc creator/4.4/psoc creator/import/gnu/arm/5.4.1/bin/../lib/gcc/arm-none-eabi/5.4.1/../../../../arm-none-eabi/lib/armv7-m\libg.a(lib_a-freer.o)
 .debug_frame   0x000023e0       0x30 f:/psoc creator/4.4/psoc creator/import/gnu/arm/5.4.1/bin/../lib/gcc/arm-none-eabi/5.4.1/../../../../arm-none-eabi/lib/armv7-m\libg.a(lib_a-memmove.o)
 .debug_frame   0x00002410       0x58 f:/psoc creator/4.4/psoc creator/import/gnu/arm/5.4.1/bin/../lib/gcc/arm-none-eabi/5.4.1/../../../../arm-none-eabi/lib/armv7-m\libg.a(lib_a-reallocr.o)
 .debug_frame   0x00002468       0x58 f:/psoc creator/4.4/psoc creator/import/gnu/arm/5.4.1/bin/../lib/gcc/arm-none-eabi/5.4.1/../../../../arm-none-eabi/lib/armv7-m\libg.a(lib_a-reent.o)
 .debug_frame   0x000024c0       0x2c f:/psoc creator/4.4/psoc creator/import/gnu/arm/5.4.1/bin/../lib/gcc/arm-none-eabi/5.4.1/armv7-m\libgcc.a(_aeabi_uldivmod.o)

.debug_str      0x00000000     0x251a
 *(.debug_str)
 .debug_str     0x00000000      0x456 .\CortexM3\ARM_GCC_541\Debug\main.o
                                0x4c7 (size before relaxing)
 .debug_str     0x00000456      0x1b2 .\CortexM3\ARM_GCC_541\Debug\cyfitter_cfg.o
                                0x33b (size before relaxing)
 .debug_str     0x00000608       0x75 .\CortexM3\ARM_GCC_541\Debug\cymetadata.o
                                0x1d1 (size before relaxing)
 .debug_str     0x0000067d      0x144 .\CortexM3\ARM_GCC_541\Debug\Cm3Start.o
                                0x2f7 (size before relaxing)
 .debug_str     0x000007c1      0x2f4 .\CortexM3\ARM_GCC_541\Debug\Interface1.a(UART_1.o)
                                0x4a0 (size before relaxing)
 .debug_str     0x00000ab5      0x197 .\CortexM3\ARM_GCC_541\Debug\Interface1.a(UART_1_IntClock.o)
                                0x33b (size before relaxing)
 .debug_str     0x00000c4c      0x800 .\CortexM3\ARM_GCC_541\Debug\Interface1.a(CyLib.o)
                                0xa34 (size before relaxing)
 .debug_str     0x0000144c      0x365 .\CortexM3\ARM_GCC_541\Debug\Interface1.a(cyPm.o)
                                0x720 (size before relaxing)
 .debug_str     0x000017b1      0x1f9 .\CortexM3\ARM_GCC_541\Debug\Interface1.a(ADC_SAR_1.o)
                                0x4aa (size before relaxing)
 .debug_str     0x000019aa       0x35 .\CortexM3\ARM_GCC_541\Debug\Interface1.a(ADC_SAR_1_INT.o)
                                0x188 (size before relaxing)
 .debug_str     0x000019df      0x1bc .\CortexM3\ARM_GCC_541\Debug\Interface1.a(ADC_SAR_1_theACLK.o)
                                0x3a2 (size before relaxing)
 .debug_str     0x00001b9b       0xef .\CortexM3\ARM_GCC_541\Debug\Interface1.a(I2C_1.o)
                                0x2e6 (size before relaxing)
 .debug_str     0x00001c8a       0x94 .\CortexM3\ARM_GCC_541\Debug\Interface1.a(I2C_1_INT.o)
                                0x262 (size before relaxing)
 .debug_str     0x00001d1e       0x60 .\CortexM3\ARM_GCC_541\Debug\Interface1.a(I2C_1_PM.o)
                                0x27c (size before relaxing)
 .debug_str     0x00001d7e      0x150 .\CortexM3\ARM_GCC_541\Debug\Interface1.a(I2C_1_MASTER.o)
                                0x3bf (size before relaxing)
 .debug_str     0x00001ece      0x1c4 .\CortexM3\ARM_GCC_541\Debug\Interface1.a(Counter_1.o)
                                0x3b6 (size before relaxing)
 .debug_str     0x00002092       0x6e .\CortexM3\ARM_GCC_541\Debug\Interface1.a(Heater_ENA.o)
                                0x1e8 (size before relaxing)
 .debug_str     0x00002100       0xf4 .\CortexM3\ARM_GCC_541\Debug\Interface1.a(PWM_1.o)
                                0x2ba (size before relaxing)
 .debug_str     0x000021f4       0x63 .\CortexM3\ARM_GCC_541\Debug\Interface1.a(Heater_IN1.o)
                                0x1e8 (size before relaxing)
 .debug_str     0x00002257       0x63 .\CortexM3\ARM_GCC_541\Debug\Interface1.a(Heater_IN2.o)
                                0x1e8 (size before relaxing)
 .debug_str     0x000022ba      0x1b4 .\CortexM3\ARM_GCC_541\Debug\Interface1.a(CyFlash.o)
                                0x3ad (size before relaxing)
 .debug_str     0x0000246e       0xac .\CortexM3\ARM_GCC_541\Debug\Interface1.a(CySpc.o)
                                0x325 (size before relaxing)

.debug_loc      0x00000000     0x2aac
 *(.debug_loc)
 .debug_loc     0x00000000      0x20c .\CortexM3\ARM_GCC_541\Debug\main.o
 .debug_loc     0x0000020c      0x27f .\CortexM3\ARM_GCC_541\Debug\cyfitter_cfg.o
 .debug_loc     0x0000048b      0x144 .\CortexM3\ARM_GCC_541\Debug\Cm3Start.o
 .debug_loc     0x000005cf      0x258 .\CortexM3\ARM_GCC_541\Debug\Interface1.a(UART_1.o)
 .debug_loc     0x00000827      0x128 .\CortexM3\ARM_GCC_541\Debug\Interface1.a(UART_1_IntClock.o)
 .debug_loc     0x0000094f      0xa11 .\CortexM3\ARM_GCC_541\Debug\Interface1.a(CyLib.o)
 .debug_loc     0x00001360      0x1e4 .\CortexM3\ARM_GCC_541\Debug\Interface1.a(cyPm.o)
 .debug_loc     0x00001544      0x295 .\CortexM3\ARM_GCC_541\Debug\Interface1.a(ADC_SAR_1.o)
 .debug_loc     0x000017d9      0x14d .\CortexM3\ARM_GCC_541\Debug\Interface1.a(ADC_SAR_1_theACLK.o)
 .debug_loc     0x00001926       0x39 .\CortexM3\ARM_GCC_541\Debug\Interface1.a(I2C_1.o)
 .debug_loc     0x0000195f       0x29 .\CortexM3\ARM_GCC_541\Debug\Interface1.a(I2C_1_INT.o)
 .debug_loc     0x00001988       0x13 .\CortexM3\ARM_GCC_541\Debug\Interface1.a(I2C_1_PM.o)
 .debug_loc     0x0000199b      0x52f .\CortexM3\ARM_GCC_541\Debug\Interface1.a(I2C_1_MASTER.o)
 .debug_loc     0x00001eca       0x52 .\CortexM3\ARM_GCC_541\Debug\Interface1.a(Counter_1.o)
 .debug_loc     0x00001f1c       0x42 .\CortexM3\ARM_GCC_541\Debug\Interface1.a(Heater_ENA.o)
 .debug_loc     0x00001f5e       0x13 .\CortexM3\ARM_GCC_541\Debug\Interface1.a(PWM_1.o)
 .debug_loc     0x00001f71       0x42 .\CortexM3\ARM_GCC_541\Debug\Interface1.a(Heater_IN1.o)
 .debug_loc     0x00001fb3       0x42 .\CortexM3\ARM_GCC_541\Debug\Interface1.a(Heater_IN2.o)
 .debug_loc     0x00001ff5      0x3b2 .\CortexM3\ARM_GCC_541\Debug\Interface1.a(CyFlash.o)
 .debug_loc     0x000023a7      0x705 .\CortexM3\ARM_GCC_541\Debug\Interface1.a(CySpc.o)

.debug_macinfo
 *(.debug_macinfo)

.debug_ranges   0x00000000      0x958
 *(.debug_ranges)
 .debug_ranges  0x00000000       0x40 .\CortexM3\ARM_GCC_541\Debug\main.o
 .debug_ranges  0x00000040       0x48 .\CortexM3\ARM_GCC_541\Debug\cyfitter_cfg.o
 .debug_ranges  0x00000088       0x38 .\CortexM3\ARM_GCC_541\Debug\Cm3Start.o
 .debug_ranges  0x000000c0       0xe0 .\CortexM3\ARM_GCC_541\Debug\Interface1.a(UART_1.o)
 .debug_ranges  0x000001a0       0x60 .\CortexM3\ARM_GCC_541\Debug\Interface1.a(UART_1_IntClock.o)
 .debug_ranges  0x00000200      0x290 .\CortexM3\ARM_GCC_541\Debug\Interface1.a(CyLib.o)
 .debug_ranges  0x00000490       0x88 .\CortexM3\ARM_GCC_541\Debug\Interface1.a(cyPm.o)
 .debug_ranges  0x00000518       0x98 .\CortexM3\ARM_GCC_541\Debug\Interface1.a(ADC_SAR_1.o)
 .debug_ranges  0x000005b0       0x10 .\CortexM3\ARM_GCC_541\Debug\Interface1.a(ADC_SAR_1_INT.o)
 .debug_ranges  0x000005c0       0x70 .\CortexM3\ARM_GCC_541\Debug\Interface1.a(ADC_SAR_1_theACLK.o)
 .debug_ranges  0x00000630       0x28 .\CortexM3\ARM_GCC_541\Debug\Interface1.a(I2C_1.o)
 .debug_ranges  0x00000658       0x10 .\CortexM3\ARM_GCC_541\Debug\Interface1.a(I2C_1_INT.o)
 .debug_ranges  0x00000668       0x28 .\CortexM3\ARM_GCC_541\Debug\Interface1.a(I2C_1_PM.o)
 .debug_ranges  0x00000690       0x70 .\CortexM3\ARM_GCC_541\Debug\Interface1.a(I2C_1_MASTER.o)
 .debug_ranges  0x00000700       0x90 .\CortexM3\ARM_GCC_541\Debug\Interface1.a(Counter_1.o)
 .debug_ranges  0x00000790       0x28 .\CortexM3\ARM_GCC_541\Debug\Interface1.a(Heater_ENA.o)
 .debug_ranges  0x000007b8       0x68 .\CortexM3\ARM_GCC_541\Debug\Interface1.a(PWM_1.o)
 .debug_ranges  0x00000820       0x28 .\CortexM3\ARM_GCC_541\Debug\Interface1.a(Heater_IN1.o)
 .debug_ranges  0x00000848       0x28 .\CortexM3\ARM_GCC_541\Debug\Interface1.a(Heater_IN2.o)
 .debug_ranges  0x00000870       0x78 .\CortexM3\ARM_GCC_541\Debug\Interface1.a(CyFlash.o)
 .debug_ranges  0x000008e8       0x70 .\CortexM3\ARM_GCC_541\Debug\Interface1.a(CySpc.o)

.comment        0x00000000       0x6e
 .comment       0x00000000       0x6e .\CortexM3\ARM_GCC_541\Debug\main.o
                                 0x6f (size before relaxing)
 .comment       0x0000006e       0x6f .\CortexM3\ARM_GCC_541\Debug\cyfitter_cfg.o
 .comment       0x0000006e       0x6f .\CortexM3\ARM_GCC_541\Debug\cymetadata.o
 .comment       0x0000006e       0x6f .\CortexM3\ARM_GCC_541\Debug\Cm3Start.o
 .comment       0x0000006e       0x6f .\CortexM3\ARM_GCC_541\Debug\Interface1.a(UART_1.o)
 .comment       0x0000006e       0x6f .\CortexM3\ARM_GCC_541\Debug\Interface1.a(UART_1_IntClock.o)
 .comment       0x0000006e       0x6f .\CortexM3\ARM_GCC_541\Debug\Interface1.a(CyLib.o)
 .comment       0x0000006e       0x6f .\CortexM3\ARM_GCC_541\Debug\Interface1.a(cyPm.o)
 .comment       0x0000006e       0x6f .\CortexM3\ARM_GCC_541\Debug\Interface1.a(ADC_SAR_1.o)
 .comment       0x0000006e       0x6f .\CortexM3\ARM_GCC_541\Debug\Interface1.a(ADC_SAR_1_INT.o)
 .comment       0x0000006e       0x6f .\CortexM3\ARM_GCC_541\Debug\Interface1.a(ADC_SAR_1_theACLK.o)
 .comment       0x0000006e       0x6f .\CortexM3\ARM_GCC_541\Debug\Interface1.a(I2C_1.o)
 .comment       0x0000006e       0x6f .\CortexM3\ARM_GCC_541\Debug\Interface1.a(I2C_1_INT.o)
 .comment       0x0000006e       0x6f .\CortexM3\ARM_GCC_541\Debug\Interface1.a(I2C_1_PM.o)
 .comment       0x0000006e       0x6f .\CortexM3\ARM_GCC_541\Debug\Interface1.a(I2C_1_MASTER.o)
 .comment       0x0000006e       0x6f .\CortexM3\ARM_GCC_541\Debug\Interface1.a(Counter_1.o)
 .comment       0x0000006e       0x6f .\CortexM3\ARM_GCC_541\Debug\Interface1.a(Heater_ENA.o)
 .comment       0x0000006e       0x6f .\CortexM3\ARM_GCC_541\Debug\Interface1.a(PWM_1.o)
 .comment       0x0000006e       0x6f .\CortexM3\ARM_GCC_541\Debug\Interface1.a(Heater_IN1.o)
 .comment       0x0000006e       0x6f .\CortexM3\ARM_GCC_541\Debug\Interface1.a(Heater_IN2.o)
 .comment       0x0000006e       0x6f .\CortexM3\ARM_GCC_541\Debug\Interface1.a(CyFlash.o)
 .comment       0x0000006e       0x6f .\CortexM3\ARM_GCC_541\Debug\Interface1.a(CySpc.o)

.debug_weaknames
 *(.debug_weaknames)

.debug_funcnames
 *(.debug_funcnames)

.debug_typenames
 *(.debug_typenames)

.debug_varnames
 *(.debug_varnames)

.note.gnu.arm.ident
 *(.note.gnu.arm.ident)

.ARM.attributes
                0x00000000       0x29
 *(.ARM.attributes)
 .ARM.attributes
                0x00000000       0x1d f:/psoc creator/4.4/psoc creator/import/gnu/arm/5.4.1/bin/../lib/gcc/arm-none-eabi/5.4.1/armv7-m/crti.o
 .ARM.attributes
                0x0000001d       0x2d f:/psoc creator/4.4/psoc creator/import/gnu/arm/5.4.1/bin/../lib/gcc/arm-none-eabi/5.4.1/armv7-m/crtbegin.o
 .ARM.attributes
                0x0000004a       0x1b f:/psoc creator/4.4/psoc creator/import/gnu/arm/5.4.1/bin/../lib/gcc/arm-none-eabi/5.4.1/../../../../arm-none-eabi/lib/armv7-m/crt0.o
 .ARM.attributes
                0x00000065       0x33 .\CortexM3\ARM_GCC_541\Debug\main.o
 .ARM.attributes
                0x00000098       0x33 .\CortexM3\ARM_GCC_541\Debug\cyfitter_cfg.o
 .ARM.attributes
                0x000000cb       0x33 .\CortexM3\ARM_GCC_541\Debug\cymetadata.o
 .ARM.attributes
                0x000000fe       0x33 .\CortexM3\ARM_GCC_541\Debug\Cm3Start.o
 .ARM.attributes
                0x00000131       0x33 .\CortexM3\ARM_GCC_541\Debug\Interface1.a(UART_1.o)
 .ARM.attributes
                0x00000164       0x33 .\CortexM3\ARM_GCC_541\Debug\Interface1.a(UART_1_IntClock.o)
 .ARM.attributes
                0x00000197       0x33 .\CortexM3\ARM_GCC_541\Debug\Interface1.a(CyLib.o)
 .ARM.attributes
                0x000001ca       0x33 .\CortexM3\ARM_GCC_541\Debug\Interface1.a(cyPm.o)
 .ARM.attributes
                0x000001fd       0x33 .\CortexM3\ARM_GCC_541\Debug\Interface1.a(ADC_SAR_1.o)
 .ARM.attributes
                0x00000230       0x33 .\CortexM3\ARM_GCC_541\Debug\Interface1.a(ADC_SAR_1_INT.o)
 .ARM.attributes
                0x00000263       0x33 .\CortexM3\ARM_GCC_541\Debug\Interface1.a(ADC_SAR_1_theACLK.o)
 .ARM.attributes
                0x00000296       0x33 .\CortexM3\ARM_GCC_541\Debug\Interface1.a(I2C_1.o)
 .ARM.attributes
                0x000002c9       0x33 .\CortexM3\ARM_GCC_541\Debug\Interface1.a(I2C_1_INT.o)
 .ARM.attributes
                0x000002fc       0x33 .\CortexM3\ARM_GCC_541\Debug\Interface1.a(I2C_1_PM.o)
 .ARM.attributes
                0x0000032f       0x33 .\CortexM3\ARM_GCC_541\Debug\Interface1.a(I2C_1_MASTER.o)
 .ARM.attributes
                0x00000362       0x33 .\CortexM3\ARM_GCC_541\Debug\Interface1.a(Counter_1.o)
 .ARM.attributes
                0x00000395       0x33 .\CortexM3\ARM_GCC_541\Debug\Interface1.a(Heater_ENA.o)
 .ARM.attributes
                0x000003c8       0x33 .\CortexM3\ARM_GCC_541\Debug\Interface1.a(PWM_1.o)
 .ARM.attributes
                0x000003fb       0x33 .\CortexM3\ARM_GCC_541\Debug\Interface1.a(Heater_IN1.o)
 .ARM.attributes
                0x0000042e       0x33 .\CortexM3\ARM_GCC_541\Debug\Interface1.a(Heater_IN2.o)
 .ARM.attributes
                0x00000461       0x21 .\CortexM3\ARM_GCC_541\Debug\Interface1.a(CyBootAsmGnu.o)
 .ARM.attributes
                0x00000482       0x33 .\CortexM3\ARM_GCC_541\Debug\Interface1.a(CyFlash.o)
 .ARM.attributes
                0x000004b5       0x33 .\CortexM3\ARM_GCC_541\Debug\Interface1.a(CySpc.o)
 .ARM.attributes
                0x000004e8       0x2d f:/psoc creator/4.4/psoc creator/import/gnu/arm/5.4.1/bin/../lib/gcc/arm-none-eabi/5.4.1/../../../../arm-none-eabi/lib/armv7-m\libm.a(lib_a-sf_ceil.o)
 .ARM.attributes
                0x00000515       0x2d f:/psoc creator/4.4/psoc creator/import/gnu/arm/5.4.1/bin/../lib/gcc/arm-none-eabi/5.4.1/../../../../arm-none-eabi/lib/armv7-m\libm.a(lib_a-wf_log.o)
 .ARM.attributes
                0x00000542       0x2d f:/psoc creator/4.4/psoc creator/import/gnu/arm/5.4.1/bin/../lib/gcc/arm-none-eabi/5.4.1/../../../../arm-none-eabi/lib/armv7-m\libm.a(lib_a-ef_log.o)
 .ARM.attributes
                0x0000056f       0x2d f:/psoc creator/4.4/psoc creator/import/gnu/arm/5.4.1/bin/../lib/gcc/arm-none-eabi/5.4.1/../../../../arm-none-eabi/lib/armv7-m\libm.a(lib_a-s_lib_ver.o)
 .ARM.attributes
                0x0000059c       0x2d f:/psoc creator/4.4/psoc creator/import/gnu/arm/5.4.1/bin/../lib/gcc/arm-none-eabi/5.4.1/../../../../arm-none-eabi/lib/armv7-m\libm.a(lib_a-s_matherr.o)
 .ARM.attributes
                0x000005c9       0x2d f:/psoc creator/4.4/psoc creator/import/gnu/arm/5.4.1/bin/../lib/gcc/arm-none-eabi/5.4.1/../../../../arm-none-eabi/lib/armv7-m\libm.a(lib_a-s_nan.o)
 .ARM.attributes
                0x000005f6       0x1d f:/psoc creator/4.4/psoc creator/import/gnu/arm/5.4.1/bin/../lib/gcc/arm-none-eabi/5.4.1/armv7-m\libgcc.a(_arm_addsubdf3.o)
 .ARM.attributes
                0x00000613       0x1d f:/psoc creator/4.4/psoc creator/import/gnu/arm/5.4.1/bin/../lib/gcc/arm-none-eabi/5.4.1/armv7-m\libgcc.a(_arm_muldivdf3.o)
 .ARM.attributes
                0x00000630       0x1d f:/psoc creator/4.4/psoc creator/import/gnu/arm/5.4.1/bin/../lib/gcc/arm-none-eabi/5.4.1/armv7-m\libgcc.a(_arm_fixdfsi.o)
 .ARM.attributes
                0x0000064d       0x1d f:/psoc creator/4.4/psoc creator/import/gnu/arm/5.4.1/bin/../lib/gcc/arm-none-eabi/5.4.1/armv7-m\libgcc.a(_arm_truncdfsf2.o)
 .ARM.attributes
                0x0000066a       0x1d f:/psoc creator/4.4/psoc creator/import/gnu/arm/5.4.1/bin/../lib/gcc/arm-none-eabi/5.4.1/armv7-m\libgcc.a(_arm_addsubsf3.o)
 .ARM.attributes
                0x00000687       0x1d f:/psoc creator/4.4/psoc creator/import/gnu/arm/5.4.1/bin/../lib/gcc/arm-none-eabi/5.4.1/armv7-m\libgcc.a(_arm_muldivsf3.o)
 .ARM.attributes
                0x000006a4       0x1d f:/psoc creator/4.4/psoc creator/import/gnu/arm/5.4.1/bin/../lib/gcc/arm-none-eabi/5.4.1/armv7-m\libgcc.a(_arm_cmpsf2.o)
 .ARM.attributes
                0x000006c1       0x1d f:/psoc creator/4.4/psoc creator/import/gnu/arm/5.4.1/bin/../lib/gcc/arm-none-eabi/5.4.1/armv7-m\libgcc.a(_arm_unordsf2.o)
 .ARM.attributes
                0x000006de       0x1d f:/psoc creator/4.4/psoc creator/import/gnu/arm/5.4.1/bin/../lib/gcc/arm-none-eabi/5.4.1/armv7-m\libgcc.a(_arm_fixsfsi.o)
 .ARM.attributes
                0x000006fb       0x1d f:/psoc creator/4.4/psoc creator/import/gnu/arm/5.4.1/bin/../lib/gcc/arm-none-eabi/5.4.1/armv7-m\libgcc.a(_aeabi_ldivmod.o)
 .ARM.attributes
                0x00000718       0x2d f:/psoc creator/4.4/psoc creator/import/gnu/arm/5.4.1/bin/../lib/gcc/arm-none-eabi/5.4.1/armv7-m\libgcc.a(_udivmoddi4.o)
 .ARM.attributes
                0x00000745       0x1d f:/psoc creator/4.4/psoc creator/import/gnu/arm/5.4.1/bin/../lib/gcc/arm-none-eabi/5.4.1/armv7-m\libgcc.a(_dvmd_tls.o)
 .ARM.attributes
                0x00000762       0x2d f:/psoc creator/4.4/psoc creator/import/gnu/arm/5.4.1/bin/../lib/gcc/arm-none-eabi/5.4.1/../../../../arm-none-eabi/lib/armv7-m\libg.a(lib_a-errno.o)
 .ARM.attributes
                0x0000078f       0x2d f:/psoc creator/4.4/psoc creator/import/gnu/arm/5.4.1/bin/../lib/gcc/arm-none-eabi/5.4.1/../../../../arm-none-eabi/lib/armv7-m\libg.a(lib_a-exit.o)
 .ARM.attributes
                0x000007bc       0x2d f:/psoc creator/4.4/psoc creator/import/gnu/arm/5.4.1/bin/../lib/gcc/arm-none-eabi/5.4.1/../../../../arm-none-eabi/lib/armv7-m\libg.a(lib_a-impure.o)
 .ARM.attributes
                0x000007e9       0x2d f:/psoc creator/4.4/psoc creator/import/gnu/arm/5.4.1/bin/../lib/gcc/arm-none-eabi/5.4.1/../../../../arm-none-eabi/lib/armv7-m\libg.a(lib_a-init.o)
 .ARM.attributes
                0x00000816       0x1b f:/psoc creator/4.4/psoc creator/import/gnu/arm/5.4.1/bin/../lib/gcc/arm-none-eabi/5.4.1/../../../../arm-none-eabi/lib/armv7-m\libg.a(lib_a-memcpy.o)
 .ARM.attributes
                0x00000831       0x2d f:/psoc creator/4.4/psoc creator/import/gnu/arm/5.4.1/bin/../lib/gcc/arm-none-eabi/5.4.1/../../../../arm-none-eabi/lib/armv7-m\libg.a(lib_a-memset.o)
 .ARM.attributes
                0x0000085e       0x2d f:/psoc creator/4.4/psoc creator/import/gnu/arm/5.4.1/bin/../lib/gcc/arm-none-eabi/5.4.1/../../../../arm-none-eabi/lib/armv7-m\libg.a(lib_a-sprintf.o)
 .ARM.attributes
                0x0000088b       0x2d f:/psoc creator/4.4/psoc creator/import/gnu/arm/5.4.1/bin/../lib/gcc/arm-none-eabi/5.4.1/../../../../arm-none-eabi/lib/armv7-m\libg.a(lib_a-svfprintf.o)
 .ARM.attributes
                0x000008b8       0x2d f:/psoc creator/4.4/psoc creator/import/gnu/arm/5.4.1/bin/../lib/gcc/arm-none-eabi/5.4.1/../../../../arm-none-eabi/lib/armv7-m\libg.a(lib_a-__call_atexit.o)
 .ARM.attributes
                0x000008e5       0x2d f:/psoc creator/4.4/psoc creator/import/gnu/arm/5.4.1/bin/../lib/gcc/arm-none-eabi/5.4.1/../../../../arm-none-eabi/lib/armv7-m\libg.a(lib_a-atexit.o)
 .ARM.attributes
                0x00000912       0x2d f:/psoc creator/4.4/psoc creator/import/gnu/arm/5.4.1/bin/../lib/gcc/arm-none-eabi/5.4.1/../../../../arm-none-eabi/lib/armv7-m\libg.a(lib_a-dtoa.o)
 .ARM.attributes
                0x0000093f       0x2d f:/psoc creator/4.4/psoc creator/import/gnu/arm/5.4.1/bin/../lib/gcc/arm-none-eabi/5.4.1/../../../../arm-none-eabi/lib/armv7-m\libg.a(lib_a-fini.o)
 .ARM.attributes
                0x0000096c       0x2d f:/psoc creator/4.4/psoc creator/import/gnu/arm/5.4.1/bin/../lib/gcc/arm-none-eabi/5.4.1/../../../../arm-none-eabi/lib/armv7-m\libg.a(lib_a-locale.o)
 .ARM.attributes
                0x00000999       0x2d f:/psoc creator/4.4/psoc creator/import/gnu/arm/5.4.1/bin/../lib/gcc/arm-none-eabi/5.4.1/../../../../arm-none-eabi/lib/armv7-m\libg.a(lib_a-mallocr.o)
 .ARM.attributes
                0x000009c6       0x2d f:/psoc creator/4.4/psoc creator/import/gnu/arm/5.4.1/bin/../lib/gcc/arm-none-eabi/5.4.1/../../../../arm-none-eabi/lib/armv7-m\libg.a(lib_a-memchr-stub.o)
 .ARM.attributes
                0x000009f3       0x2d f:/psoc creator/4.4/psoc creator/import/gnu/arm/5.4.1/bin/../lib/gcc/arm-none-eabi/5.4.1/../../../../arm-none-eabi/lib/armv7-m\libg.a(lib_a-mlock.o)
 .ARM.attributes
                0x00000a20       0x2d f:/psoc creator/4.4/psoc creator/import/gnu/arm/5.4.1/bin/../lib/gcc/arm-none-eabi/5.4.1/../../../../arm-none-eabi/lib/armv7-m\libg.a(lib_a-mprec.o)
 .ARM.attributes
                0x00000a4d       0x2d f:/psoc creator/4.4/psoc creator/import/gnu/arm/5.4.1/bin/../lib/gcc/arm-none-eabi/5.4.1/../../../../arm-none-eabi/lib/armv7-m\libg.a(lib_a-sbrkr.o)
 .ARM.attributes
                0x00000a7a       0x1b f:/psoc creator/4.4/psoc creator/import/gnu/arm/5.4.1/bin/../lib/gcc/arm-none-eabi/5.4.1/../../../../arm-none-eabi/lib/armv7-m\libg.a(lib_a-strcmp.o)
 .ARM.attributes
                0x00000a95       0x2d f:/psoc creator/4.4/psoc creator/import/gnu/arm/5.4.1/bin/../lib/gcc/arm-none-eabi/5.4.1/../../../../arm-none-eabi/lib/armv7-m\libg.a(lib_a-strlen-stub.o)
 .ARM.attributes
                0x00000ac2       0x2d f:/psoc creator/4.4/psoc creator/import/gnu/arm/5.4.1/bin/../lib/gcc/arm-none-eabi/5.4.1/../../../../arm-none-eabi/lib/armv7-m\libg.a(lib_a-svfiprintf.o)
 .ARM.attributes
                0x00000aef       0x2d f:/psoc creator/4.4/psoc creator/import/gnu/arm/5.4.1/bin/../lib/gcc/arm-none-eabi/5.4.1/../../../../arm-none-eabi/lib/armv7-m\libg.a(lib_a-__atexit.o)
 .ARM.attributes
                0x00000b1c       0x2d f:/psoc creator/4.4/psoc creator/import/gnu/arm/5.4.1/bin/../lib/gcc/arm-none-eabi/5.4.1/../../../../arm-none-eabi/lib/armv7-m\libg.a(lib_a-callocr.o)
 .ARM.attributes
                0x00000b49       0x2d f:/psoc creator/4.4/psoc creator/import/gnu/arm/5.4.1/bin/../lib/gcc/arm-none-eabi/5.4.1/../../../../arm-none-eabi/lib/armv7-m\libg.a(lib_a-freer.o)
 .ARM.attributes
                0x00000b76       0x2d f:/psoc creator/4.4/psoc creator/import/gnu/arm/5.4.1/bin/../lib/gcc/arm-none-eabi/5.4.1/../../../../arm-none-eabi/lib/armv7-m\libg.a(lib_a-memmove.o)
 .ARM.attributes
                0x00000ba3       0x2d f:/psoc creator/4.4/psoc creator/import/gnu/arm/5.4.1/bin/../lib/gcc/arm-none-eabi/5.4.1/../../../../arm-none-eabi/lib/armv7-m\libg.a(lib_a-reallocr.o)
 .ARM.attributes
                0x00000bd0       0x2d f:/psoc creator/4.4/psoc creator/import/gnu/arm/5.4.1/bin/../lib/gcc/arm-none-eabi/5.4.1/../../../../arm-none-eabi/lib/armv7-m\libg.a(lib_a-reent.o)
 .ARM.attributes
                0x00000bfd       0x1d f:/psoc creator/4.4/psoc creator/import/gnu/arm/5.4.1/bin/../lib/gcc/arm-none-eabi/5.4.1/armv7-m\libgcc.a(_arm_cmpdf2.o)
 .ARM.attributes
                0x00000c1a       0x1d f:/psoc creator/4.4/psoc creator/import/gnu/arm/5.4.1/bin/../lib/gcc/arm-none-eabi/5.4.1/armv7-m\libgcc.a(_arm_unorddf2.o)
 .ARM.attributes
                0x00000c37       0x1d f:/psoc creator/4.4/psoc creator/import/gnu/arm/5.4.1/bin/../lib/gcc/arm-none-eabi/5.4.1/armv7-m\libgcc.a(_aeabi_uldivmod.o)
 .ARM.attributes
                0x00000c54       0x2d f:/psoc creator/4.4/psoc creator/import/gnu/arm/5.4.1/bin/../lib/gcc/arm-none-eabi/5.4.1/armv7-m/crtend.o
 .ARM.attributes
                0x00000c81       0x1d f:/psoc creator/4.4/psoc creator/import/gnu/arm/5.4.1/bin/../lib/gcc/arm-none-eabi/5.4.1/armv7-m/crtn.o

/DISCARD/
 *(.note.GNU-stack)
OUTPUT(F:\Downloads\SLED\Workspace01\Interface1.cydsn\CortexM3\ARM_GCC_541\Debug\Interface1.elf elf32-littlearm)
